Archive member included to satisfy reference by file (symbol)

c:/st/stm32cubeide_1.7.0/stm32cubeide/plugins/com.st.stm32cube.ide.mcu.externaltools.gnu-tools-for-stm32.9-2020-q2-update.win32_2.0.0.202105311346/tools/bin/../lib/gcc/arm-none-eabi/9.3.1/../../../../arm-none-eabi/lib/thumb/v7e-m+fp/hard\libc_nano.a(lib_a-errno.o)
                              ./Core/Src/syscalls.o (__errno)
c:/st/stm32cubeide_1.7.0/stm32cubeide/plugins/com.st.stm32cube.ide.mcu.externaltools.gnu-tools-for-stm32.9-2020-q2-update.win32_2.0.0.202105311346/tools/bin/../lib/gcc/arm-none-eabi/9.3.1/../../../../arm-none-eabi/lib/thumb/v7e-m+fp/hard\libc_nano.a(lib_a-exit.o)
                              c:/st/stm32cubeide_1.7.0/stm32cubeide/plugins/com.st.stm32cube.ide.mcu.externaltools.gnu-tools-for-stm32.9-2020-q2-update.win32_2.0.0.202105311346/tools/bin/../lib/gcc/arm-none-eabi/9.3.1/../../../../arm-none-eabi/lib/thumb/v7e-m+fp/hard/crt0.o (exit)
c:/st/stm32cubeide_1.7.0/stm32cubeide/plugins/com.st.stm32cube.ide.mcu.externaltools.gnu-tools-for-stm32.9-2020-q2-update.win32_2.0.0.202105311346/tools/bin/../lib/gcc/arm-none-eabi/9.3.1/../../../../arm-none-eabi/lib/thumb/v7e-m+fp/hard\libc_nano.a(lib_a-impure.o)
                              c:/st/stm32cubeide_1.7.0/stm32cubeide/plugins/com.st.stm32cube.ide.mcu.externaltools.gnu-tools-for-stm32.9-2020-q2-update.win32_2.0.0.202105311346/tools/bin/../lib/gcc/arm-none-eabi/9.3.1/../../../../arm-none-eabi/lib/thumb/v7e-m+fp/hard\libc_nano.a(lib_a-exit.o) (_global_impure_ptr)
c:/st/stm32cubeide_1.7.0/stm32cubeide/plugins/com.st.stm32cube.ide.mcu.externaltools.gnu-tools-for-stm32.9-2020-q2-update.win32_2.0.0.202105311346/tools/bin/../lib/gcc/arm-none-eabi/9.3.1/../../../../arm-none-eabi/lib/thumb/v7e-m+fp/hard\libc_nano.a(lib_a-init.o)
                              c:/st/stm32cubeide_1.7.0/stm32cubeide/plugins/com.st.stm32cube.ide.mcu.externaltools.gnu-tools-for-stm32.9-2020-q2-update.win32_2.0.0.202105311346/tools/bin/../lib/gcc/arm-none-eabi/9.3.1/../../../../arm-none-eabi/lib/thumb/v7e-m+fp/hard/crt0.o (__libc_init_array)
c:/st/stm32cubeide_1.7.0/stm32cubeide/plugins/com.st.stm32cube.ide.mcu.externaltools.gnu-tools-for-stm32.9-2020-q2-update.win32_2.0.0.202105311346/tools/bin/../lib/gcc/arm-none-eabi/9.3.1/../../../../arm-none-eabi/lib/thumb/v7e-m+fp/hard\libc_nano.a(lib_a-memset.o)
                              c:/st/stm32cubeide_1.7.0/stm32cubeide/plugins/com.st.stm32cube.ide.mcu.externaltools.gnu-tools-for-stm32.9-2020-q2-update.win32_2.0.0.202105311346/tools/bin/../lib/gcc/arm-none-eabi/9.3.1/../../../../arm-none-eabi/lib/thumb/v7e-m+fp/hard/crt0.o (memset)
c:/st/stm32cubeide_1.7.0/stm32cubeide/plugins/com.st.stm32cube.ide.mcu.externaltools.gnu-tools-for-stm32.9-2020-q2-update.win32_2.0.0.202105311346/tools/bin/../lib/gcc/arm-none-eabi/9.3.1/thumb/v7e-m+fp/hard\libgcc.a(_arm_muldf3.o)
                              ./Core/Src/stepper.o (__aeabi_dmul)
c:/st/stm32cubeide_1.7.0/stm32cubeide/plugins/com.st.stm32cube.ide.mcu.externaltools.gnu-tools-for-stm32.9-2020-q2-update.win32_2.0.0.202105311346/tools/bin/../lib/gcc/arm-none-eabi/9.3.1/thumb/v7e-m+fp/hard\libgcc.a(_arm_addsubdf3.o)
                              ./Core/Src/stepper.o (__aeabi_ui2d)
c:/st/stm32cubeide_1.7.0/stm32cubeide/plugins/com.st.stm32cube.ide.mcu.externaltools.gnu-tools-for-stm32.9-2020-q2-update.win32_2.0.0.202105311346/tools/bin/../lib/gcc/arm-none-eabi/9.3.1/thumb/v7e-m+fp/hard\libgcc.a(_arm_muldivdf3.o)
                              ./Core/Src/stepper.o (__aeabi_ddiv)
c:/st/stm32cubeide_1.7.0/stm32cubeide/plugins/com.st.stm32cube.ide.mcu.externaltools.gnu-tools-for-stm32.9-2020-q2-update.win32_2.0.0.202105311346/tools/bin/../lib/gcc/arm-none-eabi/9.3.1/thumb/v7e-m+fp/hard\libgcc.a(_arm_fixunsdfsi.o)
                              ./Core/Src/stepper.o (__aeabi_d2uiz)
c:/st/stm32cubeide_1.7.0/stm32cubeide/plugins/com.st.stm32cube.ide.mcu.externaltools.gnu-tools-for-stm32.9-2020-q2-update.win32_2.0.0.202105311346/tools/bin/../lib/gcc/arm-none-eabi/9.3.1/thumb/v7e-m+fp/hard\libgcc.a(_aeabi_uldivmod.o)
                              ./Drivers/STM32L4xx_HAL_Driver/Src/stm32l4xx_hal_uart.o (__aeabi_uldivmod)
c:/st/stm32cubeide_1.7.0/stm32cubeide/plugins/com.st.stm32cube.ide.mcu.externaltools.gnu-tools-for-stm32.9-2020-q2-update.win32_2.0.0.202105311346/tools/bin/../lib/gcc/arm-none-eabi/9.3.1/thumb/v7e-m+fp/hard\libgcc.a(_udivmoddi4.o)
                              c:/st/stm32cubeide_1.7.0/stm32cubeide/plugins/com.st.stm32cube.ide.mcu.externaltools.gnu-tools-for-stm32.9-2020-q2-update.win32_2.0.0.202105311346/tools/bin/../lib/gcc/arm-none-eabi/9.3.1/thumb/v7e-m+fp/hard\libgcc.a(_aeabi_uldivmod.o) (__udivmoddi4)
c:/st/stm32cubeide_1.7.0/stm32cubeide/plugins/com.st.stm32cube.ide.mcu.externaltools.gnu-tools-for-stm32.9-2020-q2-update.win32_2.0.0.202105311346/tools/bin/../lib/gcc/arm-none-eabi/9.3.1/thumb/v7e-m+fp/hard\libgcc.a(_dvmd_tls.o)
[...]
Memory Configuration

Name             Origin             Length             Attributes
RAM              0x0000000020000000 0x0000000000028000 xrw
FLASH            0x0000000008000000 0x0000000000080000 xr
*default*        0x0000000000000000 0xffffffffffffffff

Linker script and memory map

LOAD c:/st/stm32cubeide_1.7.0/stm32cubeide/plugins/com.st.stm32cube.ide.mcu.externaltools.gnu-tools-for-stm32.9-2020-q2-update.win32_2.0.0.202105311346/tools/bin/../lib/gcc/arm-none-eabi/9.3.1/thumb/v7e-m+fp/hard/crti.o
LOAD c:/st/stm32cubeide_1.7.0/stm32cubeide/plugins/com.st.stm32cube.ide.mcu.externaltools.gnu-tools-for-stm32.9-2020-q2-update.win32_2.0.0.202105311346/tools/bin/../lib/gcc/arm-none-eabi/9.3.1/thumb/v7e-m+fp/hard/crtbegin.o
LOAD c:/st/stm32cubeide_1.7.0/stm32cubeide/plugins/com.st.stm32cube.ide.mcu.externaltools.gnu-tools-for-stm32.9-2020-q2-update.win32_2.0.0.202105311346/tools/bin/../lib/gcc/arm-none-eabi/9.3.1/../../../../arm-none-eabi/lib/thumb/v7e-m+fp/hard/crt0.o
LOAD ./Core/Src/L298_dc.o
LOAD ./Core/Src/ST7920_SERIAL.o
LOAD ./Core/Src/delay.o
LOAD ./Core/Src/encoder.o
LOAD ./Core/Src/filament_cutter.o
LOAD ./Core/Src/gpio.o
LOAD ./Core/Src/lptim.o
LOAD ./Core/Src/main.o
LOAD ./Core/Src/menu_LCD.o
LOAD ./Core/Src/stepper.o
LOAD ./Core/Src/stm32l4xx_hal_msp.o
LOAD ./Core/Src/stm32l4xx_it.o
LOAD ./Core/Src/syscalls.o
LOAD ./Core/Src/sysmem.o
LOAD ./Core/Src/system_stm32l4xx.o
LOAD ./Core/Src/tim.o
LOAD ./Core/Src/usart.o
LOAD ./Core/Startup/startup_stm32l452retx.o
LOAD ./Drivers/STM32L4xx_HAL_Driver/Src/stm32l4xx_hal.o
LOAD ./Drivers/STM32L4xx_HAL_Driver/Src/stm32l4xx_hal_cortex.o
LOAD ./Drivers/STM32L4xx_HAL_Driver/Src/stm32l4xx_hal_dma.o
LOAD ./Drivers/STM32L4xx_HAL_Driver/Src/stm32l4xx_hal_dma_ex.o
LOAD ./Drivers/STM32L4xx_HAL_Driver/Src/stm32l4xx_hal_exti.o
LOAD ./Drivers/STM32L4xx_HAL_Driver/Src/stm32l4xx_hal_flash.o
LOAD ./Drivers/STM32L4xx_HAL_Driver/Src/stm32l4xx_hal_flash_ex.o
LOAD ./Drivers/STM32L4xx_HAL_Driver/Src/stm32l4xx_hal_flash_ramfunc.o
LOAD ./Drivers/STM32L4xx_HAL_Driver/Src/stm32l4xx_hal_gpio.o
LOAD ./Drivers/STM32L4xx_HAL_Driver/Src/stm32l4xx_hal_i2c.o
LOAD ./Drivers/STM32L4xx_HAL_Driver/Src/stm32l4xx_hal_i2c_ex.o
LOAD ./Drivers/STM32L4xx_HAL_Driver/Src/stm32l4xx_hal_lptim.o
LOAD ./Drivers/STM32L4xx_HAL_Driver/Src/stm32l4xx_hal_pwr.o
LOAD ./Drivers/STM32L4xx_HAL_Driver/Src/stm32l4xx_hal_pwr_ex.o
LOAD ./Drivers/STM32L4xx_HAL_Driver/Src/stm32l4xx_hal_rcc.o
LOAD ./Drivers/STM32L4xx_HAL_Driver/Src/stm32l4xx_hal_rcc_ex.o
LOAD ./Drivers/STM32L4xx_HAL_Driver/Src/stm32l4xx_hal_tim.o
LOAD ./Drivers/STM32L4xx_HAL_Driver/Src/stm32l4xx_hal_tim_ex.o
LOAD ./Drivers/STM32L4xx_HAL_Driver/Src/stm32l4xx_hal_uart.o
LOAD ./Drivers/STM32L4xx_HAL_Driver/Src/stm32l4xx_hal_uart_ex.o
START GROUP
LOAD c:/st/stm32cubeide_1.7.0/stm32cubeide/plugins/com.st.stm32cube.ide.mcu.externaltools.gnu-tools-for-stm32.9-2020-q2-update.win32_2.0.0.202105311346/tools/bin/../lib/gcc/arm-none-eabi/9.3.1/../../../../arm-none-eabi/lib/thumb/v7e-m+fp/hard\libc_nano.a
LOAD c:/st/stm32cubeide_1.7.0/stm32cubeide/plugins/com.st.stm32cube.ide.mcu.externaltools.gnu-tools-for-stm32.9-2020-q2-update.win32_2.0.0.202105311346/tools/bin/../lib/gcc/arm-none-eabi/9.3.1/../../../../arm-none-eabi/lib/thumb/v7e-m+fp/hard\libm.a
END GROUP
START GROUP
LOAD c:/st/stm32cubeide_1.7.0/stm32cubeide/plugins/com.st.stm32cube.ide.mcu.externaltools.gnu-tools-for-stm32.9-2020-q2-update.win32_2.0.0.202105311346/tools/bin/../lib/gcc/arm-none-eabi/9.3.1/thumb/v7e-m+fp/hard\libgcc.a
LOAD c:/st/stm32cubeide_1.7.0/stm32cubeide/plugins/com.st.stm32cube.ide.mcu.externaltools.gnu-tools-for-stm32.9-2020-q2-update.win32_2.0.0.202105311346/tools/bin/../lib/gcc/arm-none-eabi/9.3.1/../../../../arm-none-eabi/lib/thumb/v7e-m+fp/hard\libc_nano.a
END GROUP
START GROUP
LOAD c:/st/stm32cubeide_1.7.0/stm32cubeide/plugins/com.st.stm32cube.ide.mcu.externaltools.gnu-tools-for-stm32.9-2020-q2-update.win32_2.0.0.202105311346/tools/bin/../lib/gcc/arm-none-eabi/9.3.1/thumb/v7e-m+fp/hard\libgcc.a
LOAD c:/st/stm32cubeide_1.7.0/stm32cubeide/plugins/com.st.stm32cube.ide.mcu.externaltools.gnu-tools-for-stm32.9-2020-q2-update.win32_2.0.0.202105311346/tools/bin/../lib/gcc/arm-none-eabi/9.3.1/../../../../arm-none-eabi/lib/thumb/v7e-m+fp/hard\libc_nano.a
LOAD c:/st/stm32cubeide_1.7.0/stm32cubeide/plugins/com.st.stm32cube.ide.mcu.externaltools.gnu-tools-for-stm32.9-2020-q2-update.win32_2.0.0.202105311346/tools/bin/../lib/gcc/arm-none-eabi/9.3.1/../../../../arm-none-eabi/lib/thumb/v7e-m+fp/hard\libnosys.a
END GROUP
START GROUP
LOAD c:/st/stm32cubeide_1.7.0/stm32cubeide/plugins/com.st.stm32cube.ide.mcu.externaltools.gnu-tools-for-stm32.9-2020-q2-update.win32_2.0.0.202105311346/tools/bin/../lib/gcc/arm-none-eabi/9.3.1/thumb/v7e-m+fp/hard\libgcc.a
LOAD c:/st/stm32cubeide_1.7.0/stm32cubeide/plugins/com.st.stm32cube.ide.mcu.externaltools.gnu-tools-for-stm32.9-2020-q2-update.win32_2.0.0.202105311346/tools/bin/../lib/gcc/arm-none-eabi/9.3.1/../../../../arm-none-eabi/lib/thumb/v7e-m+fp/hard\libc_nano.a
LOAD c:/st/stm32cubeide_1.7.0/stm32cubeide/plugins/com.st.stm32cube.ide.mcu.externaltools.gnu-tools-for-stm32.9-2020-q2-update.win32_2.0.0.202105311346/tools/bin/../lib/gcc/arm-none-eabi/9.3.1/../../../../arm-none-eabi/lib/thumb/v7e-m+fp/hard\libnosys.a
END GROUP
LOAD c:/st/stm32cubeide_1.7.0/stm32cubeide/plugins/com.st.stm32cube.ide.mcu.externaltools.gnu-tools-for-stm32.9-2020-q2-update.win32_2.0.0.202105311346/tools/bin/../lib/gcc/arm-none-eabi/9.3.1/thumb/v7e-m+fp/hard/crtend.o
LOAD c:/st/stm32cubeide_1.7.0/stm32cubeide/plugins/com.st.stm32cube.ide.mcu.externaltools.gnu-tools-for-stm32.9-2020-q2-update.win32_2.0.0.202105311346/tools/bin/../lib/gcc/arm-none-eabi/9.3.1/thumb/v7e-m+fp/hard/crtn.o
                0x0000000020028000                _estack = (ORIGIN (RAM) + LENGTH (RAM))
                0x0000000000000200                _Min_Heap_Size = 0x200
                0x0000000000000400                _Min_Stack_Size = 0x400

.isr_vector     0x0000000008000000      0x194
                0x0000000008000000                . = ALIGN (0x4)
 *(.isr_vector)
 .isr_vector    0x0000000008000000      0x194 ./Core/Startup/startup_stm32l452retx.o
                0x0000000008000000                g_pfnVectors
                0x0000000008000194                . = ALIGN (0x4)

.text           0x0000000008000198     0x74c0
                0x0000000008000198                . = ALIGN (0x4)
 *(.text)
 .text          0x0000000008000198       0x40 c:/st/stm32cubeide_1.7.0/stm32cubeide/plugins/com.st.stm32cube.ide.mcu.externaltools.gnu-tools-for-stm32.9-2020-q2-update.win32_2.0.0.202105311346/tools/bin/../lib/gcc/arm-none-eabi/9.3.1/thumb/v7e-m+fp/hard/crtbegin.o
 .text          0x00000000080001d8      0x378 c:/st/stm32cubeide_1.7.0/stm32cubeide/plugins/com.st.stm32cube.ide.mcu.externaltools.gnu-tools-for-stm32.9-2020-q2-update.win32_2.0.0.202105311346/tools/bin/../lib/gcc/arm-none-eabi/9.3.1/thumb/v7e-m+fp/hard\libgcc.a(_arm_addsubdf3.o)
                0x00000000080001d8                __aeabi_drsub
                0x00000000080001e0                __aeabi_dsub
                0x00000000080001e0                __subdf3
                0x00000000080001e4                __aeabi_dadd
                0x00000000080001e4                __adddf3
                0x000000000800045c                __floatunsidf
                0x000000000800045c                __aeabi_ui2d
                0x000000000800047c                __floatsidf
                0x000000000800047c                __aeabi_i2d
                0x00000000080004a0                __aeabi_f2d
                0x00000000080004a0                __extendsfdf2
                0x00000000080004e4                __floatundidf
                0x00000000080004e4                __aeabi_ul2d
                0x00000000080004f4                __floatdidf
                0x00000000080004f4                __aeabi_l2d
 .text          0x0000000008000550      0x424 c:/st/stm32cubeide_1.7.0/stm32cubeide/plugins/com.st.stm32cube.ide.mcu.externaltools.gnu-tools-for-stm32.9-2020-q2-update.win32_2.0.0.202105311346/tools/bin/../lib/gcc/arm-none-eabi/9.3.1/thumb/v7e-m+fp/hard\libgcc.a(_arm_muldivdf3.o)
                0x0000000008000550                __aeabi_dmul
                0x0000000008000550                __muldf3
                0x00000000080007a4                __divdf3
                0x00000000080007a4                __aeabi_ddiv
 .text          0x0000000008000974       0x40 c:/st/stm32cubeide_1.7.0/stm32cubeide/plugins/com.st.stm32cube.ide.mcu.externaltools.gnu-tools-for-stm32.9-2020-q2-update.win32_2.0.0.202105311346/tools/bin/../lib/gcc/arm-none-eabi/9.3.1/thumb/v7e-m+fp/hard\libgcc.a(_arm_fixunsdfsi.o)
                0x0000000008000974                __aeabi_d2uiz
                0x0000000008000974                __fixunsdfsi
 .text          0x00000000080009b4       0x30 c:/st/stm32cubeide_1.7.0/stm32cubeide/plugins/com.st.stm32cube.ide.mcu.externaltools.gnu-tools-for-stm32.9-2020-q2-update.win32_2.0.0.202105311346/tools/bin/../lib/gcc/arm-none-eabi/9.3.1/thumb/v7e-m+fp/hard\libgcc.a(_aeabi_uldivmod.o)
                0x00000000080009b4                __aeabi_uldivmod
 .text          0x00000000080009e4      0x2c4 c:/st/stm32cubeide_1.7.0/stm32cubeide/plugins/com.st.stm32cube.ide.mcu.externaltools.gnu-tools-for-stm32.9-2020-q2-update.win32_2.0.0.202105311346/tools/bin/../lib/gcc/arm-none-eabi/9.3.1/thumb/v7e-m+fp/hard\libgcc.a(_udivmoddi4.o)
                0x00000000080009e4                __udivmoddi4
 .text          0x0000000008000ca8        0x4 c:/st/stm32cubeide_1.7.0/stm32cubeide/plugins/com.st.stm32cube.ide.mcu.externaltools.gnu-tools-for-stm32.9-2020-q2-update.win32_2.0.0.202105311346/tools/bin/../lib/gcc/arm-none-eabi/9.3.1/thumb/v7e-m+fp/hard\libgcc.a(_dvmd_tls.o)
                0x0000000008000ca8                __aeabi_idiv0
                0x0000000008000ca8                __aeabi_ldiv0
 *(.text*)
 .text.DC_motor_encoder_Init
                0x0000000008000cac       0x32 ./Core/Src/L298_dc.o
                0x0000000008000cac                DC_motor_encoder_Init
 .text.DC_motor_Init
                0x0000000008000cde       0x46 ./Core/Src/L298_dc.o
                0x0000000008000cde                DC_motor_Init
 .text.DC_set_speed
                0x0000000008000d24       0x9a ./Core/Src/L298_dc.o
                0x0000000008000d24                DC_set_speed
 .text.DC_set_direction
                0x0000000008000dbe       0x64 ./Core/Src/L298_dc.o
                0x0000000008000dbe                DC_set_direction
 .text.DC_rotate
                0x0000000008000e22       0x3c ./Core/Src/L298_dc.o
                0x0000000008000e22                DC_rotate
 .text.DC_stop  0x0000000008000e5e       0x9e ./Core/Src/L298_dc.o
                0x0000000008000e5e                DC_stop
 .text.DC_set_angle
                0x0000000008000efc       0x6c ./Core/Src/L298_dc.o
                0x0000000008000efc                DC_set_angle
 .text.SendByteSPI
                0x0000000008000f68       0x64 ./Core/Src/ST7920_SERIAL.o
                0x0000000008000f68                SendByteSPI
 .text.ST7920_SendCmd
                0x0000000008000fcc       0x50 ./Core/Src/ST7920_SERIAL.o
                0x0000000008000fcc                ST7920_SendCmd
 .text.ST7920_SendData
                0x000000000800101c       0x50 ./Core/Src/ST7920_SERIAL.o
                0x000000000800101c                ST7920_SendData
 .text.ST7920_SendString
                0x000000000800106c       0x88 ./Core/Src/ST7920_SERIAL.o
                0x000000000800106c                ST7920_SendString
 .text.ST7920_GraphicMode
                0x00000000080010f4       0x60 ./Core/Src/ST7920_SERIAL.o
                0x00000000080010f4                ST7920_GraphicMode
 .text.ST7920_DrawBitmap
                0x0000000008001154       0xf4 ./Core/Src/ST7920_SERIAL.o
                0x0000000008001154                ST7920_DrawBitmap
 .text.ST7920_Update
                0x0000000008001248       0x14 ./Core/Src/ST7920_SERIAL.o
                0x0000000008001248                ST7920_Update
 .text.ST7920_Clear
                0x000000000800125c       0xa0 ./Core/Src/ST7920_SERIAL.o
                0x000000000800125c                ST7920_Clear
 .text.ST7920_Init
                0x00000000080012fc       0x80 ./Core/Src/ST7920_SERIAL.o
                0x00000000080012fc                ST7920_Init
 .text.SetPixel
                0x000000000800137c       0xd4 ./Core/Src/ST7920_SERIAL.o
                0x000000000800137c                SetPixel
 .text.DrawLine
                0x0000000008001450       0xde ./Core/Src/ST7920_SERIAL.o
                0x0000000008001450                DrawLine
 *fill*         0x000000000800152e        0x2 
 .text.DrawRectangle
                0x0000000008001530      0x114 ./Core/Src/ST7920_SERIAL.o
                0x0000000008001530                DrawRectangle
 .text.DrawFilledRectangle
                0x0000000008001644       0xbc ./Core/Src/ST7920_SERIAL.o
                0x0000000008001644                DrawFilledRectangle
 .text.delay_init
                0x0000000008001700       0x14 ./Core/Src/delay.o
                0x0000000008001700                delay_init
 .text.delay_us
                0x0000000008001714       0x34 ./Core/Src/delay.o
                0x0000000008001714                delay_us
 .text.encoder_init
                0x0000000008001748       0x5c ./Core/Src/encoder.o
                0x0000000008001748                encoder_init
 .text.enc_get_counter
                0x00000000080017a4       0x18 ./Core/Src/encoder.o
                0x00000000080017a4                enc_get_counter
 .text.ENC_Button_RegisterPressCallback
                0x00000000080017bc       0x20 ./Core/Src/encoder.o
                0x00000000080017bc                ENC_Button_RegisterPressCallback
 .text.ENC_Button_DebounceRoutine
                0x00000000080017dc       0x58 ./Core/Src/encoder.o
                0x00000000080017dc                ENC_Button_DebounceRoutine
 .text.ENC_Button_IdleRoutine
                0x0000000008001834       0x30 ./Core/Src/encoder.o
                0x0000000008001834                ENC_Button_IdleRoutine
 .text.ENC_Button_PressedRoutine
                0x0000000008001864       0x24 ./Core/Src/encoder.o
                0x0000000008001864                ENC_Button_PressedRoutine
 .text.ENC_Button_Action
                0x0000000008001888       0x40 ./Core/Src/encoder.o
                0x0000000008001888                ENC_Button_Action
 .text.ENC_Button_PressedTask
                0x00000000080018c8      0x170 ./Core/Src/encoder.o
                0x00000000080018c8                ENC_Button_PressedTask
 .text.Filament_Cutter_Init
                0x0000000008001a38       0x5c ./Core/Src/filament_cutter.o
                0x0000000008001a38                Filament_Cutter_Init
 .text.motors_update
                0x0000000008001a94       0x4c ./Core/Src/filament_cutter.o
                0x0000000008001a94                motors_update
 .text.MX_GPIO_Init
                0x0000000008001ae0      0x114 ./Core/Src/gpio.o
                0x0000000008001ae0                MX_GPIO_Init
 .text.MX_LPTIM1_Init
                0x0000000008001bf4       0x68 ./Core/Src/lptim.o
                0x0000000008001bf4                MX_LPTIM1_Init
 .text.HAL_LPTIM_MspInit
                0x0000000008001c5c       0xcc ./Core/Src/lptim.o
                0x0000000008001c5c                HAL_LPTIM_MspInit
 .text.main     0x0000000008001d28       0xc0 ./Core/Src/main.o
                0x0000000008001d28                main
 .text.SystemClock_Config
                0x0000000008001de8       0xa2 ./Core/Src/main.o
                0x0000000008001de8                SystemClock_Config
 *fill*         0x0000000008001e8a        0x2 
 .text.HAL_LPTIM_AutoReloadMatchCallback
                0x0000000008001e8c       0x30 ./Core/Src/main.o
                0x0000000008001e8c                HAL_LPTIM_AutoReloadMatchCallback
 .text.HAL_TIM_PeriodElapsedCallback
                0x0000000008001ebc       0x4c ./Core/Src/main.o
                0x0000000008001ebc                HAL_TIM_PeriodElapsedCallback
 .text.Error_Handler
                0x0000000008001f08        0xa ./Core/Src/main.o
                0x0000000008001f08                Error_Handler
 *fill*         0x0000000008001f12        0x2 
 .text.update_first_layer
                0x0000000008001f14       0xc8 ./Core/Src/menu_LCD.o
                0x0000000008001f14                update_first_layer
 .text.update_second_layer
                0x0000000008001fdc      0x15c ./Core/Src/menu_LCD.o
                0x0000000008001fdc                update_second_layer
 .text.update_third_layer
                0x0000000008002138      0x164 ./Core/Src/menu_LCD.o
                0x0000000008002138                update_third_layer
 .text.menu_update
                0x000000000800229c       0x44 ./Core/Src/menu_LCD.o
                0x000000000800229c                menu_update
 .text.Init_menu
                0x00000000080022e0       0x40 ./Core/Src/menu_LCD.o
                0x00000000080022e0                Init_menu
 .text.update_enc
                0x0000000008002320      0x206 ./Core/Src/menu_LCD.o
                0x0000000008002320                update_enc
 *fill*         0x0000000008002526        0x2 
 .text.default_screen
                0x0000000008002528       0x60 ./Core/Src/menu_LCD.o
                0x0000000008002528                default_screen
 .text.settings_screen
                0x0000000008002588       0x50 ./Core/Src/menu_LCD.o
                0x0000000008002588                settings_screen
 .text.diameter_screen
                0x00000000080025d8       0x24 ./Core/Src/menu_LCD.o
                0x00000000080025d8                diameter_screen
 .text.density_screen
                0x00000000080025fc       0x34 ./Core/Src/menu_LCD.o
                0x00000000080025fc                density_screen
 .text.stepper_init
                0x0000000008002630       0x38 ./Core/Src/stepper.o
                0x0000000008002630                stepper_init
 .text.stepper_stop
                0x0000000008002668       0x9e ./Core/Src/stepper.o
                0x0000000008002668                stepper_stop
 .text.stepper_set_dir
                0x0000000008002706       0x44 ./Core/Src/stepper.o
                0x0000000008002706                stepper_set_dir
 *fill*         0x000000000800274a        0x2 
 .text.stepper_set_speed
                0x000000000800274c      0x100 ./Core/Src/stepper.o
                0x000000000800274c                stepper_set_speed
 .text.stepper_set_angle
                0x000000000800284c       0xa4 ./Core/Src/stepper.o
                0x000000000800284c                stepper_set_angle
 .text.stepper_meters_to_rotations
                0x00000000080028f0       0x58 ./Core/Src/stepper.o
                0x00000000080028f0                stepper_meters_to_rotations
 .text.stepper_grams_to_meters
                0x0000000008002948       0xa0 ./Core/Src/stepper.o
                0x0000000008002948                stepper_grams_to_meters
 .text.stepper_extrude_weight
                0x00000000080029e8       0x50 ./Core/Src/stepper.o
                0x00000000080029e8                stepper_extrude_weight
 .text.HAL_MspInit
                0x0000000008002a38       0x48 ./Core/Src/stm32l4xx_hal_msp.o
                0x0000000008002a38                HAL_MspInit
 .text.NMI_Handler
                0x0000000008002a80        0x6 ./Core/Src/stm32l4xx_it.o
                0x0000000008002a80                NMI_Handler
 .text.HardFault_Handler
                0x0000000008002a86        0x6 ./Core/Src/stm32l4xx_it.o
                0x0000000008002a86                HardFault_Handler
 .text.MemManage_Handler
                0x0000000008002a8c        0x6 ./Core/Src/stm32l4xx_it.o
                0x0000000008002a8c                MemManage_Handler
 .text.BusFault_Handler
                0x0000000008002a92        0x6 ./Core/Src/stm32l4xx_it.o
                0x0000000008002a92                BusFault_Handler
 .text.UsageFault_Handler
                0x0000000008002a98        0x6 ./Core/Src/stm32l4xx_it.o
                0x0000000008002a98                UsageFault_Handler
 .text.SVC_Handler
                0x0000000008002a9e        0xe ./Core/Src/stm32l4xx_it.o
                0x0000000008002a9e                SVC_Handler
 .text.DebugMon_Handler
                0x0000000008002aac        0xe ./Core/Src/stm32l4xx_it.o
                0x0000000008002aac                DebugMon_Handler
 .text.PendSV_Handler
                0x0000000008002aba        0xe ./Core/Src/stm32l4xx_it.o
                0x0000000008002aba                PendSV_Handler
 .text.SysTick_Handler
                0x0000000008002ac8        0xc ./Core/Src/stm32l4xx_it.o
                0x0000000008002ac8                SysTick_Handler
 .text.TIM1_BRK_TIM15_IRQHandler
                0x0000000008002ad4       0x14 ./Core/Src/stm32l4xx_it.o
                0x0000000008002ad4                TIM1_BRK_TIM15_IRQHandler
 .text.TIM1_UP_TIM16_IRQHandler
                0x0000000008002ae8       0x1c ./Core/Src/stm32l4xx_it.o
                0x0000000008002ae8                TIM1_UP_TIM16_IRQHandler
 .text.TIM1_CC_IRQHandler
                0x0000000008002b04       0x14 ./Core/Src/stm32l4xx_it.o
                0x0000000008002b04                TIM1_CC_IRQHandler
 .text.TIM2_IRQHandler
                0x0000000008002b18       0x14 ./Core/Src/stm32l4xx_it.o
                0x0000000008002b18                TIM2_IRQHandler
 .text.LPTIM1_IRQHandler
                0x0000000008002b2c       0x14 ./Core/Src/stm32l4xx_it.o
                0x0000000008002b2c                LPTIM1_IRQHandler
 .text.SystemInit
                0x0000000008002b40       0x64 ./Core/Src/system_stm32l4xx.o
                0x0000000008002b40                SystemInit
 .text.MX_TIM1_Init
                0x0000000008002ba4      0x15c ./Core/Src/tim.o
                0x0000000008002ba4                MX_TIM1_Init
 .text.MX_TIM2_Init
                0x0000000008002d00       0xa0 ./Core/Src/tim.o
                0x0000000008002d00                MX_TIM2_Init
 .text.MX_TIM3_Init
                0x0000000008002da0       0xac ./Core/Src/tim.o
                0x0000000008002da0                MX_TIM3_Init
 .text.MX_TIM6_Init
                0x0000000008002e4c       0x6c ./Core/Src/tim.o
                0x0000000008002e4c                MX_TIM6_Init
 .text.MX_TIM16_Init
                0x0000000008002eb8       0xf0 ./Core/Src/tim.o
                0x0000000008002eb8                MX_TIM16_Init
 .text.HAL_TIM_Base_MspInit
                0x0000000008002fa8      0x100 ./Core/Src/tim.o
                0x0000000008002fa8                HAL_TIM_Base_MspInit
 .text.HAL_TIM_Encoder_MspInit
                0x00000000080030a8       0x84 ./Core/Src/tim.o
                0x00000000080030a8                HAL_TIM_Encoder_MspInit
 .text.HAL_TIM_MspPostInit
                0x000000000800312c       0xbc ./Core/Src/tim.o
                0x000000000800312c                HAL_TIM_MspPostInit
 .text.MX_USART2_UART_Init
                0x00000000080031e8       0x60 ./Core/Src/usart.o
                0x00000000080031e8                MX_USART2_UART_Init
 .text.HAL_UART_MspInit
                0x0000000008003248       0xb8 ./Core/Src/usart.o
                0x0000000008003248                HAL_UART_MspInit
 .text.Reset_Handler
                0x0000000008003300       0x50 ./Core/Startup/startup_stm32l452retx.o
                0x0000000008003300                Reset_Handler
 .text.Default_Handler
                0x0000000008003350        0x2 ./Core/Startup/startup_stm32l452retx.o
                0x0000000008003350                RTC_Alarm_IRQHandler
                0x0000000008003350                EXTI2_IRQHandler
                0x0000000008003350                TSC_IRQHandler
                0x0000000008003350                TAMP_STAMP_IRQHandler
                0x0000000008003350                EXTI3_IRQHandler
                0x0000000008003350                LPTIM2_IRQHandler
                0x0000000008003350                DFSDM1_FLT1_IRQHandler
                0x0000000008003350                I2C3_ER_IRQHandler
                0x0000000008003350                EXTI0_IRQHandler
                0x0000000008003350                I2C2_EV_IRQHandler
                0x0000000008003350                CAN1_RX0_IRQHandler
                0x0000000008003350                FPU_IRQHandler
                0x0000000008003350                SPI1_IRQHandler
                0x0000000008003350                TIM6_DAC_IRQHandler
                0x0000000008003350                DMA2_Channel2_IRQHandler
                0x0000000008003350                DMA1_Channel4_IRQHandler
                0x0000000008003350                ADC1_IRQHandler
                0x0000000008003350                USART3_IRQHandler
                0x0000000008003350                DMA1_Channel7_IRQHandler
                0x0000000008003350                CAN1_RX1_IRQHandler
                0x0000000008003350                DMA2_Channel1_IRQHandler
                0x0000000008003350                QUADSPI_IRQHandler
                0x0000000008003350                I2C1_EV_IRQHandler
                0x0000000008003350                DMA1_Channel6_IRQHandler
                0x0000000008003350                UART4_IRQHandler
                0x0000000008003350                DMA2_Channel4_IRQHandler
                0x0000000008003350                TIM3_IRQHandler
                0x0000000008003350                RCC_IRQHandler
                0x0000000008003350                TIM1_TRG_COM_IRQHandler
                0x0000000008003350                DMA1_Channel1_IRQHandler
                0x0000000008003350                Default_Handler
                0x0000000008003350                DMA2_Channel7_IRQHandler
                0x0000000008003350                EXTI15_10_IRQHandler
                0x0000000008003350                SDMMC1_IRQHandler
                0x0000000008003350                I2C3_EV_IRQHandler
                0x0000000008003350                USB_IRQHandler
                0x0000000008003350                EXTI9_5_IRQHandler
                0x0000000008003350                RTC_WKUP_IRQHandler
                0x0000000008003350                PVD_PVM_IRQHandler
                0x0000000008003350                SPI2_IRQHandler
                0x0000000008003350                CAN1_TX_IRQHandler
                0x0000000008003350                DMA2_Channel5_IRQHandler
                0x0000000008003350                CRS_IRQHandler
                0x0000000008003350                DMA1_Channel5_IRQHandler
                0x0000000008003350                EXTI4_IRQHandler
                0x0000000008003350                RNG_IRQHandler
                0x0000000008003350                DMA1_Channel3_IRQHandler
                0x0000000008003350                COMP_IRQHandler
                0x0000000008003350                WWDG_IRQHandler
                0x0000000008003350                I2C4_EV_IRQHandler
                0x0000000008003350                LPUART1_IRQHandler
                0x0000000008003350                DMA2_Channel6_IRQHandler
                0x0000000008003350                EXTI1_IRQHandler
                0x0000000008003350                USART2_IRQHandler
                0x0000000008003350                DFSDM1_FLT0_IRQHandler
                0x0000000008003350                I2C2_ER_IRQHandler
                0x0000000008003350                DMA1_Channel2_IRQHandler
                0x0000000008003350                CAN1_SCE_IRQHandler
                0x0000000008003350                FLASH_IRQHandler
                0x0000000008003350                USART1_IRQHandler
                0x0000000008003350                SPI3_IRQHandler
                0x0000000008003350                I2C1_ER_IRQHandler
                0x0000000008003350                I2C4_ER_IRQHandler
                0x0000000008003350                SAI1_IRQHandler
                0x0000000008003350                DMA2_Channel3_IRQHandler
 *fill*         0x0000000008003352        0x2 
 .text.HAL_Init
                0x0000000008003354       0x40 ./Drivers/STM32L4xx_HAL_Driver/Src/stm32l4xx_hal.o
                0x0000000008003354                HAL_Init
 .text.HAL_InitTick
                0x0000000008003394       0x78 ./Drivers/STM32L4xx_HAL_Driver/Src/stm32l4xx_hal.o
                0x0000000008003394                HAL_InitTick
 .text.HAL_IncTick
                0x000000000800340c       0x28 ./Drivers/STM32L4xx_HAL_Driver/Src/stm32l4xx_hal.o
                0x000000000800340c                HAL_IncTick
 .text.HAL_GetTick
                0x0000000008003434       0x18 ./Drivers/STM32L4xx_HAL_Driver/Src/stm32l4xx_hal.o
                0x0000000008003434                HAL_GetTick
 .text.HAL_Delay
                0x000000000800344c       0x48 ./Drivers/STM32L4xx_HAL_Driver/Src/stm32l4xx_hal.o
                0x000000000800344c                HAL_Delay
 .text.__NVIC_SetPriorityGrouping
                0x0000000008003494       0x48 ./Drivers/STM32L4xx_HAL_Driver/Src/stm32l4xx_hal_cortex.o
 .text.__NVIC_GetPriorityGrouping
                0x00000000080034dc       0x1c ./Drivers/STM32L4xx_HAL_Driver/Src/stm32l4xx_hal_cortex.o
 .text.__NVIC_EnableIRQ
                0x00000000080034f8       0x3c ./Drivers/STM32L4xx_HAL_Driver/Src/stm32l4xx_hal_cortex.o
 .text.__NVIC_SetPriority
                0x0000000008003534       0x54 ./Drivers/STM32L4xx_HAL_Driver/Src/stm32l4xx_hal_cortex.o
 .text.NVIC_EncodePriority
                0x0000000008003588       0x66 ./Drivers/STM32L4xx_HAL_Driver/Src/stm32l4xx_hal_cortex.o
 *fill*         0x00000000080035ee        0x2 
 .text.SysTick_Config
                0x00000000080035f0       0x44 ./Drivers/STM32L4xx_HAL_Driver/Src/stm32l4xx_hal_cortex.o
 .text.HAL_NVIC_SetPriorityGrouping
                0x0000000008003634       0x16 ./Drivers/STM32L4xx_HAL_Driver/Src/stm32l4xx_hal_cortex.o
                0x0000000008003634                HAL_NVIC_SetPriorityGrouping
 .text.HAL_NVIC_SetPriority
                0x000000000800364a       0x38 ./Drivers/STM32L4xx_HAL_Driver/Src/stm32l4xx_hal_cortex.o
                0x000000000800364a                HAL_NVIC_SetPriority
 .text.HAL_NVIC_EnableIRQ
                0x0000000008003682       0x1c ./Drivers/STM32L4xx_HAL_Driver/Src/stm32l4xx_hal_cortex.o
                0x0000000008003682                HAL_NVIC_EnableIRQ
 .text.HAL_SYSTICK_Config
                0x000000000800369e       0x18 ./Drivers/STM32L4xx_HAL_Driver/Src/stm32l4xx_hal_cortex.o
                0x000000000800369e                HAL_SYSTICK_Config
 *fill*         0x00000000080036b6        0x2 
 .text.HAL_GPIO_Init
                0x00000000080036b8      0x2f4 ./Drivers/STM32L4xx_HAL_Driver/Src/stm32l4xx_hal_gpio.o
                0x00000000080036b8                HAL_GPIO_Init
 .text.HAL_GPIO_ReadPin
                0x00000000080039ac       0x30 ./Drivers/STM32L4xx_HAL_Driver/Src/stm32l4xx_hal_gpio.o
                0x00000000080039ac                HAL_GPIO_ReadPin
 .text.HAL_GPIO_WritePin
                0x00000000080039dc       0x30 ./Drivers/STM32L4xx_HAL_Driver/Src/stm32l4xx_hal_gpio.o
                0x00000000080039dc                HAL_GPIO_WritePin
 .text.HAL_LPTIM_Init
                0x0000000008003a0c      0x144 ./Drivers/STM32L4xx_HAL_Driver/Src/stm32l4xx_hal_lptim.o
                0x0000000008003a0c                HAL_LPTIM_Init
 .text.HAL_LPTIM_Encoder_Start_IT
                0x0000000008003b50       0xde ./Drivers/STM32L4xx_HAL_Driver/Src/stm32l4xx_hal_lptim.o
                0x0000000008003b50                HAL_LPTIM_Encoder_Start_IT
 .text.HAL_LPTIM_IRQHandler
                0x0000000008003c2e      0x136 ./Drivers/STM32L4xx_HAL_Driver/Src/stm32l4xx_hal_lptim.o
                0x0000000008003c2e                HAL_LPTIM_IRQHandler
 .text.HAL_LPTIM_CompareMatchCallback
                0x0000000008003d64       0x14 ./Drivers/STM32L4xx_HAL_Driver/Src/stm32l4xx_hal_lptim.o
                0x0000000008003d64                HAL_LPTIM_CompareMatchCallback
 .text.HAL_LPTIM_TriggerCallback
                0x0000000008003d78       0x14 ./Drivers/STM32L4xx_HAL_Driver/Src/stm32l4xx_hal_lptim.o
                0x0000000008003d78                HAL_LPTIM_TriggerCallback
 .text.HAL_LPTIM_CompareWriteCallback
                0x0000000008003d8c       0x14 ./Drivers/STM32L4xx_HAL_Driver/Src/stm32l4xx_hal_lptim.o
                0x0000000008003d8c                HAL_LPTIM_CompareWriteCallback
 .text.HAL_LPTIM_AutoReloadWriteCallback
                0x0000000008003da0       0x14 ./Drivers/STM32L4xx_HAL_Driver/Src/stm32l4xx_hal_lptim.o
                0x0000000008003da0                HAL_LPTIM_AutoReloadWriteCallback
 .text.HAL_LPTIM_DirectionUpCallback
                0x0000000008003db4       0x14 ./Drivers/STM32L4xx_HAL_Driver/Src/stm32l4xx_hal_lptim.o
                0x0000000008003db4                HAL_LPTIM_DirectionUpCallback
 .text.HAL_LPTIM_DirectionDownCallback
                0x0000000008003dc8       0x14 ./Drivers/STM32L4xx_HAL_Driver/Src/stm32l4xx_hal_lptim.o
                0x0000000008003dc8                HAL_LPTIM_DirectionDownCallback
 .text.HAL_LPTIM_GetState
                0x0000000008003ddc       0x1c ./Drivers/STM32L4xx_HAL_Driver/Src/stm32l4xx_hal_lptim.o
                0x0000000008003ddc                HAL_LPTIM_GetState
 .text.LPTIM_WaitForFlag
                0x0000000008003df8       0x60 ./Drivers/STM32L4xx_HAL_Driver/Src/stm32l4xx_hal_lptim.o
 .text.LPTIM_Disable
                0x0000000008003e58      0x1e8 ./Drivers/STM32L4xx_HAL_Driver/Src/stm32l4xx_hal_lptim.o
                0x0000000008003e58                LPTIM_Disable
 .text.HAL_PWREx_GetVoltageRange
                0x0000000008004040       0x1c ./Drivers/STM32L4xx_HAL_Driver/Src/stm32l4xx_hal_pwr_ex.o
                0x0000000008004040                HAL_PWREx_GetVoltageRange
 .text.HAL_PWREx_ControlVoltageScaling
                0x000000000800405c       0xac ./Drivers/STM32L4xx_HAL_Driver/Src/stm32l4xx_hal_pwr_ex.o
                0x000000000800405c                HAL_PWREx_ControlVoltageScaling
 .text.HAL_RCC_OscConfig
                0x0000000008004108      0x840 ./Drivers/STM32L4xx_HAL_Driver/Src/stm32l4xx_hal_rcc.o
                0x0000000008004108                HAL_RCC_OscConfig
 .text.HAL_RCC_ClockConfig
                0x0000000008004948      0x1c4 ./Drivers/STM32L4xx_HAL_Driver/Src/stm32l4xx_hal_rcc.o
                0x0000000008004948                HAL_RCC_ClockConfig
 .text.HAL_RCC_GetSysClockFreq
                0x0000000008004b0c      0x118 ./Drivers/STM32L4xx_HAL_Driver/Src/stm32l4xx_hal_rcc.o
                0x0000000008004b0c                HAL_RCC_GetSysClockFreq
 .text.HAL_RCC_GetHCLKFreq
                0x0000000008004c24       0x18 ./Drivers/STM32L4xx_HAL_Driver/Src/stm32l4xx_hal_rcc.o
                0x0000000008004c24                HAL_RCC_GetHCLKFreq
 .text.HAL_RCC_GetPCLK1Freq
                0x0000000008004c3c       0x2c ./Drivers/STM32L4xx_HAL_Driver/Src/stm32l4xx_hal_rcc.o
                0x0000000008004c3c                HAL_RCC_GetPCLK1Freq
 .text.HAL_RCC_GetPCLK2Freq
                0x0000000008004c68       0x2c ./Drivers/STM32L4xx_HAL_Driver/Src/stm32l4xx_hal_rcc.o
                0x0000000008004c68                HAL_RCC_GetPCLK2Freq
 .text.RCC_SetFlashLatencyFromMSIRange
                0x0000000008004c94       0xc0 ./Drivers/STM32L4xx_HAL_Driver/Src/stm32l4xx_hal_rcc.o
 .text.HAL_RCCEx_PeriphCLKConfig
                0x0000000008004d54      0x4d8 ./Drivers/STM32L4xx_HAL_Driver/Src/stm32l4xx_hal_rcc_ex.o
                0x0000000008004d54                HAL_RCCEx_PeriphCLKConfig
 .text.RCCEx_PLLSAI1_Config
                0x000000000800522c      0x1e4 ./Drivers/STM32L4xx_HAL_Driver/Src/stm32l4xx_hal_rcc_ex.o
 .text.HAL_TIM_Base_Init
                0x0000000008005410       0xae ./Drivers/STM32L4xx_HAL_Driver/Src/stm32l4xx_hal_tim.o
                0x0000000008005410                HAL_TIM_Base_Init
 *fill*         0x00000000080054be        0x2 
 .text.HAL_TIM_Base_Start
                0x00000000080054c0       0xa8 ./Drivers/STM32L4xx_HAL_Driver/Src/stm32l4xx_hal_tim.o
                0x00000000080054c0                HAL_TIM_Base_Start
 .text.HAL_TIM_Base_Start_IT
                0x0000000008005568       0xb8 ./Drivers/STM32L4xx_HAL_Driver/Src/stm32l4xx_hal_tim.o
                0x0000000008005568                HAL_TIM_Base_Start_IT
 .text.HAL_TIM_Base_Stop_IT
                0x0000000008005620       0x5e ./Drivers/STM32L4xx_HAL_Driver/Src/stm32l4xx_hal_tim.o
                0x0000000008005620                HAL_TIM_Base_Stop_IT
 .text.HAL_TIM_PWM_Init
                0x000000000800567e       0xae ./Drivers/STM32L4xx_HAL_Driver/Src/stm32l4xx_hal_tim.o
                0x000000000800567e                HAL_TIM_PWM_Init
 .text.HAL_TIM_PWM_MspInit
                0x000000000800572c       0x14 ./Drivers/STM32L4xx_HAL_Driver/Src/stm32l4xx_hal_tim.o
                0x000000000800572c                HAL_TIM_PWM_MspInit
 .text.HAL_TIM_PWM_Start
                0x0000000008005740      0x1cc ./Drivers/STM32L4xx_HAL_Driver/Src/stm32l4xx_hal_tim.o
                0x0000000008005740                HAL_TIM_PWM_Start
 .text.HAL_TIM_PWM_Stop
                0x000000000800590c      0x110 ./Drivers/STM32L4xx_HAL_Driver/Src/stm32l4xx_hal_tim.o
                0x000000000800590c                HAL_TIM_PWM_Stop
 .text.HAL_TIM_Encoder_Init
                0x0000000008005a1c      0x14c ./Drivers/STM32L4xx_HAL_Driver/Src/stm32l4xx_hal_tim.o
                0x0000000008005a1c                HAL_TIM_Encoder_Init
 .text.HAL_TIM_Encoder_Start
                0x0000000008005b68      0x11c ./Drivers/STM32L4xx_HAL_Driver/Src/stm32l4xx_hal_tim.o
                0x0000000008005b68                HAL_TIM_Encoder_Start
 .text.HAL_TIM_IRQHandler
                0x0000000008005c84      0x23e ./Drivers/STM32L4xx_HAL_Driver/Src/stm32l4xx_hal_tim.o
                0x0000000008005c84                HAL_TIM_IRQHandler
 *fill*         0x0000000008005ec2        0x2 
 .text.HAL_TIM_PWM_ConfigChannel
                0x0000000008005ec4      0x220 ./Drivers/STM32L4xx_HAL_Driver/Src/stm32l4xx_hal_tim.o
                0x0000000008005ec4                HAL_TIM_PWM_ConfigChannel
 .text.HAL_TIM_ConfigClockSource
                0x00000000080060e4      0x18c ./Drivers/STM32L4xx_HAL_Driver/Src/stm32l4xx_hal_tim.o
                0x00000000080060e4                HAL_TIM_ConfigClockSource
 .text.HAL_TIM_SlaveConfigSynchro
                0x0000000008006270       0x84 ./Drivers/STM32L4xx_HAL_Driver/Src/stm32l4xx_hal_tim.o
                0x0000000008006270                HAL_TIM_SlaveConfigSynchro
 .text.HAL_TIM_OC_DelayElapsedCallback
                0x00000000080062f4       0x14 ./Drivers/STM32L4xx_HAL_Driver/Src/stm32l4xx_hal_tim.o
                0x00000000080062f4                HAL_TIM_OC_DelayElapsedCallback
 .text.HAL_TIM_IC_CaptureCallback
                0x0000000008006308       0x14 ./Drivers/STM32L4xx_HAL_Driver/Src/stm32l4xx_hal_tim.o
                0x0000000008006308                HAL_TIM_IC_CaptureCallback
 .text.HAL_TIM_PWM_PulseFinishedCallback
                0x000000000800631c       0x14 ./Drivers/STM32L4xx_HAL_Driver/Src/stm32l4xx_hal_tim.o
                0x000000000800631c                HAL_TIM_PWM_PulseFinishedCallback
 .text.HAL_TIM_TriggerCallback
                0x0000000008006330       0x14 ./Drivers/STM32L4xx_HAL_Driver/Src/stm32l4xx_hal_tim.o
                0x0000000008006330                HAL_TIM_TriggerCallback
 .text.TIM_Base_SetConfig
                0x0000000008006344       0xdc ./Drivers/STM32L4xx_HAL_Driver/Src/stm32l4xx_hal_tim.o
                0x0000000008006344                TIM_Base_SetConfig
 .text.TIM_OC1_SetConfig
                0x0000000008006420       0xf8 ./Drivers/STM32L4xx_HAL_Driver/Src/stm32l4xx_hal_tim.o
 .text.TIM_OC2_SetConfig
                0x0000000008006518       0xf4 ./Drivers/STM32L4xx_HAL_Driver/Src/stm32l4xx_hal_tim.o
                0x0000000008006518                TIM_OC2_SetConfig
 .text.TIM_OC3_SetConfig
                0x000000000800660c       0xf0 ./Drivers/STM32L4xx_HAL_Driver/Src/stm32l4xx_hal_tim.o
 .text.TIM_OC4_SetConfig
                0x00000000080066fc       0xbc ./Drivers/STM32L4xx_HAL_Driver/Src/stm32l4xx_hal_tim.o
 .text.TIM_OC5_SetConfig
                0x00000000080067b8       0xb0 ./Drivers/STM32L4xx_HAL_Driver/Src/stm32l4xx_hal_tim.o
 .text.TIM_OC6_SetConfig
                0x0000000008006868       0xb4 ./Drivers/STM32L4xx_HAL_Driver/Src/stm32l4xx_hal_tim.o
 .text.TIM_SlaveTimer_SetConfig
                0x000000000800691c      0x120 ./Drivers/STM32L4xx_HAL_Driver/Src/stm32l4xx_hal_tim.o
 .text.TIM_TI1_ConfigInputStage
                0x0000000008006a3c       0x5e ./Drivers/STM32L4xx_HAL_Driver/Src/stm32l4xx_hal_tim.o
 .text.TIM_TI2_ConfigInputStage
                0x0000000008006a9a       0x60 ./Drivers/STM32L4xx_HAL_Driver/Src/stm32l4xx_hal_tim.o
 .text.TIM_ITRx_SetConfig
                0x0000000008006afa       0x36 ./Drivers/STM32L4xx_HAL_Driver/Src/stm32l4xx_hal_tim.o
 .text.TIM_ETR_SetConfig
                0x0000000008006b30       0x40 ./Drivers/STM32L4xx_HAL_Driver/Src/stm32l4xx_hal_tim.o
                0x0000000008006b30                TIM_ETR_SetConfig
 .text.TIM_CCxChannelCmd
                0x0000000008006b70       0x4a ./Drivers/STM32L4xx_HAL_Driver/Src/stm32l4xx_hal_tim.o
                0x0000000008006b70                TIM_CCxChannelCmd
 *fill*         0x0000000008006bba        0x2 
 .text.HAL_TIMEx_MasterConfigSynchronization
                0x0000000008006bbc       0xdc ./Drivers/STM32L4xx_HAL_Driver/Src/stm32l4xx_hal_tim_ex.o
                0x0000000008006bbc                HAL_TIMEx_MasterConfigSynchronization
 .text.HAL_TIMEx_ConfigBreakDeadTime
                0x0000000008006c98       0xf0 ./Drivers/STM32L4xx_HAL_Driver/Src/stm32l4xx_hal_tim_ex.o
                0x0000000008006c98                HAL_TIMEx_ConfigBreakDeadTime
 .text.HAL_TIMEx_CommutCallback
                0x0000000008006d88       0x14 ./Drivers/STM32L4xx_HAL_Driver/Src/stm32l4xx_hal_tim_ex.o
                0x0000000008006d88                HAL_TIMEx_CommutCallback
 .text.HAL_TIMEx_BreakCallback
                0x0000000008006d9c       0x14 ./Drivers/STM32L4xx_HAL_Driver/Src/stm32l4xx_hal_tim_ex.o
                0x0000000008006d9c                HAL_TIMEx_BreakCallback
 .text.HAL_TIMEx_Break2Callback
                0x0000000008006db0       0x14 ./Drivers/STM32L4xx_HAL_Driver/Src/stm32l4xx_hal_tim_ex.o
                0x0000000008006db0                HAL_TIMEx_Break2Callback
 .text.HAL_UART_Init
                0x0000000008006dc4       0x9c ./Drivers/STM32L4xx_HAL_Driver/Src/stm32l4xx_hal_uart.o
                0x0000000008006dc4                HAL_UART_Init
 .text.UART_SetConfig
                0x0000000008006e60      0x4b8 ./Drivers/STM32L4xx_HAL_Driver/Src/stm32l4xx_hal_uart.o
                0x0000000008006e60                UART_SetConfig
 .text.UART_AdvFeatureConfig
                0x0000000008007318      0x144 ./Drivers/STM32L4xx_HAL_Driver/Src/stm32l4xx_hal_uart.o
                0x0000000008007318                UART_AdvFeatureConfig
 .text.UART_CheckIdleState
                0x000000000800745c       0x92 ./Drivers/STM32L4xx_HAL_Driver/Src/stm32l4xx_hal_uart.o
                0x000000000800745c                UART_CheckIdleState
 .text.UART_WaitOnFlagUntilTimeout
                0x00000000080074ee       0xf8 ./Drivers/STM32L4xx_HAL_Driver/Src/stm32l4xx_hal_uart.o
                0x00000000080074ee                UART_WaitOnFlagUntilTimeout
 *fill*         0x00000000080075e6        0x2 
 .text.__libc_init_array
                0x00000000080075e8       0x48 c:/st/stm32cubeide_1.7.0/stm32cubeide/plugins/com.st.stm32cube.ide.mcu.externaltools.gnu-tools-for-stm32.9-2020-q2-update.win32_2.0.0.202105311346/tools/bin/../lib/gcc/arm-none-eabi/9.3.1/../../../../arm-none-eabi/lib/thumb/v7e-m+fp/hard\libc_nano.a(lib_a-init.o)
                0x00000000080075e8                __libc_init_array
 .text.memset   0x0000000008007630       0x10 c:/st/stm32cubeide_1.7.0/stm32cubeide/plugins/com.st.stm32cube.ide.mcu.externaltools.gnu-tools-for-stm32.9-2020-q2-update.win32_2.0.0.202105311346/tools/bin/../lib/gcc/arm-none-eabi/9.3.1/../../../../arm-none-eabi/lib/thumb/v7e-m+fp/hard\libc_nano.a(lib_a-memset.o)
                0x0000000008007630                memset
 *(.glue_7)
 .glue_7        0x0000000008007640        0x0 linker stubs
 *(.glue_7t)
 .glue_7t       0x0000000008007640        0x0 linker stubs
 *(.eh_frame)
 .eh_frame      0x0000000008007640        0x0 c:/st/stm32cubeide_1.7.0/stm32cubeide/plugins/com.st.stm32cube.ide.mcu.externaltools.gnu-tools-for-stm32.9-2020-q2-update.win32_2.0.0.202105311346/tools/bin/../lib/gcc/arm-none-eabi/9.3.1/thumb/v7e-m+fp/hard/crtbegin.o
 *(.init)
 .init          0x0000000008007640        0x4 c:/st/stm32cubeide_1.7.0/stm32cubeide/plugins/com.st.stm32cube.ide.mcu.externaltools.gnu-tools-for-stm32.9-2020-q2-update.win32_2.0.0.202105311346/tools/bin/../lib/gcc/arm-none-eabi/9.3.1/thumb/v7e-m+fp/hard/crti.o
                0x0000000008007640                _init
 .init          0x0000000008007644        0x8 c:/st/stm32cubeide_1.7.0/stm32cubeide/plugins/com.st.stm32cube.ide.mcu.externaltools.gnu-tools-for-stm32.9-2020-q2-update.win32_2.0.0.202105311346/tools/bin/../lib/gcc/arm-none-eabi/9.3.1/thumb/v7e-m+fp/hard/crtn.o
 *(.fini)
 .fini          0x000000000800764c        0x4 c:/st/stm32cubeide_1.7.0/stm32cubeide/plugins/com.st.stm32cube.ide.mcu.externaltools.gnu-tools-for-stm32.9-2020-q2-update.win32_2.0.0.202105311346/tools/bin/../lib/gcc/arm-none-eabi/9.3.1/thumb/v7e-m+fp/hard/crti.o
                0x000000000800764c                _fini
 .fini          0x0000000008007650        0x8 c:/st/stm32cubeide_1.7.0/stm32cubeide/plugins/com.st.stm32cube.ide.mcu.externaltools.gnu-tools-for-stm32.9-2020-q2-update.win32_2.0.0.202105311346/tools/bin/../lib/gcc/arm-none-eabi/9.3.1/thumb/v7e-m+fp/hard/crtn.o
                0x0000000008007658                . = ALIGN (0x4)
                0x0000000008007658                _etext = .

.vfp11_veneer   0x0000000008007658        0x0
 .vfp11_veneer  0x0000000008007658        0x0 linker stubs

.v4_bx          0x0000000008007658        0x0
 .v4_bx         0x0000000008007658        0x0 linker stubs

.iplt           0x0000000008007658        0x0
 .iplt          0x0000000008007658        0x0 c:/st/stm32cubeide_1.7.0/stm32cubeide/plugins/com.st.stm32cube.ide.mcu.externaltools.gnu-tools-for-stm32.9-2020-q2-update.win32_2.0.0.202105311346/tools/bin/../lib/gcc/arm-none-eabi/9.3.1/thumb/v7e-m+fp/hard/crtbegin.o

.rodata         0x0000000008007658       0xd0
                0x0000000008007658                . = ALIGN (0x4)
 *(.rodata)
 .rodata        0x0000000008007658       0x88 ./Core/Src/menu_LCD.o
 *(.rodata*)
 .rodata.AHBPrescTable
                0x00000000080076e0       0x10 ./Core/Src/system_stm32l4xx.o
                0x00000000080076e0                AHBPrescTable
 .rodata.APBPrescTable
                0x00000000080076f0        0x8 ./Core/Src/system_stm32l4xx.o
                0x00000000080076f0                APBPrescTable
 .rodata.MSIRangeTable
                0x00000000080076f8       0x30 ./Core/Src/system_stm32l4xx.o
                0x00000000080076f8                MSIRangeTable
                0x0000000008007728                . = ALIGN (0x4)

.ARM.extab      0x0000000008007728        0x0
                0x0000000008007728                . = ALIGN (0x4)
 *(.ARM.extab* .gnu.linkonce.armextab.*)
                0x0000000008007728                . = ALIGN (0x4)

.ARM            0x0000000008007728        0x8
                0x0000000008007728                . = ALIGN (0x4)
                0x0000000008007728                __exidx_start = .
 *(.ARM.exidx*)
 .ARM.exidx     0x0000000008007728        0x8 c:/st/stm32cubeide_1.7.0/stm32cubeide/plugins/com.st.stm32cube.ide.mcu.externaltools.gnu-tools-for-stm32.9-2020-q2-update.win32_2.0.0.202105311346/tools/bin/../lib/gcc/arm-none-eabi/9.3.1/thumb/v7e-m+fp/hard\libgcc.a(_udivmoddi4.o)
                0x0000000008007730                __exidx_end = .
                0x0000000008007730                . = ALIGN (0x4)

.rel.dyn        0x0000000008007730        0x0
 .rel.iplt      0x0000000008007730        0x0 c:/st/stm32cubeide_1.7.0/stm32cubeide/plugins/com.st.stm32cube.ide.mcu.externaltools.gnu-tools-for-stm32.9-2020-q2-update.win32_2.0.0.202105311346/tools/bin/../lib/gcc/arm-none-eabi/9.3.1/thumb/v7e-m+fp/hard/crtbegin.o

.preinit_array  0x0000000008007730        0x0
                0x0000000008007730                . = ALIGN (0x4)
                0x0000000008007730                PROVIDE (__preinit_array_start = .)
 *(.preinit_array*)
                0x0000000008007730                PROVIDE (__preinit_array_end = .)
                0x0000000008007730                . = ALIGN (0x4)

.init_array     0x0000000008007730        0x4
                0x0000000008007730                . = ALIGN (0x4)
                0x0000000008007730                PROVIDE (__init_array_start = .)
 *(SORT_BY_NAME(.init_array.*))
 *(.init_array*)
 .init_array    0x0000000008007730        0x4 c:/st/stm32cubeide_1.7.0/stm32cubeide/plugins/com.st.stm32cube.ide.mcu.externaltools.gnu-tools-for-stm32.9-2020-q2-update.win32_2.0.0.202105311346/tools/bin/../lib/gcc/arm-none-eabi/9.3.1/thumb/v7e-m+fp/hard/crtbegin.o
                0x0000000008007734                PROVIDE (__init_array_end = .)
                0x0000000008007734                . = ALIGN (0x4)

.fini_array     0x0000000008007734        0x4
                0x0000000008007734                . = ALIGN (0x4)
                [!provide]                        PROVIDE (__fini_array_start = .)
 *(SORT_BY_NAME(.fini_array.*))
 *(.fini_array*)
 .fini_array    0x0000000008007734        0x4 c:/st/stm32cubeide_1.7.0/stm32cubeide/plugins/com.st.stm32cube.ide.mcu.externaltools.gnu-tools-for-stm32.9-2020-q2-update.win32_2.0.0.202105311346/tools/bin/../lib/gcc/arm-none-eabi/9.3.1/thumb/v7e-m+fp/hard/crtbegin.o
                [!provide]                        PROVIDE (__fini_array_end = .)
                0x0000000008007738                . = ALIGN (0x4)
                0x0000000008007738                _sidata = LOADADDR (.data)

.data           0x0000000020000000       0x10 load address 0x0000000008007738
                0x0000000020000000                . = ALIGN (0x4)
                0x0000000020000000                _sdata = .
 *(.data)
 *(.data*)
 .data.numRows  0x0000000020000000        0x1 ./Core/Src/ST7920_SERIAL.o
                0x0000000020000000                numRows
 .data.numCols  0x0000000020000001        0x1 ./Core/Src/ST7920_SERIAL.o
                0x0000000020000001                numCols
 *fill*         0x0000000020000002        0x2 
 .data.SystemCoreClock
                0x0000000020000004        0x4 ./Core/Src/system_stm32l4xx.o
                0x0000000020000004                SystemCoreClock
 .data.uwTickPrio
                0x0000000020000008        0x4 ./Drivers/STM32L4xx_HAL_Driver/Src/stm32l4xx_hal.o
                0x0000000020000008                uwTickPrio
 .data.uwTickFreq
                0x000000002000000c        0x1 ./Drivers/STM32L4xx_HAL_Driver/Src/stm32l4xx_hal.o
                0x000000002000000c                uwTickFreq
 *(.RamFunc)
 *(.RamFunc*)
                0x0000000020000010                . = ALIGN (0x4)
 *fill*         0x000000002000000d        0x3 
                0x0000000020000010                _edata = .

.igot.plt       0x0000000020000010        0x0 load address 0x0000000008007748
 .igot.plt      0x0000000020000010        0x0 c:/st/stm32cubeide_1.7.0/stm32cubeide/plugins/com.st.stm32cube.ide.mcu.externaltools.gnu-tools-for-stm32.9-2020-q2-update.win32_2.0.0.202105311346/tools/bin/../lib/gcc/arm-none-eabi/9.3.1/thumb/v7e-m+fp/hard/crtbegin.o
                0x0000000020000010                . = ALIGN (0x4)

.bss            0x0000000020000010      0x734 load address 0x0000000008007748
                0x0000000020000010                _sbss = .
                0x0000000020000010                __bss_start__ = _sbss
 *(.bss)
 .bss           0x0000000020000010       0x1c c:/st/stm32cubeide_1.7.0/stm32cubeide/plugins/com.st.stm32cube.ide.mcu.externaltools.gnu-tools-for-stm32.9-2020-q2-update.win32_2.0.0.202105311346/tools/bin/../lib/gcc/arm-none-eabi/9.3.1/thumb/v7e-m+fp/hard/crtbegin.o
 *(.bss*)
 .bss.Graphic_Check
                0x000000002000002c        0x1 ./Core/Src/ST7920_SERIAL.o
                0x000000002000002c                Graphic_Check
 *fill*         0x000000002000002d        0x3 
 .bss.enc_btn   0x0000000020000030       0x18 ./Core/Src/encoder.o
 .bss.extruder  0x0000000020000048       0x24 ./Core/Src/main.o
                0x0000000020000048                extruder
 .bss.DC_motor  0x000000002000006c       0x1c ./Core/Src/main.o
                0x000000002000006c                DC_motor
 *(COMMON)
 COMMON         0x0000000020000088        0x1 ./Core/Src/L298_dc.o
                0x0000000020000088                CUTTING_PROCESS_FLAG
 *fill*         0x0000000020000089        0x3 
 COMMON         0x000000002000008c      0x407 ./Core/Src/ST7920_SERIAL.o
                0x000000002000008c                startCol
                0x0000000020000090                image
                0x0000000020000490                startRow
                0x0000000020000491                endCol
                0x0000000020000492                endRow
 COMMON         0x0000000020000493        0x2 ./Core/Src/encoder.o
                0x0000000020000493                FIRST_MISS_FLAG
                0x0000000020000494                EXTRUDE_PROCESS_FLAG
 *fill*         0x0000000020000495        0x3 
 COMMON         0x0000000020000498       0x24 ./Core/Src/filament_cutter.o
                0x0000000020000498                FC_params
                0x00000000200004a4                FC_struct
 COMMON         0x00000000200004bc       0x38 ./Core/Src/lptim.o
                0x00000000200004bc                hlptim1
 COMMON         0x00000000200004f4       0x4b ./Core/Src/main.o
                0x00000000200004f4                length
                0x00000000200004f8                message
                0x0000000020000538                cursor_pos
 *fill*         0x000000002000053f        0x1 
 COMMON         0x0000000020000540      0x17c ./Core/Src/tim.o
                0x0000000020000540                htim3
                0x000000002000058c                htim6
                0x00000000200005d8                htim1
                0x0000000020000624                htim2
                0x0000000020000670                htim16
 COMMON         0x00000000200006bc       0x84 ./Core/Src/usart.o
                0x00000000200006bc                huart2
 COMMON         0x0000000020000740        0x4 ./Drivers/STM32L4xx_HAL_Driver/Src/stm32l4xx_hal.o
                0x0000000020000740                uwTick
                0x0000000020000744                . = ALIGN (0x4)
                0x0000000020000744                _ebss = .
                0x0000000020000744                __bss_end__ = _ebss

._user_heap_stack
                0x0000000020000744      0x604 load address 0x0000000008007748
                0x0000000020000748                . = ALIGN (0x8)
 *fill*         0x0000000020000744        0x4 
                [!provide]                        PROVIDE (end = .)
                0x0000000020000748                PROVIDE (_end = .)
                0x0000000020000948                . = (. + _Min_Heap_Size)
 *fill*         0x0000000020000748      0x200 
                0x0000000020000d48                . = (. + _Min_Stack_Size)
 *fill*         0x0000000020000948      0x400 
                0x0000000020000d48                . = ALIGN (0x8)

/DISCARD/
 libc.a(*)
 libm.a(*)
 libgcc.a(*)

.ARM.attributes
                0x0000000000000000       0x30
 *(.ARM.attributes)
 .ARM.attributes
                0x0000000000000000       0x1e c:/st/stm32cubeide_1.7.0/stm32cubeide/plugins/com.st.stm32cube.ide.mcu.externaltools.gnu-tools-for-stm32.9-2020-q2-update.win32_2.0.0.202105311346/tools/bin/../lib/gcc/arm-none-eabi/9.3.1/thumb/v7e-m+fp/hard/crti.o
 .ARM.attributes
                0x000000000000001e       0x34 c:/st/stm32cubeide_1.7.0/stm32cubeide/plugins/com.st.stm32cube.ide.mcu.externaltools.gnu-tools-for-stm32.9-2020-q2-update.win32_2.0.0.202105311346/tools/bin/../lib/gcc/arm-none-eabi/9.3.1/thumb/v7e-m+fp/hard/crtbegin.o
 .ARM.attributes
                0x0000000000000052       0x34 ./Core/Src/L298_dc.o
 .ARM.attributes
                0x0000000000000086       0x34 ./Core/Src/ST7920_SERIAL.o
 .ARM.attributes
                0x00000000000000ba       0x34 ./Core/Src/delay.o
 .ARM.attributes
                0x00000000000000ee       0x34 ./Core/Src/encoder.o
 .ARM.attributes
                0x0000000000000122       0x34 ./Core/Src/filament_cutter.o
 .ARM.attributes
                0x0000000000000156       0x34 ./Core/Src/gpio.o
 .ARM.attributes
                0x000000000000018a       0x34 ./Core/Src/lptim.o
 .ARM.attributes
                0x00000000000001be       0x34 ./Core/Src/main.o
 .ARM.attributes
                0x00000000000001f2       0x34 ./Core/Src/menu_LCD.o
 .ARM.attributes
                0x0000000000000226       0x34 ./Core/Src/stepper.o
 .ARM.attributes
                0x000000000000025a       0x34 ./Core/Src/stm32l4xx_hal_msp.o
 .ARM.attributes
                0x000000000000028e       0x34 ./Core/Src/stm32l4xx_it.o
 .ARM.attributes
                0x00000000000002c2       0x34 ./Core/Src/system_stm32l4xx.o
 .ARM.attributes
                0x00000000000002f6       0x34 ./Core/Src/tim.o
 .ARM.attributes
                0x000000000000032a       0x34 ./Core/Src/usart.o
 .ARM.attributes
                0x000000000000035e       0x21 ./Core/Startup/startup_stm32l452retx.o
 .ARM.attributes
                0x000000000000037f       0x34 ./Drivers/STM32L4xx_HAL_Driver/Src/stm32l4xx_hal.o
 .ARM.attributes
                0x00000000000003b3       0x34 ./Drivers/STM32L4xx_HAL_Driver/Src/stm32l4xx_hal_cortex.o
 .ARM.attributes
                0x00000000000003e7       0x34 ./Drivers/STM32L4xx_HAL_Driver/Src/stm32l4xx_hal_gpio.o
 .ARM.attributes
                0x000000000000041b       0x34 ./Drivers/STM32L4xx_HAL_Driver/Src/stm32l4xx_hal_lptim.o
 .ARM.attributes
                0x000000000000044f       0x34 ./Drivers/STM32L4xx_HAL_Driver/Src/stm32l4xx_hal_pwr_ex.o
 .ARM.attributes
                0x0000000000000483       0x34 ./Drivers/STM32L4xx_HAL_Driver/Src/stm32l4xx_hal_rcc.o
 .ARM.attributes
                0x00000000000004b7       0x34 ./Drivers/STM32L4xx_HAL_Driver/Src/stm32l4xx_hal_rcc_ex.o
 .ARM.attributes
                0x00000000000004eb       0x34 ./Drivers/STM32L4xx_HAL_Driver/Src/stm32l4xx_hal_tim.o
 .ARM.attributes
                0x000000000000051f       0x34 ./Drivers/STM32L4xx_HAL_Driver/Src/stm32l4xx_hal_tim_ex.o
 .ARM.attributes
                0x0000000000000553       0x34 ./Drivers/STM32L4xx_HAL_Driver/Src/stm32l4xx_hal_uart.o
 .ARM.attributes
                0x0000000000000587       0x34 c:/st/stm32cubeide_1.7.0/stm32cubeide/plugins/com.st.stm32cube.ide.mcu.externaltools.gnu-tools-for-stm32.9-2020-q2-update.win32_2.0.0.202105311346/tools/bin/../lib/gcc/arm-none-eabi/9.3.1/../../../../arm-none-eabi/lib/thumb/v7e-m+fp/hard\libc_nano.a(lib_a-init.o)
 .ARM.attributes
                0x00000000000005bb       0x34 c:/st/stm32cubeide_1.7.0/stm32cubeide/plugins/com.st.stm32cube.ide.mcu.externaltools.gnu-tools-for-stm32.9-2020-q2-update.win32_2.0.0.202105311346/tools/bin/../lib/gcc/arm-none-eabi/9.3.1/../../../../arm-none-eabi/lib/thumb/v7e-m+fp/hard\libc_nano.a(lib_a-memset.o)
 .ARM.attributes
                0x00000000000005ef       0x1e c:/st/stm32cubeide_1.7.0/stm32cubeide/plugins/com.st.stm32cube.ide.mcu.externaltools.gnu-tools-for-stm32.9-2020-q2-update.win32_2.0.0.202105311346/tools/bin/../lib/gcc/arm-none-eabi/9.3.1/thumb/v7e-m+fp/hard\libgcc.a(_arm_addsubdf3.o)
 .ARM.attributes
                0x000000000000060d       0x1e c:/st/stm32cubeide_1.7.0/stm32cubeide/plugins/com.st.stm32cube.ide.mcu.externaltools.gnu-tools-for-stm32.9-2020-q2-update.win32_2.0.0.202105311346/tools/bin/../lib/gcc/arm-none-eabi/9.3.1/thumb/v7e-m+fp/hard\libgcc.a(_arm_muldivdf3.o)
 .ARM.attributes
                0x000000000000062b       0x1e c:/st/stm32cubeide_1.7.0/stm32cubeide/plugins/com.st.stm32cube.ide.mcu.externaltools.gnu-tools-for-stm32.9-2020-q2-update.win32_2.0.0.202105311346/tools/bin/../lib/gcc/arm-none-eabi/9.3.1/thumb/v7e-m+fp/hard\libgcc.a(_arm_fixunsdfsi.o)
 .ARM.attributes
                0x0000000000000649       0x1e c:/st/stm32cubeide_1.7.0/stm32cubeide/plugins/com.st.stm32cube.ide.mcu.externaltools.gnu-tools-for-stm32.9-2020-q2-update.win32_2.0.0.202105311346/tools/bin/../lib/gcc/arm-none-eabi/9.3.1/thumb/v7e-m+fp/hard\libgcc.a(_aeabi_uldivmod.o)
 .ARM.attributes
                0x0000000000000667       0x34 c:/st/stm32cubeide_1.7.0/stm32cubeide/plugins/com.st.stm32cube.ide.mcu.externaltools.gnu-tools-for-stm32.9-2020-q2-update.win32_2.0.0.202105311346/tools/bin/../lib/gcc/arm-none-eabi/9.3.1/thumb/v7e-m+fp/hard\libgcc.a(_udivmoddi4.o)
 .ARM.attributes
                0x000000000000069b       0x1e c:/st/stm32cubeide_1.7.0/stm32cubeide/plugins/com.st.stm32cube.ide.mcu.externaltools.gnu-tools-for-stm32.9-2020-q2-update.win32_2.0.0.202105311346/tools/bin/../lib/gcc/arm-none-eabi/9.3.1/thumb/v7e-m+fp/hard\libgcc.a(_dvmd_tls.o)
 .ARM.attributes
                0x00000000000006b9       0x1e c:/st/stm32cubeide_1.7.0/stm32cubeide/plugins/com.st.stm32cube.ide.mcu.externaltools.gnu-tools-for-stm32.9-2020-q2-update.win32_2.0.0.202105311346/tools/bin/../lib/gcc/arm-none-eabi/9.3.1/thumb/v7e-m+fp/hard/crtn.o
OUTPUT(Filament_cutter.elf elf32-littlearm)
LOAD linker stubs
LOAD c:/st/stm32cubeide_1.7.0/stm32cubeide/plugins/com.st.stm32cube.ide.mcu.externaltools.gnu-tools-for-stm32.9-2020-q2-update.win32_2.0.0.202105311346/tools/bin/../lib/gcc/arm-none-eabi/9.3.1/../../../../arm-none-eabi/lib/thumb/v7e-m+fp/hard\libc.a
LOAD c:/st/stm32cubeide_1.7.0/stm32cubeide/plugins/com.st.stm32cube.ide.mcu.externaltools.gnu-tools-for-stm32.9-2020-q2-update.win32_2.0.0.202105311346/tools/bin/../lib/gcc/arm-none-eabi/9.3.1/../../../../arm-none-eabi/lib/thumb/v7e-m+fp/hard\libm.a
LOAD c:/st/stm32cubeide_1.7.0/stm32cubeide/plugins/com.st.stm32cube.ide.mcu.externaltools.gnu-tools-for-stm32.9-2020-q2-update.win32_2.0.0.202105311346/tools/bin/../lib/gcc/arm-none-eabi/9.3.1/thumb/v7e-m+fp/hard\libgcc.a

.debug_info     0x0000000000000000    0x1a017
 .debug_info    0x0000000000000000      0xf1f ./Core/Src/L298_dc.o
 .debug_info    0x0000000000000f1f     0x1931 ./Core/Src/ST7920_SERIAL.o
 .debug_info    0x0000000000002850      0x94a ./Core/Src/delay.o
 .debug_info    0x000000000000319a     0x12bc ./Core/Src/encoder.o
 .debug_info    0x0000000000004456      0xf82 ./Core/Src/filament_cutter.o
 .debug_info    0x00000000000053d8      0x6ed ./Core/Src/gpio.o
 .debug_info    0x0000000000005ac5      0xd03 ./Core/Src/lptim.o
 .debug_info    0x00000000000067c8     0x1fb8 ./Core/Src/main.o
 .debug_info    0x0000000000008780      0xbb9 ./Core/Src/menu_LCD.o
 .debug_info    0x0000000000009339      0xd7c ./Core/Src/stepper.o
 .debug_info    0x000000000000a0b5      0x561 ./Core/Src/stm32l4xx_hal_msp.o
 .debug_info    0x000000000000a616      0xc42 ./Core/Src/stm32l4xx_it.o
 .debug_info    0x000000000000b258      0x795 ./Core/Src/system_stm32l4xx.o
 .debug_info    0x000000000000b9ed     0x140a ./Core/Src/tim.o
 .debug_info    0x000000000000cdf7      0xe43 ./Core/Src/usart.o
 .debug_info    0x000000000000dc3a       0x22 ./Core/Startup/startup_stm32l452retx.o
 .debug_info    0x000000000000dc5c      0xd59 ./Drivers/STM32L4xx_HAL_Driver/Src/stm32l4xx_hal.o
 .debug_info    0x000000000000e9b5      0xfe6 ./Drivers/STM32L4xx_HAL_Driver/Src/stm32l4xx_hal_cortex.o
 .debug_info    0x000000000000f99b      0xa6d ./Drivers/STM32L4xx_HAL_Driver/Src/stm32l4xx_hal_gpio.o
 .debug_info    0x0000000000010408     0x11cf ./Drivers/STM32L4xx_HAL_Driver/Src/stm32l4xx_hal_lptim.o
 .debug_info    0x00000000000115d7      0xb7b ./Drivers/STM32L4xx_HAL_Driver/Src/stm32l4xx_hal_pwr_ex.o
 .debug_info    0x0000000000012152      0xdc3 ./Drivers/STM32L4xx_HAL_Driver/Src/stm32l4xx_hal_rcc.o
 .debug_info    0x0000000000012f15     0x1157 ./Drivers/STM32L4xx_HAL_Driver/Src/stm32l4xx_hal_rcc_ex.o
 .debug_info    0x000000000001406c     0x2cb9 ./Drivers/STM32L4xx_HAL_Driver/Src/stm32l4xx_hal_tim.o
 .debug_info    0x0000000000016d25     0x1813 ./Drivers/STM32L4xx_HAL_Driver/Src/stm32l4xx_hal_tim_ex.o
 .debug_info    0x0000000000018538     0x1adf ./Drivers/STM32L4xx_HAL_Driver/Src/stm32l4xx_hal_uart.o

.debug_abbrev   0x0000000000000000     0x33db
 .debug_abbrev  0x0000000000000000      0x227 ./Core/Src/L298_dc.o
 .debug_abbrev  0x0000000000000227      0x304 ./Core/Src/ST7920_SERIAL.o
 .debug_abbrev  0x000000000000052b      0x1a3 ./Core/Src/delay.o
 .debug_abbrev  0x00000000000006ce      0x22a ./Core/Src/encoder.o
 .debug_abbrev  0x00000000000008f8      0x1cb ./Core/Src/filament_cutter.o
 .debug_abbrev  0x0000000000000ac3      0x14e ./Core/Src/gpio.o
 .debug_abbrev  0x0000000000000c11      0x19c ./Core/Src/lptim.o
 .debug_abbrev  0x0000000000000dad      0x2a4 ./Core/Src/main.o
 .debug_abbrev  0x0000000000001051      0x231 ./Core/Src/menu_LCD.o
 .debug_abbrev  0x0000000000001282      0x214 ./Core/Src/stepper.o
 .debug_abbrev  0x0000000000001496      0x13d ./Core/Src/stm32l4xx_hal_msp.o
 .debug_abbrev  0x00000000000015d3      0x190 ./Core/Src/stm32l4xx_it.o
 .debug_abbrev  0x0000000000001763      0x165 ./Core/Src/system_stm32l4xx.o
 .debug_abbrev  0x00000000000018c8      0x204 ./Core/Src/tim.o
 .debug_abbrev  0x0000000000001acc      0x1bb ./Core/Src/usart.o
 .debug_abbrev  0x0000000000001c87       0x12 ./Core/Startup/startup_stm32l452retx.o
 .debug_abbrev  0x0000000000001c99      0x227 ./Drivers/STM32L4xx_HAL_Driver/Src/stm32l4xx_hal.o
 .debug_abbrev  0x0000000000001ec0      0x33c ./Drivers/STM32L4xx_HAL_Driver/Src/stm32l4xx_hal_cortex.o
 .debug_abbrev  0x00000000000021fc      0x1e8 ./Drivers/STM32L4xx_HAL_Driver/Src/stm32l4xx_hal_gpio.o
 .debug_abbrev  0x00000000000023e4      0x224 ./Drivers/STM32L4xx_HAL_Driver/Src/stm32l4xx_hal_lptim.o
 .debug_abbrev  0x0000000000002608      0x1f3 ./Drivers/STM32L4xx_HAL_Driver/Src/stm32l4xx_hal_pwr_ex.o
 .debug_abbrev  0x00000000000027fb      0x275 ./Drivers/STM32L4xx_HAL_Driver/Src/stm32l4xx_hal_rcc.o
 .debug_abbrev  0x0000000000002a70      0x268 ./Drivers/STM32L4xx_HAL_Driver/Src/stm32l4xx_hal_rcc_ex.o
 .debug_abbrev  0x0000000000002cd8      0x25e ./Drivers/STM32L4xx_HAL_Driver/Src/stm32l4xx_hal_tim.o
 .debug_abbrev  0x0000000000002f36      0x266 ./Drivers/STM32L4xx_HAL_Driver/Src/stm32l4xx_hal_tim_ex.o
 .debug_abbrev  0x000000000000319c      0x23f ./Drivers/STM32L4xx_HAL_Driver/Src/stm32l4xx_hal_uart.o

.debug_aranges  0x0000000000000000     0x12c0
 .debug_aranges
                0x0000000000000000       0x58 ./Core/Src/L298_dc.o
 .debug_aranges
                0x0000000000000058       0xa0 ./Core/Src/ST7920_SERIAL.o
 .debug_aranges
                0x00000000000000f8       0x30 ./Core/Src/delay.o
 .debug_aranges
                0x0000000000000128       0x58 ./Core/Src/encoder.o
 .debug_aranges
                0x0000000000000180       0x28 ./Core/Src/filament_cutter.o
 .debug_aranges
                0x00000000000001a8       0x20 ./Core/Src/gpio.o
 .debug_aranges
                0x00000000000001c8       0x30 ./Core/Src/lptim.o
 .debug_aranges
                0x00000000000001f8       0x40 ./Core/Src/main.o
 .debug_aranges
                0x0000000000000238       0x70 ./Core/Src/menu_LCD.o
 .debug_aranges
                0x00000000000002a8       0x58 ./Core/Src/stepper.o
 .debug_aranges
                0x0000000000000300       0x20 ./Core/Src/stm32l4xx_hal_msp.o
 .debug_aranges
                0x0000000000000320       0x88 ./Core/Src/stm32l4xx_it.o
 .debug_aranges
                0x00000000000003a8       0x28 ./Core/Src/system_stm32l4xx.o
 .debug_aranges
                0x00000000000003d0       0x68 ./Core/Src/tim.o
 .debug_aranges
                0x0000000000000438       0x30 ./Core/Src/usart.o
 .debug_aranges
                0x0000000000000468       0x28 ./Core/Startup/startup_stm32l452retx.o
 .debug_aranges
                0x0000000000000490      0x130 ./Drivers/STM32L4xx_HAL_Driver/Src/stm32l4xx_hal.o
 .debug_aranges
                0x00000000000005c0      0x118 ./Drivers/STM32L4xx_HAL_Driver/Src/stm32l4xx_hal_cortex.o
 .debug_aranges
                0x00000000000006d8       0x58 ./Drivers/STM32L4xx_HAL_Driver/Src/stm32l4xx_hal_gpio.o
 .debug_aranges
                0x0000000000000730      0x168 ./Drivers/STM32L4xx_HAL_Driver/Src/stm32l4xx_hal_lptim.o
 .debug_aranges
                0x0000000000000898      0x128 ./Drivers/STM32L4xx_HAL_Driver/Src/stm32l4xx_hal_pwr_ex.o
 .debug_aranges
                0x00000000000009c0       0x88 ./Drivers/STM32L4xx_HAL_Driver/Src/stm32l4xx_hal_rcc.o
 .debug_aranges
                0x0000000000000a48       0xf0 ./Drivers/STM32L4xx_HAL_Driver/Src/stm32l4xx_hal_rcc_ex.o
 .debug_aranges
                0x0000000000000b38      0x3e0 ./Drivers/STM32L4xx_HAL_Driver/Src/stm32l4xx_hal_tim.o
 .debug_aranges
                0x0000000000000f18      0x180 ./Drivers/STM32L4xx_HAL_Driver/Src/stm32l4xx_hal_tim_ex.o
 .debug_aranges
                0x0000000000001098      0x228 ./Drivers/STM32L4xx_HAL_Driver/Src/stm32l4xx_hal_uart.o

.debug_ranges   0x0000000000000000     0x1170
 .debug_ranges  0x0000000000000000       0x48 ./Core/Src/L298_dc.o
 .debug_ranges  0x0000000000000048       0xa8 ./Core/Src/ST7920_SERIAL.o
 .debug_ranges  0x00000000000000f0       0x20 ./Core/Src/delay.o
 .debug_ranges  0x0000000000000110       0x48 ./Core/Src/encoder.o
 .debug_ranges  0x0000000000000158       0x18 ./Core/Src/filament_cutter.o
 .debug_ranges  0x0000000000000170       0x10 ./Core/Src/gpio.o
 .debug_ranges  0x0000000000000180       0x20 ./Core/Src/lptim.o
 .debug_ranges  0x00000000000001a0       0x30 ./Core/Src/main.o
 .debug_ranges  0x00000000000001d0       0x60 ./Core/Src/menu_LCD.o
 .debug_ranges  0x0000000000000230       0x48 ./Core/Src/stepper.o
 .debug_ranges  0x0000000000000278       0x10 ./Core/Src/stm32l4xx_hal_msp.o
 .debug_ranges  0x0000000000000288       0x78 ./Core/Src/stm32l4xx_it.o
 .debug_ranges  0x0000000000000300       0x18 ./Core/Src/system_stm32l4xx.o
 .debug_ranges  0x0000000000000318       0x58 ./Core/Src/tim.o
 .debug_ranges  0x0000000000000370       0x20 ./Core/Src/usart.o
 .debug_ranges  0x0000000000000390       0x20 ./Core/Startup/startup_stm32l452retx.o
 .debug_ranges  0x00000000000003b0      0x120 ./Drivers/STM32L4xx_HAL_Driver/Src/stm32l4xx_hal.o
 .debug_ranges  0x00000000000004d0      0x108 ./Drivers/STM32L4xx_HAL_Driver/Src/stm32l4xx_hal_cortex.o
 .debug_ranges  0x00000000000005d8       0x48 ./Drivers/STM32L4xx_HAL_Driver/Src/stm32l4xx_hal_gpio.o
 .debug_ranges  0x0000000000000620      0x158 ./Drivers/STM32L4xx_HAL_Driver/Src/stm32l4xx_hal_lptim.o
 .debug_ranges  0x0000000000000778      0x118 ./Drivers/STM32L4xx_HAL_Driver/Src/stm32l4xx_hal_pwr_ex.o
 .debug_ranges  0x0000000000000890       0x78 ./Drivers/STM32L4xx_HAL_Driver/Src/stm32l4xx_hal_rcc.o
 .debug_ranges  0x0000000000000908       0xe0 ./Drivers/STM32L4xx_HAL_Driver/Src/stm32l4xx_hal_rcc_ex.o
 .debug_ranges  0x00000000000009e8      0x3d0 ./Drivers/STM32L4xx_HAL_Driver/Src/stm32l4xx_hal_tim.o
 .debug_ranges  0x0000000000000db8      0x170 ./Drivers/STM32L4xx_HAL_Driver/Src/stm32l4xx_hal_tim_ex.o
 .debug_ranges  0x0000000000000f28      0x248 ./Drivers/STM32L4xx_HAL_Driver/Src/stm32l4xx_hal_uart.o

.debug_macro    0x0000000000000000    0x249c8
 .debug_macro   0x0000000000000000      0x202 ./Core/Src/L298_dc.o
 .debug_macro   0x0000000000000202      0xaa8 ./Core/Src/L298_dc.o
 .debug_macro   0x0000000000000caa      0x1b3 ./Core/Src/L298_dc.o
 .debug_macro   0x0000000000000e5d       0x2e ./Core/Src/L298_dc.o
 .debug_macro   0x0000000000000e8b       0x28 ./Core/Src/L298_dc.o
 .debug_macro   0x0000000000000eb3       0x22 ./Core/Src/L298_dc.o
 .debug_macro   0x0000000000000ed5       0x8e ./Core/Src/L298_dc.o
 .debug_macro   0x0000000000000f63       0x51 ./Core/Src/L298_dc.o
 .debug_macro   0x0000000000000fb4      0x103 ./Core/Src/L298_dc.o
 .debug_macro   0x00000000000010b7       0x6a ./Core/Src/L298_dc.o
 .debug_macro   0x0000000000001121      0x1df ./Core/Src/L298_dc.o
 .debug_macro   0x0000000000001300       0x1c ./Core/Src/L298_dc.o
 .debug_macro   0x000000000000131c       0x22 ./Core/Src/L298_dc.o
 .debug_macro   0x000000000000133e      0x101 ./Core/Src/L298_dc.o
 .debug_macro   0x000000000000143f     0x1011 ./Core/Src/L298_dc.o
 .debug_macro   0x0000000000002450      0x11f ./Core/Src/L298_dc.o
 .debug_macro   0x000000000000256f    0x1632f ./Core/Src/L298_dc.o
 .debug_macro   0x000000000001889e       0x43 ./Core/Src/L298_dc.o
 .debug_macro   0x00000000000188e1     0x3897 ./Core/Src/L298_dc.o
 .debug_macro   0x000000000001c178      0x174 ./Core/Src/L298_dc.o
 .debug_macro   0x000000000001c2ec       0x5c ./Core/Src/L298_dc.o
 .debug_macro   0x000000000001c348     0x13bb ./Core/Src/L298_dc.o
 .debug_macro   0x000000000001d703      0x63f ./Core/Src/L298_dc.o
 .debug_macro   0x000000000001dd42      0x13d ./Core/Src/L298_dc.o
 .debug_macro   0x000000000001de7f      0x168 ./Core/Src/L298_dc.o
 .debug_macro   0x000000000001dfe7      0x26b ./Core/Src/L298_dc.o
 .debug_macro   0x000000000001e252      0x23d ./Core/Src/L298_dc.o
 .debug_macro   0x000000000001e48f      0x241 ./Core/Src/L298_dc.o
 .debug_macro   0x000000000001e6d0      0x375 ./Core/Src/L298_dc.o
 .debug_macro   0x000000000001ea45       0xd6 ./Core/Src/L298_dc.o
 .debug_macro   0x000000000001eb1b      0x22c ./Core/Src/L298_dc.o
 .debug_macro   0x000000000001ed47       0x61 ./Core/Src/L298_dc.o
 .debug_macro   0x000000000001eda8       0xa5 ./Core/Src/L298_dc.o
 .debug_macro   0x000000000001ee4d      0x2b6 ./Core/Src/L298_dc.o
 .debug_macro   0x000000000001f103      0x122 ./Core/Src/L298_dc.o
 .debug_macro   0x000000000001f225      0x365 ./Core/Src/L298_dc.o
 .debug_macro   0x000000000001f58a      0xa75 ./Core/Src/L298_dc.o
 .debug_macro   0x000000000001ffff      0x151 ./Core/Src/L298_dc.o
 .debug_macro   0x0000000000020150      0x5ba ./Core/Src/L298_dc.o
 .debug_macro   0x000000000002070a       0x44 ./Core/Src/L298_dc.o
 .debug_macro   0x000000000002074e      0x2ec ./Core/Src/L298_dc.o
 .debug_macro   0x0000000000020a3a       0xd0 ./Core/Src/L298_dc.o
 .debug_macro   0x0000000000020b0a      0x31f ./Core/Src/ST7920_SERIAL.o
 .debug_macro   0x0000000000020e29       0x52 ./Core/Src/ST7920_SERIAL.o
 .debug_macro   0x0000000000020e7b       0x18 ./Core/Src/ST7920_SERIAL.o
 .debug_macro   0x0000000000020e93       0x3c ./Core/Src/ST7920_SERIAL.o
 .debug_macro   0x0000000000020ecf       0x34 ./Core/Src/ST7920_SERIAL.o
 .debug_macro   0x0000000000020f03       0x16 ./Core/Src/ST7920_SERIAL.o
 .debug_macro   0x0000000000020f19       0x43 ./Core/Src/ST7920_SERIAL.o
 .debug_macro   0x0000000000020f5c       0x34 ./Core/Src/ST7920_SERIAL.o
 .debug_macro   0x0000000000020f90       0x10 ./Core/Src/ST7920_SERIAL.o
 .debug_macro   0x0000000000020fa0       0x58 ./Core/Src/ST7920_SERIAL.o
 .debug_macro   0x0000000000020ff8       0x71 ./Core/Src/ST7920_SERIAL.o
 .debug_macro   0x0000000000021069       0x1c ./Core/Src/ST7920_SERIAL.o
 .debug_macro   0x0000000000021085      0x12a ./Core/Src/ST7920_SERIAL.o
 .debug_macro   0x00000000000211af      0x333 ./Core/Src/ST7920_SERIAL.o
 .debug_macro   0x00000000000214e2       0x10 ./Core/Src/ST7920_SERIAL.o
 .debug_macro   0x00000000000214f2       0x35 ./Core/Src/ST7920_SERIAL.o
 .debug_macro   0x0000000000021527       0x20 ./Core/Src/ST7920_SERIAL.o
 .debug_macro   0x0000000000021547      0x210 ./Core/Src/delay.o
 .debug_macro   0x0000000000021757      0x248 ./Core/Src/encoder.o
 .debug_macro   0x000000000002199f       0x10 ./Core/Src/encoder.o
 .debug_macro   0x00000000000219af       0x2e ./Core/Src/encoder.o
 .debug_macro   0x00000000000219dd      0x214 ./Core/Src/filament_cutter.o
 .debug_macro   0x0000000000021bf1      0x1fc ./Core/Src/gpio.o
 .debug_macro   0x0000000000021ded      0x1fc ./Core/Src/lptim.o
 .debug_macro   0x0000000000021fe9      0x3e3 ./Core/Src/main.o
 .debug_macro   0x00000000000223cc       0x16 ./Core/Src/main.o
 .debug_macro   0x00000000000223e2       0x10 ./Core/Src/main.o
 .debug_macro   0x00000000000223f2       0x10 ./Core/Src/main.o
 .debug_macro   0x0000000000022402       0x1c ./Core/Src/main.o
 .debug_macro   0x000000000002241e       0x52 ./Core/Src/main.o
 .debug_macro   0x0000000000022470       0x22 ./Core/Src/main.o
 .debug_macro   0x0000000000022492       0x10 ./Core/Src/main.o
 .debug_macro   0x00000000000224a2       0x40 ./Core/Src/main.o
 .debug_macro   0x00000000000224e2       0xd5 ./Core/Src/main.o
 .debug_macro   0x00000000000225b7       0x1c ./Core/Src/main.o
 .debug_macro   0x00000000000225d3       0x3d ./Core/Src/main.o
 .debug_macro   0x0000000000022610       0x16 ./Core/Src/main.o
 .debug_macro   0x0000000000022626      0x145 ./Core/Src/main.o
 .debug_macro   0x000000000002276b      0x228 ./Core/Src/menu_LCD.o
 .debug_macro   0x0000000000022993      0x223 ./Core/Src/stepper.o
 .debug_macro   0x0000000000022bb6      0x1f2 ./Core/Src/stm32l4xx_hal_msp.o
 .debug_macro   0x0000000000022da8      0x1fc ./Core/Src/stm32l4xx_it.o
 .debug_macro   0x0000000000022fa4      0x1e3 ./Core/Src/system_stm32l4xx.o
 .debug_macro   0x0000000000023187      0x1fc ./Core/Src/tim.o
 .debug_macro   0x0000000000023383      0x1fc ./Core/Src/usart.o
 .debug_macro   0x000000000002357f      0x231 ./Drivers/STM32L4xx_HAL_Driver/Src/stm32l4xx_hal.o
 .debug_macro   0x00000000000237b0      0x1e3 ./Drivers/STM32L4xx_HAL_Driver/Src/stm32l4xx_hal_cortex.o
 .debug_macro   0x0000000000023993      0x222 ./Drivers/STM32L4xx_HAL_Driver/Src/stm32l4xx_hal_gpio.o
 .debug_macro   0x0000000000023bb5      0x1f9 ./Drivers/STM32L4xx_HAL_Driver/Src/stm32l4xx_hal_lptim.o
 .debug_macro   0x0000000000023dae      0x207 ./Drivers/STM32L4xx_HAL_Driver/Src/stm32l4xx_hal_pwr_ex.o
 .debug_macro   0x0000000000023fb5      0x225 ./Drivers/STM32L4xx_HAL_Driver/Src/stm32l4xx_hal_rcc.o
 .debug_macro   0x00000000000241da      0x219 ./Drivers/STM32L4xx_HAL_Driver/Src/stm32l4xx_hal_rcc_ex.o
 .debug_macro   0x00000000000243f3      0x1e4 ./Drivers/STM32L4xx_HAL_Driver/Src/stm32l4xx_hal_tim.o
 .debug_macro   0x00000000000245d7      0x1e3 ./Drivers/STM32L4xx_HAL_Driver/Src/stm32l4xx_hal_tim_ex.o
 .debug_macro   0x00000000000247ba      0x20e ./Drivers/STM32L4xx_HAL_Driver/Src/stm32l4xx_hal_uart.o

.debug_line     0x0000000000000000    0x15c7e
 .debug_line    0x0000000000000000      0x8cd ./Core/Src/L298_dc.o
 .debug_line    0x00000000000008cd      0xeaf ./Core/Src/ST7920_SERIAL.o
 .debug_line    0x000000000000177c      0x75e ./Core/Src/delay.o
 .debug_line    0x0000000000001eda      0x965 ./Core/Src/encoder.o
 .debug_line    0x000000000000283f      0x77c ./Core/Src/filament_cutter.o
 .debug_line    0x0000000000002fbb      0x743 ./Core/Src/gpio.o
 .debug_line    0x00000000000036fe      0x795 ./Core/Src/lptim.o
 .debug_line    0x0000000000003e93      0xa65 ./Core/Src/main.o
 .debug_line    0x00000000000048f8      0xa10 ./Core/Src/menu_LCD.o
 .debug_line    0x0000000000005308      0x8ce ./Core/Src/stepper.o
 .debug_line    0x0000000000005bd6      0x712 ./Core/Src/stm32l4xx_hal_msp.o
 .debug_line    0x00000000000062e8      0x84d ./Core/Src/stm32l4xx_it.o
 .debug_line    0x0000000000006b35      0x7c2 ./Core/Src/system_stm32l4xx.o
 .debug_line    0x00000000000072f7      0xa4f ./Core/Src/tim.o
 .debug_line    0x0000000000007d46      0x793 ./Core/Src/usart.o
 .debug_line    0x00000000000084d9       0x87 ./Core/Startup/startup_stm32l452retx.o
 .debug_line    0x0000000000008560      0xb02 ./Drivers/STM32L4xx_HAL_Driver/Src/stm32l4xx_hal.o
 .debug_line    0x0000000000009062      0xca8 ./Drivers/STM32L4xx_HAL_Driver/Src/stm32l4xx_hal_cortex.o
 .debug_line    0x0000000000009d0a      0xb25 ./Drivers/STM32L4xx_HAL_Driver/Src/stm32l4xx_hal_gpio.o
 .debug_line    0x000000000000a82f     0x118f ./Drivers/STM32L4xx_HAL_Driver/Src/stm32l4xx_hal_lptim.o
 .debug_line    0x000000000000b9be      0xc08 ./Drivers/STM32L4xx_HAL_Driver/Src/stm32l4xx_hal_pwr_ex.o
 .debug_line    0x000000000000c5c6      0xf87 ./Drivers/STM32L4xx_HAL_Driver/Src/stm32l4xx_hal_rcc.o
 .debug_line    0x000000000000d54d     0x13f2 ./Drivers/STM32L4xx_HAL_Driver/Src/stm32l4xx_hal_rcc_ex.o
 .debug_line    0x000000000000e93f     0x3aaa ./Drivers/STM32L4xx_HAL_Driver/Src/stm32l4xx_hal_tim.o
 .debug_line    0x00000000000123e9     0x1b27 ./Drivers/STM32L4xx_HAL_Driver/Src/stm32l4xx_hal_tim_ex.o
 .debug_line    0x0000000000013f10     0x1d6e ./Drivers/STM32L4xx_HAL_Driver/Src/stm32l4xx_hal_uart.o

.debug_str      0x0000000000000000    0xdc7f6
 .debug_str     0x0000000000000000    0xd3352 ./Core/Src/L298_dc.o
                                      0xd3733 (size before relaxing)
 .debug_str     0x00000000000d3352     0x344d ./Core/Src/ST7920_SERIAL.o
                                      0xd68ac (size before relaxing)
 .debug_str     0x00000000000d679f       0x37 ./Core/Src/delay.o
                                      0xd33f5 (size before relaxing)
 .debug_str     0x00000000000d67d6      0x4df ./Core/Src/encoder.o
                                      0xd3bdb (size before relaxing)
 .debug_str     0x00000000000d6cb5       0x4b ./Core/Src/filament_cutter.o
                                      0xd38c4 (size before relaxing)
 .debug_str     0x00000000000d6d00      0x1ae ./Core/Src/gpio.o
                                      0xd30c4 (size before relaxing)
 .debug_str     0x00000000000d6eae      0x607 ./Core/Src/lptim.o
                                      0xd3922 (size before relaxing)
 .debug_str     0x00000000000d74b5     0x131e ./Core/Src/main.o
                                      0xd7f9a (size before relaxing)
 .debug_str     0x00000000000d87d3       0xcc ./Core/Src/menu_LCD.o
                                      0xd360c (size before relaxing)
 .debug_str     0x00000000000d889f       0xd3 ./Core/Src/stepper.o
                                      0xd36e6 (size before relaxing)
 .debug_str     0x00000000000d8972       0x2c ./Core/Src/stm32l4xx_hal_msp.o
                                      0xd3027 (size before relaxing)
 .debug_str     0x00000000000d899e      0x125 ./Core/Src/stm32l4xx_it.o
                                      0xd367f (size before relaxing)
 .debug_str     0x00000000000d8ac3       0xb8 ./Core/Src/system_stm32l4xx.o
                                      0xd2d93 (size before relaxing)
 .debug_str     0x00000000000d8b7b      0x38f ./Core/Src/tim.o
                                      0xd3d9f (size before relaxing)
 .debug_str     0x00000000000d8f0a       0x57 ./Core/Src/usart.o
                                      0xd36bb (size before relaxing)
 .debug_str     0x00000000000d8f61       0x36 ./Core/Startup/startup_stm32l452retx.o
                                         0x72 (size before relaxing)
 .debug_str     0x00000000000d8f97      0x5f5 ./Drivers/STM32L4xx_HAL_Driver/Src/stm32l4xx_hal.o
                                      0xd383f (size before relaxing)
 .debug_str     0x00000000000d958c      0x389 ./Drivers/STM32L4xx_HAL_Driver/Src/stm32l4xx_hal_cortex.o
                                      0xd3559 (size before relaxing)
 .debug_str     0x00000000000d9915      0x22d ./Drivers/STM32L4xx_HAL_Driver/Src/stm32l4xx_hal_gpio.o
                                      0xd3028 (size before relaxing)
 .debug_str     0x00000000000d9b42      0x583 ./Drivers/STM32L4xx_HAL_Driver/Src/stm32l4xx_hal_lptim.o
                                      0xd351a (size before relaxing)
 .debug_str     0x00000000000da0c5      0x45a ./Drivers/STM32L4xx_HAL_Driver/Src/stm32l4xx_hal_pwr_ex.o
                                      0xd324a (size before relaxing)
 .debug_str     0x00000000000da51f      0x34e ./Drivers/STM32L4xx_HAL_Driver/Src/stm32l4xx_hal_rcc.o
                                      0xd332a (size before relaxing)
 .debug_str     0x00000000000da86d      0x527 ./Drivers/STM32L4xx_HAL_Driver/Src/stm32l4xx_hal_rcc_ex.o
                                      0xd3606 (size before relaxing)
 .debug_str     0x00000000000dad94      0xc79 ./Drivers/STM32L4xx_HAL_Driver/Src/stm32l4xx_hal_tim.o
                                      0xd4025 (size before relaxing)
 .debug_str     0x00000000000dba0d      0x540 ./Drivers/STM32L4xx_HAL_Driver/Src/stm32l4xx_hal_tim_ex.o
                                      0xd38f7 (size before relaxing)
 .debug_str     0x00000000000dbf4d      0x8a9 ./Drivers/STM32L4xx_HAL_Driver/Src/stm32l4xx_hal_uart.o
                                      0xd39f2 (size before relaxing)

.comment        0x0000000000000000       0x53
 .comment       0x0000000000000000       0x53 ./Core/Src/L298_dc.o
                                         0x54 (size before relaxing)
 .comment       0x0000000000000053       0x54 ./Core/Src/ST7920_SERIAL.o
 .comment       0x0000000000000053       0x54 ./Core/Src/delay.o
 .comment       0x0000000000000053       0x54 ./Core/Src/encoder.o
 .comment       0x0000000000000053       0x54 ./Core/Src/filament_cutter.o
 .comment       0x0000000000000053       0x54 ./Core/Src/gpio.o
 .comment       0x0000000000000053       0x54 ./Core/Src/lptim.o
 .comment       0x0000000000000053       0x54 ./Core/Src/main.o
 .comment       0x0000000000000053       0x54 ./Core/Src/menu_LCD.o
 .comment       0x0000000000000053       0x54 ./Core/Src/stepper.o
 .comment       0x0000000000000053       0x54 ./Core/Src/stm32l4xx_hal_msp.o
 .comment       0x0000000000000053       0x54 ./Core/Src/stm32l4xx_it.o
 .comment       0x0000000000000053       0x54 ./Core/Src/system_stm32l4xx.o
 .comment       0x0000000000000053       0x54 ./Core/Src/tim.o
 .comment       0x0000000000000053       0x54 ./Core/Src/usart.o
 .comment       0x0000000000000053       0x54 ./Drivers/STM32L4xx_HAL_Driver/Src/stm32l4xx_hal.o
 .comment       0x0000000000000053       0x54 ./Drivers/STM32L4xx_HAL_Driver/Src/stm32l4xx_hal_cortex.o
 .comment       0x0000000000000053       0x54 ./Drivers/STM32L4xx_HAL_Driver/Src/stm32l4xx_hal_gpio.o
 .comment       0x0000000000000053       0x54 ./Drivers/STM32L4xx_HAL_Driver/Src/stm32l4xx_hal_lptim.o
 .comment       0x0000000000000053       0x54 ./Drivers/STM32L4xx_HAL_Driver/Src/stm32l4xx_hal_pwr_ex.o
 .comment       0x0000000000000053       0x54 ./Drivers/STM32L4xx_HAL_Driver/Src/stm32l4xx_hal_rcc.o
 .comment       0x0000000000000053       0x54 ./Drivers/STM32L4xx_HAL_Driver/Src/stm32l4xx_hal_rcc_ex.o
 .comment       0x0000000000000053       0x54 ./Drivers/STM32L4xx_HAL_Driver/Src/stm32l4xx_hal_tim.o
 .comment       0x0000000000000053       0x54 ./Drivers/STM32L4xx_HAL_Driver/Src/stm32l4xx_hal_tim_ex.o
 .comment       0x0000000000000053       0x54 ./Drivers/STM32L4xx_HAL_Driver/Src/stm32l4xx_hal_uart.o

.debug_frame    0x0000000000000000     0x4d60
 .debug_frame   0x0000000000000000      0x138 ./Core/Src/L298_dc.o
 .debug_frame   0x0000000000000138      0x280 ./Core/Src/ST7920_SERIAL.o
 .debug_frame   0x00000000000003b8       0x78 ./Core/Src/delay.o
 .debug_frame   0x0000000000000430      0x120 ./Core/Src/encoder.o
 .debug_frame   0x0000000000000550       0x5c ./Core/Src/filament_cutter.o
 .debug_frame   0x00000000000005ac       0x34 ./Core/Src/gpio.o
 .debug_frame   0x00000000000005e0       0x78 ./Core/Src/lptim.o
 .debug_frame   0x0000000000000658       0xb4 ./Core/Src/main.o
 .debug_frame   0x000000000000070c      0x178 ./Core/Src/menu_LCD.o
 .debug_frame   0x0000000000000884      0x13c ./Core/Src/stepper.o
 .debug_frame   0x00000000000009c0       0x38 ./Core/Src/stm32l4xx_hal_msp.o
 .debug_frame   0x00000000000009f8      0x190 ./Core/Src/stm32l4xx_it.o
 .debug_frame   0x0000000000000b88       0x58 ./Core/Src/system_stm32l4xx.o
 .debug_frame   0x0000000000000be0      0x178 ./Core/Src/tim.o
 .debug_frame   0x0000000000000d58       0x78 ./Core/Src/usart.o
 .debug_frame   0x0000000000000dd0      0x498 ./Drivers/STM32L4xx_HAL_Driver/Src/stm32l4xx_hal.o
 .debug_frame   0x0000000000001268      0x498 ./Drivers/STM32L4xx_HAL_Driver/Src/stm32l4xx_hal_cortex.o
 .debug_frame   0x0000000000001700      0x14c ./Drivers/STM32L4xx_HAL_Driver/Src/stm32l4xx_hal_gpio.o
 .debug_frame   0x000000000000184c      0x630 ./Drivers/STM32L4xx_HAL_Driver/Src/stm32l4xx_hal_lptim.o
 .debug_frame   0x0000000000001e7c      0x4a4 ./Drivers/STM32L4xx_HAL_Driver/Src/stm32l4xx_hal_pwr_ex.o
 .debug_frame   0x0000000000002320      0x1f4 ./Drivers/STM32L4xx_HAL_Driver/Src/stm32l4xx_hal_rcc.o
 .debug_frame   0x0000000000002514      0x3d0 ./Drivers/STM32L4xx_HAL_Driver/Src/stm32l4xx_hal_rcc_ex.o
 .debug_frame   0x00000000000028e4     0x121c ./Drivers/STM32L4xx_HAL_Driver/Src/stm32l4xx_hal_tim.o
 .debug_frame   0x0000000000003b00      0x6b0 ./Drivers/STM32L4xx_HAL_Driver/Src/stm32l4xx_hal_tim_ex.o
 .debug_frame   0x00000000000041b0      0x9e4 ./Drivers/STM32L4xx_HAL_Driver/Src/stm32l4xx_hal_uart.o
 .debug_frame   0x0000000000004b94       0x2c c:/st/stm32cubeide_1.7.0/stm32cubeide/plugins/com.st.stm32cube.ide.mcu.externaltools.gnu-tools-for-stm32.9-2020-q2-update.win32_2.0.0.202105311346/tools/bin/../lib/gcc/arm-none-eabi/9.3.1/../../../../arm-none-eabi/lib/thumb/v7e-m+fp/hard\libc_nano.a(lib_a-init.o)
 .debug_frame   0x0000000000004bc0       0x20 c:/st/stm32cubeide_1.7.0/stm32cubeide/plugins/com.st.stm32cube.ide.mcu.externaltools.gnu-tools-for-stm32.9-2020-q2-update.win32_2.0.0.202105311346/tools/bin/../lib/gcc/arm-none-eabi/9.3.1/../../../../arm-none-eabi/lib/thumb/v7e-m+fp/hard\libc_nano.a(lib_a-memset.o)
 .debug_frame   0x0000000000004be0       0xac c:/st/stm32cubeide_1.7.0/stm32cubeide/plugins/com.st.stm32cube.ide.mcu.externaltools.gnu-tools-for-stm32.9-2020-q2-update.win32_2.0.0.202105311346/tools/bin/../lib/gcc/arm-none-eabi/9.3.1/thumb/v7e-m+fp/hard\libgcc.a(_arm_addsubdf3.o)
 .debug_frame   0x0000000000004c8c       0x50 c:/st/stm32cubeide_1.7.0/stm32cubeide/plugins/com.st.stm32cube.ide.mcu.externaltools.gnu-tools-for-stm32.9-2020-q2-update.win32_2.0.0.202105311346/tools/bin/../lib/gcc/arm-none-eabi/9.3.1/thumb/v7e-m+fp/hard\libgcc.a(_arm_muldivdf3.o)
 .debug_frame   0x0000000000004cdc       0x24 c:/st/stm32cubeide_1.7.0/stm32cubeide/plugins/com.st.stm32cube.ide.mcu.externaltools.gnu-tools-for-stm32.9-2020-q2-update.win32_2.0.0.202105311346/tools/bin/../lib/gcc/arm-none-eabi/9.3.1/thumb/v7e-m+fp/hard\libgcc.a(_arm_fixunsdfsi.o)
 .debug_frame   0x0000000000004d00       0x2c c:/st/stm32cubeide_1.7.0/stm32cubeide/plugins/com.st.stm32cube.ide.mcu.externaltools.gnu-tools-for-stm32.9-2020-q2-update.win32_2.0.0.202105311346/tools/bin/../lib/gcc/arm-none-eabi/9.3.1/thumb/v7e-m+fp/hard\libgcc.a(_aeabi_uldivmod.o)
 .debug_frame   0x0000000000004d2c       0x34 c:/st/stm32cubeide_1.7.0/stm32cubeide/plugins/com.st.stm32cube.ide.mcu.externaltools.gnu-tools-for-stm32.9-2020-q2-update.win32_2.0.0.202105311346/tools/bin/../lib/gcc/arm-none-eabi/9.3.1/thumb/v7e-m+fp/hard\libgcc.a(_udivmoddi4.o)
