Archive member included to satisfy reference by file (symbol)

c:/st/stm32cubeide_1.7.0/stm32cubeide/plugins/com.st.stm32cube.ide.mcu.externaltools.gnu-tools-for-stm32.9-2020-q2-update.win32_2.0.0.202105311346/tools/bin/../lib/gcc/arm-none-eabi/9.3.1/../../../../arm-none-eabi/lib/thumb/v7e-m+fp/hard\libc_nano.a(lib_a-errno.o)
                              ./Core/Src/syscalls.o (__errno)
c:/st/stm32cubeide_1.7.0/stm32cubeide/plugins/com.st.stm32cube.ide.mcu.externaltools.gnu-tools-for-stm32.9-2020-q2-update.win32_2.0.0.202105311346/tools/bin/../lib/gcc/arm-none-eabi/9.3.1/../../../../arm-none-eabi/lib/thumb/v7e-m+fp/hard\libc_nano.a(lib_a-exit.o)
                              c:/st/stm32cubeide_1.7.0/stm32cubeide/plugins/com.st.stm32cube.ide.mcu.externaltools.gnu-tools-for-stm32.9-2020-q2-update.win32_2.0.0.202105311346/tools/bin/../lib/gcc/arm-none-eabi/9.3.1/../../../../arm-none-eabi/lib/thumb/v7e-m+fp/hard/crt0.o (exit)
c:/st/stm32cubeide_1.7.0/stm32cubeide/plugins/com.st.stm32cube.ide.mcu.externaltools.gnu-tools-for-stm32.9-2020-q2-update.win32_2.0.0.202105311346/tools/bin/../lib/gcc/arm-none-eabi/9.3.1/../../../../arm-none-eabi/lib/thumb/v7e-m+fp/hard\libc_nano.a(lib_a-impure.o)
                              c:/st/stm32cubeide_1.7.0/stm32cubeide/plugins/com.st.stm32cube.ide.mcu.externaltools.gnu-tools-for-stm32.9-2020-q2-update.win32_2.0.0.202105311346/tools/bin/../lib/gcc/arm-none-eabi/9.3.1/../../../../arm-none-eabi/lib/thumb/v7e-m+fp/hard\libc_nano.a(lib_a-exit.o) (_global_impure_ptr)
c:/st/stm32cubeide_1.7.0/stm32cubeide/plugins/com.st.stm32cube.ide.mcu.externaltools.gnu-tools-for-stm32.9-2020-q2-update.win32_2.0.0.202105311346/tools/bin/../lib/gcc/arm-none-eabi/9.3.1/../../../../arm-none-eabi/lib/thumb/v7e-m+fp/hard\libc_nano.a(lib_a-init.o)
                              c:/st/stm32cubeide_1.7.0/stm32cubeide/plugins/com.st.stm32cube.ide.mcu.externaltools.gnu-tools-for-stm32.9-2020-q2-update.win32_2.0.0.202105311346/tools/bin/../lib/gcc/arm-none-eabi/9.3.1/../../../../arm-none-eabi/lib/thumb/v7e-m+fp/hard/crt0.o (__libc_init_array)
c:/st/stm32cubeide_1.7.0/stm32cubeide/plugins/com.st.stm32cube.ide.mcu.externaltools.gnu-tools-for-stm32.9-2020-q2-update.win32_2.0.0.202105311346/tools/bin/../lib/gcc/arm-none-eabi/9.3.1/../../../../arm-none-eabi/lib/thumb/v7e-m+fp/hard\libc_nano.a(lib_a-memset.o)
                              c:/st/stm32cubeide_1.7.0/stm32cubeide/plugins/com.st.stm32cube.ide.mcu.externaltools.gnu-tools-for-stm32.9-2020-q2-update.win32_2.0.0.202105311346/tools/bin/../lib/gcc/arm-none-eabi/9.3.1/../../../../arm-none-eabi/lib/thumb/v7e-m+fp/hard/crt0.o (memset)
c:/st/stm32cubeide_1.7.0/stm32cubeide/plugins/com.st.stm32cube.ide.mcu.externaltools.gnu-tools-for-stm32.9-2020-q2-update.win32_2.0.0.202105311346/tools/bin/../lib/gcc/arm-none-eabi/9.3.1/thumb/v7e-m+fp/hard\libgcc.a(_arm_muldf3.o)
                              ./Core/Src/stepper.o (__aeabi_dmul)
c:/st/stm32cubeide_1.7.0/stm32cubeide/plugins/com.st.stm32cube.ide.mcu.externaltools.gnu-tools-for-stm32.9-2020-q2-update.win32_2.0.0.202105311346/tools/bin/../lib/gcc/arm-none-eabi/9.3.1/thumb/v7e-m+fp/hard\libgcc.a(_arm_addsubdf3.o)
                              ./Core/Src/stepper.o (__aeabi_ui2d)
c:/st/stm32cubeide_1.7.0/stm32cubeide/plugins/com.st.stm32cube.ide.mcu.externaltools.gnu-tools-for-stm32.9-2020-q2-update.win32_2.0.0.202105311346/tools/bin/../lib/gcc/arm-none-eabi/9.3.1/thumb/v7e-m+fp/hard\libgcc.a(_arm_muldivdf3.o)
                              ./Core/Src/stepper.o (__aeabi_ddiv)
c:/st/stm32cubeide_1.7.0/stm32cubeide/plugins/com.st.stm32cube.ide.mcu.externaltools.gnu-tools-for-stm32.9-2020-q2-update.win32_2.0.0.202105311346/tools/bin/../lib/gcc/arm-none-eabi/9.3.1/thumb/v7e-m+fp/hard\libgcc.a(_arm_fixunsdfsi.o)
                              ./Core/Src/stepper.o (__aeabi_d2uiz)
c:/st/stm32cubeide_1.7.0/stm32cubeide/plugins/com.st.stm32cube.ide.mcu.externaltools.gnu-tools-for-stm32.9-2020-q2-update.win32_2.0.0.202105311346/tools/bin/../lib/gcc/arm-none-eabi/9.3.1/thumb/v7e-m+fp/hard\libgcc.a(_aeabi_uldivmod.o)
                              ./Drivers/STM32L4xx_HAL_Driver/Src/stm32l4xx_hal_uart.o (__aeabi_uldivmod)
c:/st/stm32cubeide_1.7.0/stm32cubeide/plugins/com.st.stm32cube.ide.mcu.externaltools.gnu-tools-for-stm32.9-2020-q2-update.win32_2.0.0.202105311346/tools/bin/../lib/gcc/arm-none-eabi/9.3.1/thumb/v7e-m+fp/hard\libgcc.a(_udivmoddi4.o)
                              c:/st/stm32cubeide_1.7.0/stm32cubeide/plugins/com.st.stm32cube.ide.mcu.externaltools.gnu-tools-for-stm32.9-2020-q2-update.win32_2.0.0.202105311346/tools/bin/../lib/gcc/arm-none-eabi/9.3.1/thumb/v7e-m+fp/hard\libgcc.a(_aeabi_uldivmod.o) (__udivmoddi4)
c:/st/stm32cubeide_1.7.0/stm32cubeide/plugins/com.st.stm32cube.ide.mcu.externaltools.gnu-tools-for-stm32.9-2020-q2-update.win32_2.0.0.202105311346/tools/bin/../lib/gcc/arm-none-eabi/9.3.1/thumb/v7e-m+fp/hard\libgcc.a(_dvmd_tls.o)
[...]
Memory Configuration

Name             Origin             Length             Attributes
RAM              0x0000000020000000 0x0000000000028000 xrw
FLASH            0x0000000008000000 0x0000000000080000 xr
*default*        0x0000000000000000 0xffffffffffffffff

Linker script and memory map

LOAD c:/st/stm32cubeide_1.7.0/stm32cubeide/plugins/com.st.stm32cube.ide.mcu.externaltools.gnu-tools-for-stm32.9-2020-q2-update.win32_2.0.0.202105311346/tools/bin/../lib/gcc/arm-none-eabi/9.3.1/thumb/v7e-m+fp/hard/crti.o
LOAD c:/st/stm32cubeide_1.7.0/stm32cubeide/plugins/com.st.stm32cube.ide.mcu.externaltools.gnu-tools-for-stm32.9-2020-q2-update.win32_2.0.0.202105311346/tools/bin/../lib/gcc/arm-none-eabi/9.3.1/thumb/v7e-m+fp/hard/crtbegin.o
LOAD c:/st/stm32cubeide_1.7.0/stm32cubeide/plugins/com.st.stm32cube.ide.mcu.externaltools.gnu-tools-for-stm32.9-2020-q2-update.win32_2.0.0.202105311346/tools/bin/../lib/gcc/arm-none-eabi/9.3.1/../../../../arm-none-eabi/lib/thumb/v7e-m+fp/hard/crt0.o
LOAD ./Core/Src/L298_dc.o
LOAD ./Core/Src/ST7920_SERIAL.o
LOAD ./Core/Src/delay.o
LOAD ./Core/Src/encoder.o
LOAD ./Core/Src/gpio.o
LOAD ./Core/Src/lptim.o
LOAD ./Core/Src/main.o
LOAD ./Core/Src/menu_LCD.o
LOAD ./Core/Src/stepper.o
LOAD ./Core/Src/stm32l4xx_hal_msp.o
LOAD ./Core/Src/stm32l4xx_it.o
LOAD ./Core/Src/syscalls.o
LOAD ./Core/Src/sysmem.o
LOAD ./Core/Src/system_stm32l4xx.o
LOAD ./Core/Src/tim.o
LOAD ./Core/Src/usart.o
LOAD ./Core/Startup/startup_stm32l452retx.o
LOAD ./Drivers/STM32L4xx_HAL_Driver/Src/stm32l4xx_hal.o
LOAD ./Drivers/STM32L4xx_HAL_Driver/Src/stm32l4xx_hal_cortex.o
LOAD ./Drivers/STM32L4xx_HAL_Driver/Src/stm32l4xx_hal_dma.o
LOAD ./Drivers/STM32L4xx_HAL_Driver/Src/stm32l4xx_hal_dma_ex.o
LOAD ./Drivers/STM32L4xx_HAL_Driver/Src/stm32l4xx_hal_exti.o
LOAD ./Drivers/STM32L4xx_HAL_Driver/Src/stm32l4xx_hal_flash.o
LOAD ./Drivers/STM32L4xx_HAL_Driver/Src/stm32l4xx_hal_flash_ex.o
LOAD ./Drivers/STM32L4xx_HAL_Driver/Src/stm32l4xx_hal_flash_ramfunc.o
LOAD ./Drivers/STM32L4xx_HAL_Driver/Src/stm32l4xx_hal_gpio.o
LOAD ./Drivers/STM32L4xx_HAL_Driver/Src/stm32l4xx_hal_i2c.o
LOAD ./Drivers/STM32L4xx_HAL_Driver/Src/stm32l4xx_hal_i2c_ex.o
LOAD ./Drivers/STM32L4xx_HAL_Driver/Src/stm32l4xx_hal_lptim.o
LOAD ./Drivers/STM32L4xx_HAL_Driver/Src/stm32l4xx_hal_pwr.o
LOAD ./Drivers/STM32L4xx_HAL_Driver/Src/stm32l4xx_hal_pwr_ex.o
LOAD ./Drivers/STM32L4xx_HAL_Driver/Src/stm32l4xx_hal_rcc.o
LOAD ./Drivers/STM32L4xx_HAL_Driver/Src/stm32l4xx_hal_rcc_ex.o
LOAD ./Drivers/STM32L4xx_HAL_Driver/Src/stm32l4xx_hal_tim.o
LOAD ./Drivers/STM32L4xx_HAL_Driver/Src/stm32l4xx_hal_tim_ex.o
LOAD ./Drivers/STM32L4xx_HAL_Driver/Src/stm32l4xx_hal_uart.o
LOAD ./Drivers/STM32L4xx_HAL_Driver/Src/stm32l4xx_hal_uart_ex.o
START GROUP
LOAD c:/st/stm32cubeide_1.7.0/stm32cubeide/plugins/com.st.stm32cube.ide.mcu.externaltools.gnu-tools-for-stm32.9-2020-q2-update.win32_2.0.0.202105311346/tools/bin/../lib/gcc/arm-none-eabi/9.3.1/../../../../arm-none-eabi/lib/thumb/v7e-m+fp/hard\libc_nano.a
LOAD c:/st/stm32cubeide_1.7.0/stm32cubeide/plugins/com.st.stm32cube.ide.mcu.externaltools.gnu-tools-for-stm32.9-2020-q2-update.win32_2.0.0.202105311346/tools/bin/../lib/gcc/arm-none-eabi/9.3.1/../../../../arm-none-eabi/lib/thumb/v7e-m+fp/hard\libm.a
END GROUP
START GROUP
LOAD c:/st/stm32cubeide_1.7.0/stm32cubeide/plugins/com.st.stm32cube.ide.mcu.externaltools.gnu-tools-for-stm32.9-2020-q2-update.win32_2.0.0.202105311346/tools/bin/../lib/gcc/arm-none-eabi/9.3.1/thumb/v7e-m+fp/hard\libgcc.a
LOAD c:/st/stm32cubeide_1.7.0/stm32cubeide/plugins/com.st.stm32cube.ide.mcu.externaltools.gnu-tools-for-stm32.9-2020-q2-update.win32_2.0.0.202105311346/tools/bin/../lib/gcc/arm-none-eabi/9.3.1/../../../../arm-none-eabi/lib/thumb/v7e-m+fp/hard\libc_nano.a
END GROUP
START GROUP
LOAD c:/st/stm32cubeide_1.7.0/stm32cubeide/plugins/com.st.stm32cube.ide.mcu.externaltools.gnu-tools-for-stm32.9-2020-q2-update.win32_2.0.0.202105311346/tools/bin/../lib/gcc/arm-none-eabi/9.3.1/thumb/v7e-m+fp/hard\libgcc.a
LOAD c:/st/stm32cubeide_1.7.0/stm32cubeide/plugins/com.st.stm32cube.ide.mcu.externaltools.gnu-tools-for-stm32.9-2020-q2-update.win32_2.0.0.202105311346/tools/bin/../lib/gcc/arm-none-eabi/9.3.1/../../../../arm-none-eabi/lib/thumb/v7e-m+fp/hard\libc_nano.a
LOAD c:/st/stm32cubeide_1.7.0/stm32cubeide/plugins/com.st.stm32cube.ide.mcu.externaltools.gnu-tools-for-stm32.9-2020-q2-update.win32_2.0.0.202105311346/tools/bin/../lib/gcc/arm-none-eabi/9.3.1/../../../../arm-none-eabi/lib/thumb/v7e-m+fp/hard\libnosys.a
END GROUP
START GROUP
LOAD c:/st/stm32cubeide_1.7.0/stm32cubeide/plugins/com.st.stm32cube.ide.mcu.externaltools.gnu-tools-for-stm32.9-2020-q2-update.win32_2.0.0.202105311346/tools/bin/../lib/gcc/arm-none-eabi/9.3.1/thumb/v7e-m+fp/hard\libgcc.a
LOAD c:/st/stm32cubeide_1.7.0/stm32cubeide/plugins/com.st.stm32cube.ide.mcu.externaltools.gnu-tools-for-stm32.9-2020-q2-update.win32_2.0.0.202105311346/tools/bin/../lib/gcc/arm-none-eabi/9.3.1/../../../../arm-none-eabi/lib/thumb/v7e-m+fp/hard\libc_nano.a
LOAD c:/st/stm32cubeide_1.7.0/stm32cubeide/plugins/com.st.stm32cube.ide.mcu.externaltools.gnu-tools-for-stm32.9-2020-q2-update.win32_2.0.0.202105311346/tools/bin/../lib/gcc/arm-none-eabi/9.3.1/../../../../arm-none-eabi/lib/thumb/v7e-m+fp/hard\libnosys.a
END GROUP
LOAD c:/st/stm32cubeide_1.7.0/stm32cubeide/plugins/com.st.stm32cube.ide.mcu.externaltools.gnu-tools-for-stm32.9-2020-q2-update.win32_2.0.0.202105311346/tools/bin/../lib/gcc/arm-none-eabi/9.3.1/thumb/v7e-m+fp/hard/crtend.o
LOAD c:/st/stm32cubeide_1.7.0/stm32cubeide/plugins/com.st.stm32cube.ide.mcu.externaltools.gnu-tools-for-stm32.9-2020-q2-update.win32_2.0.0.202105311346/tools/bin/../lib/gcc/arm-none-eabi/9.3.1/thumb/v7e-m+fp/hard/crtn.o
                0x0000000020028000                _estack = (ORIGIN (RAM) + LENGTH (RAM))
                0x0000000000000200                _Min_Heap_Size = 0x200
                0x0000000000000400                _Min_Stack_Size = 0x400

.isr_vector     0x0000000008000000      0x194
                0x0000000008000000                . = ALIGN (0x4)
 *(.isr_vector)
 .isr_vector    0x0000000008000000      0x194 ./Core/Startup/startup_stm32l452retx.o
                0x0000000008000000                g_pfnVectors
                0x0000000008000194                . = ALIGN (0x4)

.text           0x0000000008000198     0x7214
                0x0000000008000198                . = ALIGN (0x4)
 *(.text)
 .text          0x0000000008000198       0x40 c:/st/stm32cubeide_1.7.0/stm32cubeide/plugins/com.st.stm32cube.ide.mcu.externaltools.gnu-tools-for-stm32.9-2020-q2-update.win32_2.0.0.202105311346/tools/bin/../lib/gcc/arm-none-eabi/9.3.1/thumb/v7e-m+fp/hard/crtbegin.o
 .text          0x00000000080001d8      0x378 c:/st/stm32cubeide_1.7.0/stm32cubeide/plugins/com.st.stm32cube.ide.mcu.externaltools.gnu-tools-for-stm32.9-2020-q2-update.win32_2.0.0.202105311346/tools/bin/../lib/gcc/arm-none-eabi/9.3.1/thumb/v7e-m+fp/hard\libgcc.a(_arm_addsubdf3.o)
                0x00000000080001d8                __aeabi_drsub
                0x00000000080001e0                __aeabi_dsub
                0x00000000080001e0                __subdf3
                0x00000000080001e4                __aeabi_dadd
                0x00000000080001e4                __adddf3
                0x000000000800045c                __floatunsidf
                0x000000000800045c                __aeabi_ui2d
                0x000000000800047c                __floatsidf
                0x000000000800047c                __aeabi_i2d
                0x00000000080004a0                __aeabi_f2d
                0x00000000080004a0                __extendsfdf2
                0x00000000080004e4                __floatundidf
                0x00000000080004e4                __aeabi_ul2d
                0x00000000080004f4                __floatdidf
                0x00000000080004f4                __aeabi_l2d
 .text          0x0000000008000550      0x424 c:/st/stm32cubeide_1.7.0/stm32cubeide/plugins/com.st.stm32cube.ide.mcu.externaltools.gnu-tools-for-stm32.9-2020-q2-update.win32_2.0.0.202105311346/tools/bin/../lib/gcc/arm-none-eabi/9.3.1/thumb/v7e-m+fp/hard\libgcc.a(_arm_muldivdf3.o)
                0x0000000008000550                __aeabi_dmul
                0x0000000008000550                __muldf3
                0x00000000080007a4                __divdf3
                0x00000000080007a4                __aeabi_ddiv
 .text          0x0000000008000974       0x40 c:/st/stm32cubeide_1.7.0/stm32cubeide/plugins/com.st.stm32cube.ide.mcu.externaltools.gnu-tools-for-stm32.9-2020-q2-update.win32_2.0.0.202105311346/tools/bin/../lib/gcc/arm-none-eabi/9.3.1/thumb/v7e-m+fp/hard\libgcc.a(_arm_fixunsdfsi.o)
                0x0000000008000974                __aeabi_d2uiz
                0x0000000008000974                __fixunsdfsi
 .text          0x00000000080009b4       0x30 c:/st/stm32cubeide_1.7.0/stm32cubeide/plugins/com.st.stm32cube.ide.mcu.externaltools.gnu-tools-for-stm32.9-2020-q2-update.win32_2.0.0.202105311346/tools/bin/../lib/gcc/arm-none-eabi/9.3.1/thumb/v7e-m+fp/hard\libgcc.a(_aeabi_uldivmod.o)
                0x00000000080009b4                __aeabi_uldivmod
 .text          0x00000000080009e4      0x2c4 c:/st/stm32cubeide_1.7.0/stm32cubeide/plugins/com.st.stm32cube.ide.mcu.externaltools.gnu-tools-for-stm32.9-2020-q2-update.win32_2.0.0.202105311346/tools/bin/../lib/gcc/arm-none-eabi/9.3.1/thumb/v7e-m+fp/hard\libgcc.a(_udivmoddi4.o)
                0x00000000080009e4                __udivmoddi4
 .text          0x0000000008000ca8        0x4 c:/st/stm32cubeide_1.7.0/stm32cubeide/plugins/com.st.stm32cube.ide.mcu.externaltools.gnu-tools-for-stm32.9-2020-q2-update.win32_2.0.0.202105311346/tools/bin/../lib/gcc/arm-none-eabi/9.3.1/thumb/v7e-m+fp/hard\libgcc.a(_dvmd_tls.o)
                0x0000000008000ca8                __aeabi_idiv0
                0x0000000008000ca8                __aeabi_ldiv0
 *(.text*)
 .text.DC_motor_encoder_Init
                0x0000000008000cac       0x32 ./Core/Src/L298_dc.o
                0x0000000008000cac                DC_motor_encoder_Init
 .text.DC_motor_Init
                0x0000000008000cde       0x46 ./Core/Src/L298_dc.o
                0x0000000008000cde                DC_motor_Init
 .text.DC_set_speed
                0x0000000008000d24       0x9a ./Core/Src/L298_dc.o
                0x0000000008000d24                DC_set_speed
 .text.DC_set_direction
                0x0000000008000dbe       0x64 ./Core/Src/L298_dc.o
                0x0000000008000dbe                DC_set_direction
 .text.DC_rotate
                0x0000000008000e22       0x3c ./Core/Src/L298_dc.o
                0x0000000008000e22                DC_rotate
 .text.DC_stop  0x0000000008000e5e       0x9e ./Core/Src/L298_dc.o
                0x0000000008000e5e                DC_stop
 .text.DC_set_angle
                0x0000000008000efc       0x58 ./Core/Src/L298_dc.o
                0x0000000008000efc                DC_set_angle
 .text.SendByteSPI
                0x0000000008000f54       0x64 ./Core/Src/ST7920_SERIAL.o
                0x0000000008000f54                SendByteSPI
 .text.ST7920_SendCmd
                0x0000000008000fb8       0x50 ./Core/Src/ST7920_SERIAL.o
                0x0000000008000fb8                ST7920_SendCmd
 .text.ST7920_SendData
                0x0000000008001008       0x50 ./Core/Src/ST7920_SERIAL.o
                0x0000000008001008                ST7920_SendData
 .text.ST7920_SendString
                0x0000000008001058       0x88 ./Core/Src/ST7920_SERIAL.o
                0x0000000008001058                ST7920_SendString
 .text.ST7920_GraphicMode
                0x00000000080010e0       0x60 ./Core/Src/ST7920_SERIAL.o
                0x00000000080010e0                ST7920_GraphicMode
 .text.ST7920_DrawBitmap
                0x0000000008001140       0xf4 ./Core/Src/ST7920_SERIAL.o
                0x0000000008001140                ST7920_DrawBitmap
 .text.ST7920_Update
                0x0000000008001234       0x14 ./Core/Src/ST7920_SERIAL.o
                0x0000000008001234                ST7920_Update
 .text.ST7920_Clear
                0x0000000008001248       0xa0 ./Core/Src/ST7920_SERIAL.o
                0x0000000008001248                ST7920_Clear
 .text.ST7920_Init
                0x00000000080012e8       0x80 ./Core/Src/ST7920_SERIAL.o
                0x00000000080012e8                ST7920_Init
 .text.SetPixel
                0x0000000008001368       0xd4 ./Core/Src/ST7920_SERIAL.o
                0x0000000008001368                SetPixel
 .text.DrawLine
                0x000000000800143c       0xde ./Core/Src/ST7920_SERIAL.o
                0x000000000800143c                DrawLine
 *fill*         0x000000000800151a        0x2 
 .text.DrawRectangle
                0x000000000800151c      0x114 ./Core/Src/ST7920_SERIAL.o
                0x000000000800151c                DrawRectangle
 .text.DrawFilledRectangle
                0x0000000008001630       0xbc ./Core/Src/ST7920_SERIAL.o
                0x0000000008001630                DrawFilledRectangle
 .text.delay_init
                0x00000000080016ec       0x14 ./Core/Src/delay.o
                0x00000000080016ec                delay_init
 .text.delay_us
                0x0000000008001700       0x34 ./Core/Src/delay.o
                0x0000000008001700                delay_us
 .text.encoder_init
                0x0000000008001734       0x5c ./Core/Src/encoder.o
                0x0000000008001734                encoder_init
 .text.enc_get_counter
                0x0000000008001790       0x18 ./Core/Src/encoder.o
                0x0000000008001790                enc_get_counter
 .text.ENC_Button_RegisterPressCallback
                0x00000000080017a8       0x20 ./Core/Src/encoder.o
                0x00000000080017a8                ENC_Button_RegisterPressCallback
 .text.ENC_Button_DebounceRoutine
                0x00000000080017c8       0x58 ./Core/Src/encoder.o
                0x00000000080017c8                ENC_Button_DebounceRoutine
 .text.ENC_Button_IdleRoutine
                0x0000000008001820       0x30 ./Core/Src/encoder.o
                0x0000000008001820                ENC_Button_IdleRoutine
 .text.ENC_Button_PressedRoutine
                0x0000000008001850       0x24 ./Core/Src/encoder.o
                0x0000000008001850                ENC_Button_PressedRoutine
 .text.ENC_Button_Action
                0x0000000008001874       0x40 ./Core/Src/encoder.o
                0x0000000008001874                ENC_Button_Action
 .text.ENC_Button_PressedTask
                0x00000000080018b4       0xdc ./Core/Src/encoder.o
                0x00000000080018b4                ENC_Button_PressedTask
 .text.MX_GPIO_Init
                0x0000000008001990      0x114 ./Core/Src/gpio.o
                0x0000000008001990                MX_GPIO_Init
 .text.MX_LPTIM1_Init
                0x0000000008001aa4       0x68 ./Core/Src/lptim.o
                0x0000000008001aa4                MX_LPTIM1_Init
 .text.HAL_LPTIM_MspInit
                0x0000000008001b0c       0xcc ./Core/Src/lptim.o
                0x0000000008001b0c                HAL_LPTIM_MspInit
 .text.main     0x0000000008001bd8       0xb8 ./Core/Src/main.o
                0x0000000008001bd8                main
 .text.SystemClock_Config
                0x0000000008001c90       0xa2 ./Core/Src/main.o
                0x0000000008001c90                SystemClock_Config
 *fill*         0x0000000008001d32        0x2 
 .text.HAL_LPTIM_AutoReloadMatchCallback
                0x0000000008001d34       0x1c ./Core/Src/main.o
                0x0000000008001d34                HAL_LPTIM_AutoReloadMatchCallback
 .text.HAL_TIM_PeriodElapsedCallback
                0x0000000008001d50       0x40 ./Core/Src/main.o
                0x0000000008001d50                HAL_TIM_PeriodElapsedCallback
 .text.Error_Handler
                0x0000000008001d90        0xa ./Core/Src/main.o
                0x0000000008001d90                Error_Handler
 *fill*         0x0000000008001d9a        0x2 
 .text.update_first_layer
                0x0000000008001d9c       0xc8 ./Core/Src/menu_LCD.o
                0x0000000008001d9c                update_first_layer
 .text.update_second_layer
                0x0000000008001e64      0x15c ./Core/Src/menu_LCD.o
                0x0000000008001e64                update_second_layer
 .text.update_third_layer
                0x0000000008001fc0       0xc0 ./Core/Src/menu_LCD.o
                0x0000000008001fc0                update_third_layer
 .text.menu_update
                0x0000000008002080       0x44 ./Core/Src/menu_LCD.o
                0x0000000008002080                menu_update
 .text.Init_menu
                0x00000000080020c4       0x40 ./Core/Src/menu_LCD.o
                0x00000000080020c4                Init_menu
 .text.update_enc
                0x0000000008002104      0x1a2 ./Core/Src/menu_LCD.o
                0x0000000008002104                update_enc
 *fill*         0x00000000080022a6        0x2 
 .text.default_screen
                0x00000000080022a8       0x60 ./Core/Src/menu_LCD.o
                0x00000000080022a8                default_screen
 .text.settings_screen
                0x0000000008002308       0x50 ./Core/Src/menu_LCD.o
                0x0000000008002308                settings_screen
 .text.diameter_screen
                0x0000000008002358       0x34 ./Core/Src/menu_LCD.o
                0x0000000008002358                diameter_screen
 .text.stepper_init
                0x000000000800238c       0x38 ./Core/Src/stepper.o
                0x000000000800238c                stepper_init
 .text.stepper_stop
                0x00000000080023c4       0x9e ./Core/Src/stepper.o
                0x00000000080023c4                stepper_stop
 .text.stepper_set_dir
                0x0000000008002462       0x44 ./Core/Src/stepper.o
                0x0000000008002462                stepper_set_dir
 *fill*         0x00000000080024a6        0x2 
 .text.stepper_set_speed
                0x00000000080024a8      0x100 ./Core/Src/stepper.o
                0x00000000080024a8                stepper_set_speed
 .text.stepper_set_angle
                0x00000000080025a8       0xa4 ./Core/Src/stepper.o
                0x00000000080025a8                stepper_set_angle
 *fill*         0x000000000800264c        0x4 
 .text.stepper_meters_to_rotations
                0x0000000008002650       0x58 ./Core/Src/stepper.o
                0x0000000008002650                stepper_meters_to_rotations
 .text.stepper_grams_to_meters
                0x00000000080026a8       0xa0 ./Core/Src/stepper.o
                0x00000000080026a8                stepper_grams_to_meters
 .text.stepper_extrude_weight
                0x0000000008002748       0x44 ./Core/Src/stepper.o
                0x0000000008002748                stepper_extrude_weight
 .text.HAL_MspInit
                0x000000000800278c       0x48 ./Core/Src/stm32l4xx_hal_msp.o
                0x000000000800278c                HAL_MspInit
 .text.NMI_Handler
                0x00000000080027d4        0x6 ./Core/Src/stm32l4xx_it.o
                0x00000000080027d4                NMI_Handler
 .text.HardFault_Handler
                0x00000000080027da        0x6 ./Core/Src/stm32l4xx_it.o
                0x00000000080027da                HardFault_Handler
 .text.MemManage_Handler
                0x00000000080027e0        0x6 ./Core/Src/stm32l4xx_it.o
                0x00000000080027e0                MemManage_Handler
 .text.BusFault_Handler
                0x00000000080027e6        0x6 ./Core/Src/stm32l4xx_it.o
                0x00000000080027e6                BusFault_Handler
 .text.UsageFault_Handler
                0x00000000080027ec        0x6 ./Core/Src/stm32l4xx_it.o
                0x00000000080027ec                UsageFault_Handler
 .text.SVC_Handler
                0x00000000080027f2        0xe ./Core/Src/stm32l4xx_it.o
                0x00000000080027f2                SVC_Handler
 .text.DebugMon_Handler
                0x0000000008002800        0xe ./Core/Src/stm32l4xx_it.o
                0x0000000008002800                DebugMon_Handler
 .text.PendSV_Handler
                0x000000000800280e        0xe ./Core/Src/stm32l4xx_it.o
                0x000000000800280e                PendSV_Handler
 .text.SysTick_Handler
                0x000000000800281c        0xc ./Core/Src/stm32l4xx_it.o
                0x000000000800281c                SysTick_Handler
 .text.TIM1_BRK_TIM15_IRQHandler
                0x0000000008002828       0x14 ./Core/Src/stm32l4xx_it.o
                0x0000000008002828                TIM1_BRK_TIM15_IRQHandler
 .text.TIM1_UP_TIM16_IRQHandler
                0x000000000800283c       0x1c ./Core/Src/stm32l4xx_it.o
                0x000000000800283c                TIM1_UP_TIM16_IRQHandler
 .text.TIM1_CC_IRQHandler
                0x0000000008002858       0x14 ./Core/Src/stm32l4xx_it.o
                0x0000000008002858                TIM1_CC_IRQHandler
 .text.TIM2_IRQHandler
                0x000000000800286c       0x14 ./Core/Src/stm32l4xx_it.o
                0x000000000800286c                TIM2_IRQHandler
 .text.LPTIM1_IRQHandler
                0x0000000008002880       0x14 ./Core/Src/stm32l4xx_it.o
                0x0000000008002880                LPTIM1_IRQHandler
 .text.SystemInit
                0x0000000008002894       0x64 ./Core/Src/system_stm32l4xx.o
                0x0000000008002894                SystemInit
 .text.MX_TIM1_Init
                0x00000000080028f8      0x15c ./Core/Src/tim.o
                0x00000000080028f8                MX_TIM1_Init
 .text.MX_TIM2_Init
                0x0000000008002a54       0xa0 ./Core/Src/tim.o
                0x0000000008002a54                MX_TIM2_Init
 .text.MX_TIM3_Init
                0x0000000008002af4       0xac ./Core/Src/tim.o
                0x0000000008002af4                MX_TIM3_Init
 .text.MX_TIM6_Init
                0x0000000008002ba0       0x6c ./Core/Src/tim.o
                0x0000000008002ba0                MX_TIM6_Init
 .text.MX_TIM16_Init
                0x0000000008002c0c       0xf0 ./Core/Src/tim.o
                0x0000000008002c0c                MX_TIM16_Init
 .text.HAL_TIM_Base_MspInit
                0x0000000008002cfc      0x100 ./Core/Src/tim.o
                0x0000000008002cfc                HAL_TIM_Base_MspInit
 .text.HAL_TIM_Encoder_MspInit
                0x0000000008002dfc       0x84 ./Core/Src/tim.o
                0x0000000008002dfc                HAL_TIM_Encoder_MspInit
 .text.HAL_TIM_MspPostInit
                0x0000000008002e80       0xbc ./Core/Src/tim.o
                0x0000000008002e80                HAL_TIM_MspPostInit
 .text.MX_USART2_UART_Init
                0x0000000008002f3c       0x60 ./Core/Src/usart.o
                0x0000000008002f3c                MX_USART2_UART_Init
 .text.HAL_UART_MspInit
                0x0000000008002f9c       0xb8 ./Core/Src/usart.o
                0x0000000008002f9c                HAL_UART_MspInit
 .text.Reset_Handler
                0x0000000008003054       0x50 ./Core/Startup/startup_stm32l452retx.o
                0x0000000008003054                Reset_Handler
 .text.Default_Handler
                0x00000000080030a4        0x2 ./Core/Startup/startup_stm32l452retx.o
                0x00000000080030a4                RTC_Alarm_IRQHandler
                0x00000000080030a4                EXTI2_IRQHandler
                0x00000000080030a4                TSC_IRQHandler
                0x00000000080030a4                TAMP_STAMP_IRQHandler
                0x00000000080030a4                EXTI3_IRQHandler
                0x00000000080030a4                LPTIM2_IRQHandler
                0x00000000080030a4                DFSDM1_FLT1_IRQHandler
                0x00000000080030a4                I2C3_ER_IRQHandler
                0x00000000080030a4                EXTI0_IRQHandler
                0x00000000080030a4                I2C2_EV_IRQHandler
                0x00000000080030a4                CAN1_RX0_IRQHandler
                0x00000000080030a4                FPU_IRQHandler
                0x00000000080030a4                SPI1_IRQHandler
                0x00000000080030a4                TIM6_DAC_IRQHandler
                0x00000000080030a4                DMA2_Channel2_IRQHandler
                0x00000000080030a4                DMA1_Channel4_IRQHandler
                0x00000000080030a4                ADC1_IRQHandler
                0x00000000080030a4                USART3_IRQHandler
                0x00000000080030a4                DMA1_Channel7_IRQHandler
                0x00000000080030a4                CAN1_RX1_IRQHandler
                0x00000000080030a4                DMA2_Channel1_IRQHandler
                0x00000000080030a4                QUADSPI_IRQHandler
                0x00000000080030a4                I2C1_EV_IRQHandler
                0x00000000080030a4                DMA1_Channel6_IRQHandler
                0x00000000080030a4                UART4_IRQHandler
                0x00000000080030a4                DMA2_Channel4_IRQHandler
                0x00000000080030a4                TIM3_IRQHandler
                0x00000000080030a4                RCC_IRQHandler
                0x00000000080030a4                TIM1_TRG_COM_IRQHandler
                0x00000000080030a4                DMA1_Channel1_IRQHandler
                0x00000000080030a4                Default_Handler
                0x00000000080030a4                DMA2_Channel7_IRQHandler
                0x00000000080030a4                EXTI15_10_IRQHandler
                0x00000000080030a4                SDMMC1_IRQHandler
                0x00000000080030a4                I2C3_EV_IRQHandler
                0x00000000080030a4                USB_IRQHandler
                0x00000000080030a4                EXTI9_5_IRQHandler
                0x00000000080030a4                RTC_WKUP_IRQHandler
                0x00000000080030a4                PVD_PVM_IRQHandler
                0x00000000080030a4                SPI2_IRQHandler
                0x00000000080030a4                CAN1_TX_IRQHandler
                0x00000000080030a4                DMA2_Channel5_IRQHandler
                0x00000000080030a4                CRS_IRQHandler
                0x00000000080030a4                DMA1_Channel5_IRQHandler
                0x00000000080030a4                EXTI4_IRQHandler
                0x00000000080030a4                RNG_IRQHandler
                0x00000000080030a4                DMA1_Channel3_IRQHandler
                0x00000000080030a4                COMP_IRQHandler
                0x00000000080030a4                WWDG_IRQHandler
                0x00000000080030a4                I2C4_EV_IRQHandler
                0x00000000080030a4                LPUART1_IRQHandler
                0x00000000080030a4                DMA2_Channel6_IRQHandler
                0x00000000080030a4                EXTI1_IRQHandler
                0x00000000080030a4                USART2_IRQHandler
                0x00000000080030a4                DFSDM1_FLT0_IRQHandler
                0x00000000080030a4                I2C2_ER_IRQHandler
                0x00000000080030a4                DMA1_Channel2_IRQHandler
                0x00000000080030a4                CAN1_SCE_IRQHandler
                0x00000000080030a4                FLASH_IRQHandler
                0x00000000080030a4                USART1_IRQHandler
                0x00000000080030a4                SPI3_IRQHandler
                0x00000000080030a4                I2C1_ER_IRQHandler
                0x00000000080030a4                I2C4_ER_IRQHandler
                0x00000000080030a4                SAI1_IRQHandler
                0x00000000080030a4                DMA2_Channel3_IRQHandler
 *fill*         0x00000000080030a6        0x2 
 .text.HAL_Init
                0x00000000080030a8       0x40 ./Drivers/STM32L4xx_HAL_Driver/Src/stm32l4xx_hal.o
                0x00000000080030a8                HAL_Init
 .text.HAL_InitTick
                0x00000000080030e8       0x78 ./Drivers/STM32L4xx_HAL_Driver/Src/stm32l4xx_hal.o
                0x00000000080030e8                HAL_InitTick
 .text.HAL_IncTick
                0x0000000008003160       0x28 ./Drivers/STM32L4xx_HAL_Driver/Src/stm32l4xx_hal.o
                0x0000000008003160                HAL_IncTick
 .text.HAL_GetTick
                0x0000000008003188       0x18 ./Drivers/STM32L4xx_HAL_Driver/Src/stm32l4xx_hal.o
                0x0000000008003188                HAL_GetTick
 .text.HAL_Delay
                0x00000000080031a0       0x48 ./Drivers/STM32L4xx_HAL_Driver/Src/stm32l4xx_hal.o
                0x00000000080031a0                HAL_Delay
 .text.__NVIC_SetPriorityGrouping
                0x00000000080031e8       0x48 ./Drivers/STM32L4xx_HAL_Driver/Src/stm32l4xx_hal_cortex.o
 .text.__NVIC_GetPriorityGrouping
                0x0000000008003230       0x1c ./Drivers/STM32L4xx_HAL_Driver/Src/stm32l4xx_hal_cortex.o
 .text.__NVIC_EnableIRQ
                0x000000000800324c       0x3c ./Drivers/STM32L4xx_HAL_Driver/Src/stm32l4xx_hal_cortex.o
 .text.__NVIC_SetPriority
                0x0000000008003288       0x54 ./Drivers/STM32L4xx_HAL_Driver/Src/stm32l4xx_hal_cortex.o
 .text.NVIC_EncodePriority
                0x00000000080032dc       0x66 ./Drivers/STM32L4xx_HAL_Driver/Src/stm32l4xx_hal_cortex.o
 *fill*         0x0000000008003342        0x2 
 .text.SysTick_Config
                0x0000000008003344       0x44 ./Drivers/STM32L4xx_HAL_Driver/Src/stm32l4xx_hal_cortex.o
 .text.HAL_NVIC_SetPriorityGrouping
                0x0000000008003388       0x16 ./Drivers/STM32L4xx_HAL_Driver/Src/stm32l4xx_hal_cortex.o
                0x0000000008003388                HAL_NVIC_SetPriorityGrouping
 .text.HAL_NVIC_SetPriority
                0x000000000800339e       0x38 ./Drivers/STM32L4xx_HAL_Driver/Src/stm32l4xx_hal_cortex.o
                0x000000000800339e                HAL_NVIC_SetPriority
 .text.HAL_NVIC_EnableIRQ
                0x00000000080033d6       0x1c ./Drivers/STM32L4xx_HAL_Driver/Src/stm32l4xx_hal_cortex.o
                0x00000000080033d6                HAL_NVIC_EnableIRQ
 .text.HAL_SYSTICK_Config
                0x00000000080033f2       0x18 ./Drivers/STM32L4xx_HAL_Driver/Src/stm32l4xx_hal_cortex.o
                0x00000000080033f2                HAL_SYSTICK_Config
 *fill*         0x000000000800340a        0x2 
 .text.HAL_GPIO_Init
                0x000000000800340c      0x2f4 ./Drivers/STM32L4xx_HAL_Driver/Src/stm32l4xx_hal_gpio.o
                0x000000000800340c                HAL_GPIO_Init
 .text.HAL_GPIO_ReadPin
                0x0000000008003700       0x30 ./Drivers/STM32L4xx_HAL_Driver/Src/stm32l4xx_hal_gpio.o
                0x0000000008003700                HAL_GPIO_ReadPin
 .text.HAL_GPIO_WritePin
                0x0000000008003730       0x30 ./Drivers/STM32L4xx_HAL_Driver/Src/stm32l4xx_hal_gpio.o
                0x0000000008003730                HAL_GPIO_WritePin
 .text.HAL_LPTIM_Init
                0x0000000008003760      0x144 ./Drivers/STM32L4xx_HAL_Driver/Src/stm32l4xx_hal_lptim.o
                0x0000000008003760                HAL_LPTIM_Init
 .text.HAL_LPTIM_Encoder_Start_IT
                0x00000000080038a4       0xde ./Drivers/STM32L4xx_HAL_Driver/Src/stm32l4xx_hal_lptim.o
                0x00000000080038a4                HAL_LPTIM_Encoder_Start_IT
 .text.HAL_LPTIM_IRQHandler
                0x0000000008003982      0x136 ./Drivers/STM32L4xx_HAL_Driver/Src/stm32l4xx_hal_lptim.o
                0x0000000008003982                HAL_LPTIM_IRQHandler
 .text.HAL_LPTIM_CompareMatchCallback
                0x0000000008003ab8       0x14 ./Drivers/STM32L4xx_HAL_Driver/Src/stm32l4xx_hal_lptim.o
                0x0000000008003ab8                HAL_LPTIM_CompareMatchCallback
 .text.HAL_LPTIM_TriggerCallback
                0x0000000008003acc       0x14 ./Drivers/STM32L4xx_HAL_Driver/Src/stm32l4xx_hal_lptim.o
                0x0000000008003acc                HAL_LPTIM_TriggerCallback
 .text.HAL_LPTIM_CompareWriteCallback
                0x0000000008003ae0       0x14 ./Drivers/STM32L4xx_HAL_Driver/Src/stm32l4xx_hal_lptim.o
                0x0000000008003ae0                HAL_LPTIM_CompareWriteCallback
 .text.HAL_LPTIM_AutoReloadWriteCallback
                0x0000000008003af4       0x14 ./Drivers/STM32L4xx_HAL_Driver/Src/stm32l4xx_hal_lptim.o
                0x0000000008003af4                HAL_LPTIM_AutoReloadWriteCallback
 .text.HAL_LPTIM_DirectionUpCallback
                0x0000000008003b08       0x14 ./Drivers/STM32L4xx_HAL_Driver/Src/stm32l4xx_hal_lptim.o
                0x0000000008003b08                HAL_LPTIM_DirectionUpCallback
 .text.HAL_LPTIM_DirectionDownCallback
                0x0000000008003b1c       0x14 ./Drivers/STM32L4xx_HAL_Driver/Src/stm32l4xx_hal_lptim.o
                0x0000000008003b1c                HAL_LPTIM_DirectionDownCallback
 .text.HAL_LPTIM_GetState
                0x0000000008003b30       0x1c ./Drivers/STM32L4xx_HAL_Driver/Src/stm32l4xx_hal_lptim.o
                0x0000000008003b30                HAL_LPTIM_GetState
 .text.LPTIM_WaitForFlag
                0x0000000008003b4c       0x60 ./Drivers/STM32L4xx_HAL_Driver/Src/stm32l4xx_hal_lptim.o
 .text.LPTIM_Disable
                0x0000000008003bac      0x1e8 ./Drivers/STM32L4xx_HAL_Driver/Src/stm32l4xx_hal_lptim.o
                0x0000000008003bac                LPTIM_Disable
 .text.HAL_PWREx_GetVoltageRange
                0x0000000008003d94       0x1c ./Drivers/STM32L4xx_HAL_Driver/Src/stm32l4xx_hal_pwr_ex.o
                0x0000000008003d94                HAL_PWREx_GetVoltageRange
 .text.HAL_PWREx_ControlVoltageScaling
                0x0000000008003db0       0xac ./Drivers/STM32L4xx_HAL_Driver/Src/stm32l4xx_hal_pwr_ex.o
                0x0000000008003db0                HAL_PWREx_ControlVoltageScaling
 .text.HAL_RCC_OscConfig
                0x0000000008003e5c      0x840 ./Drivers/STM32L4xx_HAL_Driver/Src/stm32l4xx_hal_rcc.o
                0x0000000008003e5c                HAL_RCC_OscConfig
 .text.HAL_RCC_ClockConfig
                0x000000000800469c      0x1c4 ./Drivers/STM32L4xx_HAL_Driver/Src/stm32l4xx_hal_rcc.o
                0x000000000800469c                HAL_RCC_ClockConfig
 .text.HAL_RCC_GetSysClockFreq
                0x0000000008004860      0x118 ./Drivers/STM32L4xx_HAL_Driver/Src/stm32l4xx_hal_rcc.o
                0x0000000008004860                HAL_RCC_GetSysClockFreq
 .text.HAL_RCC_GetHCLKFreq
                0x0000000008004978       0x18 ./Drivers/STM32L4xx_HAL_Driver/Src/stm32l4xx_hal_rcc.o
                0x0000000008004978                HAL_RCC_GetHCLKFreq
 .text.HAL_RCC_GetPCLK1Freq
                0x0000000008004990       0x2c ./Drivers/STM32L4xx_HAL_Driver/Src/stm32l4xx_hal_rcc.o
                0x0000000008004990                HAL_RCC_GetPCLK1Freq
 .text.HAL_RCC_GetPCLK2Freq
                0x00000000080049bc       0x2c ./Drivers/STM32L4xx_HAL_Driver/Src/stm32l4xx_hal_rcc.o
                0x00000000080049bc                HAL_RCC_GetPCLK2Freq
 .text.RCC_SetFlashLatencyFromMSIRange
                0x00000000080049e8       0xc0 ./Drivers/STM32L4xx_HAL_Driver/Src/stm32l4xx_hal_rcc.o
 .text.HAL_RCCEx_PeriphCLKConfig
                0x0000000008004aa8      0x4d8 ./Drivers/STM32L4xx_HAL_Driver/Src/stm32l4xx_hal_rcc_ex.o
                0x0000000008004aa8                HAL_RCCEx_PeriphCLKConfig
 .text.RCCEx_PLLSAI1_Config
                0x0000000008004f80      0x1e4 ./Drivers/STM32L4xx_HAL_Driver/Src/stm32l4xx_hal_rcc_ex.o
 .text.HAL_TIM_Base_Init
                0x0000000008005164       0xae ./Drivers/STM32L4xx_HAL_Driver/Src/stm32l4xx_hal_tim.o
                0x0000000008005164                HAL_TIM_Base_Init
 *fill*         0x0000000008005212        0x2 
 .text.HAL_TIM_Base_Start
                0x0000000008005214       0xa8 ./Drivers/STM32L4xx_HAL_Driver/Src/stm32l4xx_hal_tim.o
                0x0000000008005214                HAL_TIM_Base_Start
 .text.HAL_TIM_Base_Start_IT
                0x00000000080052bc       0xb8 ./Drivers/STM32L4xx_HAL_Driver/Src/stm32l4xx_hal_tim.o
                0x00000000080052bc                HAL_TIM_Base_Start_IT
 .text.HAL_TIM_Base_Stop_IT
                0x0000000008005374       0x5e ./Drivers/STM32L4xx_HAL_Driver/Src/stm32l4xx_hal_tim.o
                0x0000000008005374                HAL_TIM_Base_Stop_IT
 .text.HAL_TIM_PWM_Init
                0x00000000080053d2       0xae ./Drivers/STM32L4xx_HAL_Driver/Src/stm32l4xx_hal_tim.o
                0x00000000080053d2                HAL_TIM_PWM_Init
 .text.HAL_TIM_PWM_MspInit
                0x0000000008005480       0x14 ./Drivers/STM32L4xx_HAL_Driver/Src/stm32l4xx_hal_tim.o
                0x0000000008005480                HAL_TIM_PWM_MspInit
 .text.HAL_TIM_PWM_Start
                0x0000000008005494      0x1cc ./Drivers/STM32L4xx_HAL_Driver/Src/stm32l4xx_hal_tim.o
                0x0000000008005494                HAL_TIM_PWM_Start
 .text.HAL_TIM_PWM_Stop
                0x0000000008005660      0x110 ./Drivers/STM32L4xx_HAL_Driver/Src/stm32l4xx_hal_tim.o
                0x0000000008005660                HAL_TIM_PWM_Stop
 .text.HAL_TIM_Encoder_Init
                0x0000000008005770      0x14c ./Drivers/STM32L4xx_HAL_Driver/Src/stm32l4xx_hal_tim.o
                0x0000000008005770                HAL_TIM_Encoder_Init
 .text.HAL_TIM_Encoder_Start
                0x00000000080058bc      0x11c ./Drivers/STM32L4xx_HAL_Driver/Src/stm32l4xx_hal_tim.o
                0x00000000080058bc                HAL_TIM_Encoder_Start
 .text.HAL_TIM_IRQHandler
                0x00000000080059d8      0x23e ./Drivers/STM32L4xx_HAL_Driver/Src/stm32l4xx_hal_tim.o
                0x00000000080059d8                HAL_TIM_IRQHandler
 *fill*         0x0000000008005c16        0x2 
 .text.HAL_TIM_PWM_ConfigChannel
                0x0000000008005c18      0x220 ./Drivers/STM32L4xx_HAL_Driver/Src/stm32l4xx_hal_tim.o
                0x0000000008005c18                HAL_TIM_PWM_ConfigChannel
 .text.HAL_TIM_ConfigClockSource
                0x0000000008005e38      0x18c ./Drivers/STM32L4xx_HAL_Driver/Src/stm32l4xx_hal_tim.o
                0x0000000008005e38                HAL_TIM_ConfigClockSource
 .text.HAL_TIM_SlaveConfigSynchro
                0x0000000008005fc4       0x84 ./Drivers/STM32L4xx_HAL_Driver/Src/stm32l4xx_hal_tim.o
                0x0000000008005fc4                HAL_TIM_SlaveConfigSynchro
 .text.HAL_TIM_OC_DelayElapsedCallback
                0x0000000008006048       0x14 ./Drivers/STM32L4xx_HAL_Driver/Src/stm32l4xx_hal_tim.o
                0x0000000008006048                HAL_TIM_OC_DelayElapsedCallback
 .text.HAL_TIM_IC_CaptureCallback
                0x000000000800605c       0x14 ./Drivers/STM32L4xx_HAL_Driver/Src/stm32l4xx_hal_tim.o
                0x000000000800605c                HAL_TIM_IC_CaptureCallback
 .text.HAL_TIM_PWM_PulseFinishedCallback
                0x0000000008006070       0x14 ./Drivers/STM32L4xx_HAL_Driver/Src/stm32l4xx_hal_tim.o
                0x0000000008006070                HAL_TIM_PWM_PulseFinishedCallback
 .text.HAL_TIM_TriggerCallback
                0x0000000008006084       0x14 ./Drivers/STM32L4xx_HAL_Driver/Src/stm32l4xx_hal_tim.o
                0x0000000008006084                HAL_TIM_TriggerCallback
 .text.TIM_Base_SetConfig
                0x0000000008006098       0xdc ./Drivers/STM32L4xx_HAL_Driver/Src/stm32l4xx_hal_tim.o
                0x0000000008006098                TIM_Base_SetConfig
 .text.TIM_OC1_SetConfig
                0x0000000008006174       0xf8 ./Drivers/STM32L4xx_HAL_Driver/Src/stm32l4xx_hal_tim.o
 .text.TIM_OC2_SetConfig
                0x000000000800626c       0xf4 ./Drivers/STM32L4xx_HAL_Driver/Src/stm32l4xx_hal_tim.o
                0x000000000800626c                TIM_OC2_SetConfig
 .text.TIM_OC3_SetConfig
                0x0000000008006360       0xf0 ./Drivers/STM32L4xx_HAL_Driver/Src/stm32l4xx_hal_tim.o
 .text.TIM_OC4_SetConfig
                0x0000000008006450       0xbc ./Drivers/STM32L4xx_HAL_Driver/Src/stm32l4xx_hal_tim.o
 .text.TIM_OC5_SetConfig
                0x000000000800650c       0xb0 ./Drivers/STM32L4xx_HAL_Driver/Src/stm32l4xx_hal_tim.o
 .text.TIM_OC6_SetConfig
                0x00000000080065bc       0xb4 ./Drivers/STM32L4xx_HAL_Driver/Src/stm32l4xx_hal_tim.o
 .text.TIM_SlaveTimer_SetConfig
                0x0000000008006670      0x120 ./Drivers/STM32L4xx_HAL_Driver/Src/stm32l4xx_hal_tim.o
 .text.TIM_TI1_ConfigInputStage
                0x0000000008006790       0x5e ./Drivers/STM32L4xx_HAL_Driver/Src/stm32l4xx_hal_tim.o
 .text.TIM_TI2_ConfigInputStage
                0x00000000080067ee       0x60 ./Drivers/STM32L4xx_HAL_Driver/Src/stm32l4xx_hal_tim.o
 .text.TIM_ITRx_SetConfig
                0x000000000800684e       0x36 ./Drivers/STM32L4xx_HAL_Driver/Src/stm32l4xx_hal_tim.o
 .text.TIM_ETR_SetConfig
                0x0000000008006884       0x40 ./Drivers/STM32L4xx_HAL_Driver/Src/stm32l4xx_hal_tim.o
                0x0000000008006884                TIM_ETR_SetConfig
 .text.TIM_CCxChannelCmd
                0x00000000080068c4       0x4a ./Drivers/STM32L4xx_HAL_Driver/Src/stm32l4xx_hal_tim.o
                0x00000000080068c4                TIM_CCxChannelCmd
 *fill*         0x000000000800690e        0x2 
 .text.HAL_TIMEx_MasterConfigSynchronization
                0x0000000008006910       0xdc ./Drivers/STM32L4xx_HAL_Driver/Src/stm32l4xx_hal_tim_ex.o
                0x0000000008006910                HAL_TIMEx_MasterConfigSynchronization
 .text.HAL_TIMEx_ConfigBreakDeadTime
                0x00000000080069ec       0xf0 ./Drivers/STM32L4xx_HAL_Driver/Src/stm32l4xx_hal_tim_ex.o
                0x00000000080069ec                HAL_TIMEx_ConfigBreakDeadTime
 .text.HAL_TIMEx_CommutCallback
                0x0000000008006adc       0x14 ./Drivers/STM32L4xx_HAL_Driver/Src/stm32l4xx_hal_tim_ex.o
                0x0000000008006adc                HAL_TIMEx_CommutCallback
 .text.HAL_TIMEx_BreakCallback
                0x0000000008006af0       0x14 ./Drivers/STM32L4xx_HAL_Driver/Src/stm32l4xx_hal_tim_ex.o
                0x0000000008006af0                HAL_TIMEx_BreakCallback
 .text.HAL_TIMEx_Break2Callback
                0x0000000008006b04       0x14 ./Drivers/STM32L4xx_HAL_Driver/Src/stm32l4xx_hal_tim_ex.o
                0x0000000008006b04                HAL_TIMEx_Break2Callback
 .text.HAL_UART_Init
                0x0000000008006b18       0x9c ./Drivers/STM32L4xx_HAL_Driver/Src/stm32l4xx_hal_uart.o
                0x0000000008006b18                HAL_UART_Init
 .text.UART_SetConfig
                0x0000000008006bb4      0x4b8 ./Drivers/STM32L4xx_HAL_Driver/Src/stm32l4xx_hal_uart.o
                0x0000000008006bb4                UART_SetConfig
 .text.UART_AdvFeatureConfig
                0x000000000800706c      0x144 ./Drivers/STM32L4xx_HAL_Driver/Src/stm32l4xx_hal_uart.o
                0x000000000800706c                UART_AdvFeatureConfig
 .text.UART_CheckIdleState
                0x00000000080071b0       0x92 ./Drivers/STM32L4xx_HAL_Driver/Src/stm32l4xx_hal_uart.o
                0x00000000080071b0                UART_CheckIdleState
 .text.UART_WaitOnFlagUntilTimeout
                0x0000000008007242       0xf8 ./Drivers/STM32L4xx_HAL_Driver/Src/stm32l4xx_hal_uart.o
                0x0000000008007242                UART_WaitOnFlagUntilTimeout
 *fill*         0x000000000800733a        0x2 
 .text.__libc_init_array
                0x000000000800733c       0x48 c:/st/stm32cubeide_1.7.0/stm32cubeide/plugins/com.st.stm32cube.ide.mcu.externaltools.gnu-tools-for-stm32.9-2020-q2-update.win32_2.0.0.202105311346/tools/bin/../lib/gcc/arm-none-eabi/9.3.1/../../../../arm-none-eabi/lib/thumb/v7e-m+fp/hard\libc_nano.a(lib_a-init.o)
                0x000000000800733c                __libc_init_array
 .text.memset   0x0000000008007384       0x10 c:/st/stm32cubeide_1.7.0/stm32cubeide/plugins/com.st.stm32cube.ide.mcu.externaltools.gnu-tools-for-stm32.9-2020-q2-update.win32_2.0.0.202105311346/tools/bin/../lib/gcc/arm-none-eabi/9.3.1/../../../../arm-none-eabi/lib/thumb/v7e-m+fp/hard\libc_nano.a(lib_a-memset.o)
                0x0000000008007384                memset
 *(.glue_7)
 .glue_7        0x0000000008007394        0x0 linker stubs
 *(.glue_7t)
 .glue_7t       0x0000000008007394        0x0 linker stubs
 *(.eh_frame)
 .eh_frame      0x0000000008007394        0x0 c:/st/stm32cubeide_1.7.0/stm32cubeide/plugins/com.st.stm32cube.ide.mcu.externaltools.gnu-tools-for-stm32.9-2020-q2-update.win32_2.0.0.202105311346/tools/bin/../lib/gcc/arm-none-eabi/9.3.1/thumb/v7e-m+fp/hard/crtbegin.o
 *(.init)
 .init          0x0000000008007394        0x4 c:/st/stm32cubeide_1.7.0/stm32cubeide/plugins/com.st.stm32cube.ide.mcu.externaltools.gnu-tools-for-stm32.9-2020-q2-update.win32_2.0.0.202105311346/tools/bin/../lib/gcc/arm-none-eabi/9.3.1/thumb/v7e-m+fp/hard/crti.o
                0x0000000008007394                _init
 .init          0x0000000008007398        0x8 c:/st/stm32cubeide_1.7.0/stm32cubeide/plugins/com.st.stm32cube.ide.mcu.externaltools.gnu-tools-for-stm32.9-2020-q2-update.win32_2.0.0.202105311346/tools/bin/../lib/gcc/arm-none-eabi/9.3.1/thumb/v7e-m+fp/hard/crtn.o
 *(.fini)
 .fini          0x00000000080073a0        0x4 c:/st/stm32cubeide_1.7.0/stm32cubeide/plugins/com.st.stm32cube.ide.mcu.externaltools.gnu-tools-for-stm32.9-2020-q2-update.win32_2.0.0.202105311346/tools/bin/../lib/gcc/arm-none-eabi/9.3.1/thumb/v7e-m+fp/hard/crti.o
                0x00000000080073a0                _fini
 .fini          0x00000000080073a4        0x8 c:/st/stm32cubeide_1.7.0/stm32cubeide/plugins/com.st.stm32cube.ide.mcu.externaltools.gnu-tools-for-stm32.9-2020-q2-update.win32_2.0.0.202105311346/tools/bin/../lib/gcc/arm-none-eabi/9.3.1/thumb/v7e-m+fp/hard/crtn.o
                0x00000000080073ac                . = ALIGN (0x4)
                0x00000000080073ac                _etext = .

.vfp11_veneer   0x00000000080073ac        0x0
 .vfp11_veneer  0x00000000080073ac        0x0 linker stubs

.v4_bx          0x00000000080073ac        0x0
 .v4_bx         0x00000000080073ac        0x0 linker stubs

.iplt           0x00000000080073ac        0x0
 .iplt          0x00000000080073ac        0x0 c:/st/stm32cubeide_1.7.0/stm32cubeide/plugins/com.st.stm32cube.ide.mcu.externaltools.gnu-tools-for-stm32.9-2020-q2-update.win32_2.0.0.202105311346/tools/bin/../lib/gcc/arm-none-eabi/9.3.1/thumb/v7e-m+fp/hard/crtbegin.o

.rodata         0x00000000080073ac       0xc0
                0x00000000080073ac                . = ALIGN (0x4)
 *(.rodata)
 .rodata        0x00000000080073ac       0x75 ./Core/Src/menu_LCD.o
 *(.rodata*)
 *fill*         0x0000000008007421        0x3 
 .rodata.AHBPrescTable
                0x0000000008007424       0x10 ./Core/Src/system_stm32l4xx.o
                0x0000000008007424                AHBPrescTable
 .rodata.APBPrescTable
                0x0000000008007434        0x8 ./Core/Src/system_stm32l4xx.o
                0x0000000008007434                APBPrescTable
 .rodata.MSIRangeTable
                0x000000000800743c       0x30 ./Core/Src/system_stm32l4xx.o
                0x000000000800743c                MSIRangeTable
                0x000000000800746c                . = ALIGN (0x4)

.ARM.extab      0x000000000800746c        0x0
                0x000000000800746c                . = ALIGN (0x4)
 *(.ARM.extab* .gnu.linkonce.armextab.*)
                0x000000000800746c                . = ALIGN (0x4)

.ARM            0x000000000800746c        0x8
                0x000000000800746c                . = ALIGN (0x4)
                0x000000000800746c                __exidx_start = .
 *(.ARM.exidx*)
 .ARM.exidx     0x000000000800746c        0x8 c:/st/stm32cubeide_1.7.0/stm32cubeide/plugins/com.st.stm32cube.ide.mcu.externaltools.gnu-tools-for-stm32.9-2020-q2-update.win32_2.0.0.202105311346/tools/bin/../lib/gcc/arm-none-eabi/9.3.1/thumb/v7e-m+fp/hard\libgcc.a(_udivmoddi4.o)
                0x0000000008007474                __exidx_end = .
                0x0000000008007474                . = ALIGN (0x4)

.rel.dyn        0x0000000008007474        0x0
 .rel.iplt      0x0000000008007474        0x0 c:/st/stm32cubeide_1.7.0/stm32cubeide/plugins/com.st.stm32cube.ide.mcu.externaltools.gnu-tools-for-stm32.9-2020-q2-update.win32_2.0.0.202105311346/tools/bin/../lib/gcc/arm-none-eabi/9.3.1/thumb/v7e-m+fp/hard/crtbegin.o

.preinit_array  0x0000000008007474        0x0
                0x0000000008007474                . = ALIGN (0x4)
                0x0000000008007474                PROVIDE (__preinit_array_start = .)
 *(.preinit_array*)
                0x0000000008007474                PROVIDE (__preinit_array_end = .)
                0x0000000008007474                . = ALIGN (0x4)

.init_array     0x0000000008007474        0x4
                0x0000000008007474                . = ALIGN (0x4)
                0x0000000008007474                PROVIDE (__init_array_start = .)
 *(SORT_BY_NAME(.init_array.*))
 *(.init_array*)
 .init_array    0x0000000008007474        0x4 c:/st/stm32cubeide_1.7.0/stm32cubeide/plugins/com.st.stm32cube.ide.mcu.externaltools.gnu-tools-for-stm32.9-2020-q2-update.win32_2.0.0.202105311346/tools/bin/../lib/gcc/arm-none-eabi/9.3.1/thumb/v7e-m+fp/hard/crtbegin.o
                0x0000000008007478                PROVIDE (__init_array_end = .)
                0x0000000008007478                . = ALIGN (0x4)

.fini_array     0x0000000008007478        0x4
                0x0000000008007478                . = ALIGN (0x4)
                [!provide]                        PROVIDE (__fini_array_start = .)
 *(SORT_BY_NAME(.fini_array.*))
 *(.fini_array*)
 .fini_array    0x0000000008007478        0x4 c:/st/stm32cubeide_1.7.0/stm32cubeide/plugins/com.st.stm32cube.ide.mcu.externaltools.gnu-tools-for-stm32.9-2020-q2-update.win32_2.0.0.202105311346/tools/bin/../lib/gcc/arm-none-eabi/9.3.1/thumb/v7e-m+fp/hard/crtbegin.o
                [!provide]                        PROVIDE (__fini_array_end = .)
                0x000000000800747c                . = ALIGN (0x4)
                0x000000000800747c                _sidata = LOADADDR (.data)

.data           0x0000000020000000       0x10 load address 0x000000000800747c
                0x0000000020000000                . = ALIGN (0x4)
                0x0000000020000000                _sdata = .
 *(.data)
 *(.data*)
 .data.numRows  0x0000000020000000        0x1 ./Core/Src/ST7920_SERIAL.o
                0x0000000020000000                numRows
 .data.numCols  0x0000000020000001        0x1 ./Core/Src/ST7920_SERIAL.o
                0x0000000020000001                numCols
 *fill*         0x0000000020000002        0x2 
 .data.SystemCoreClock
                0x0000000020000004        0x4 ./Core/Src/system_stm32l4xx.o
                0x0000000020000004                SystemCoreClock
 .data.uwTickPrio
                0x0000000020000008        0x4 ./Drivers/STM32L4xx_HAL_Driver/Src/stm32l4xx_hal.o
                0x0000000020000008                uwTickPrio
 .data.uwTickFreq
                0x000000002000000c        0x1 ./Drivers/STM32L4xx_HAL_Driver/Src/stm32l4xx_hal.o
                0x000000002000000c                uwTickFreq
 *(.RamFunc)
 *(.RamFunc*)
                0x0000000020000010                . = ALIGN (0x4)
 *fill*         0x000000002000000d        0x3 
                0x0000000020000010                _edata = .

.igot.plt       0x0000000020000010        0x0 load address 0x000000000800748c
 .igot.plt      0x0000000020000010        0x0 c:/st/stm32cubeide_1.7.0/stm32cubeide/plugins/com.st.stm32cube.ide.mcu.externaltools.gnu-tools-for-stm32.9-2020-q2-update.win32_2.0.0.202105311346/tools/bin/../lib/gcc/arm-none-eabi/9.3.1/thumb/v7e-m+fp/hard/crtbegin.o
                0x0000000020000010                . = ALIGN (0x4)

.bss            0x0000000020000010      0x70c load address 0x000000000800748c
                0x0000000020000010                _sbss = .
                0x0000000020000010                __bss_start__ = _sbss
 *(.bss)
 .bss           0x0000000020000010       0x1c c:/st/stm32cubeide_1.7.0/stm32cubeide/plugins/com.st.stm32cube.ide.mcu.externaltools.gnu-tools-for-stm32.9-2020-q2-update.win32_2.0.0.202105311346/tools/bin/../lib/gcc/arm-none-eabi/9.3.1/thumb/v7e-m+fp/hard/crtbegin.o
 *(.bss*)
 .bss.Graphic_Check
                0x000000002000002c        0x1 ./Core/Src/ST7920_SERIAL.o
                0x000000002000002c                Graphic_Check
 *fill*         0x000000002000002d        0x3 
 .bss.enc_btn   0x0000000020000030       0x18 ./Core/Src/encoder.o
 .bss.extruder  0x0000000020000048       0x24 ./Core/Src/main.o
                0x0000000020000048                extruder
 .bss.DC_motor  0x000000002000006c       0x1c ./Core/Src/main.o
                0x000000002000006c                DC_motor
 *(COMMON)
 COMMON         0x0000000020000088      0x407 ./Core/Src/ST7920_SERIAL.o
                0x0000000020000088                startCol
                0x000000002000008c                image
                0x000000002000048c                startRow
                0x000000002000048d                endCol
                0x000000002000048e                endRow
 COMMON         0x000000002000048f        0x3 ./Core/Src/encoder.o
                0x000000002000048f                FIRST_MISS_FLAG
                0x0000000020000490                EXTRUDE_PROCESS_FLAG
                0x0000000020000491                CUTTING_PROCESS_FLAG
 *fill*         0x0000000020000492        0x2 
 COMMON         0x0000000020000494       0x38 ./Core/Src/lptim.o
                0x0000000020000494                hlptim1
 COMMON         0x00000000200004cc       0x4b ./Core/Src/main.o
                0x00000000200004cc                length
                0x00000000200004d0                message
                0x0000000020000510                cursor_pos
 *fill*         0x0000000020000517        0x1 
 COMMON         0x0000000020000518      0x17c ./Core/Src/tim.o
                0x0000000020000518                htim3
                0x0000000020000564                htim6
                0x00000000200005b0                htim1
                0x00000000200005fc                htim2
                0x0000000020000648                htim16
 COMMON         0x0000000020000694       0x84 ./Core/Src/usart.o
                0x0000000020000694                huart2
 COMMON         0x0000000020000718        0x4 ./Drivers/STM32L4xx_HAL_Driver/Src/stm32l4xx_hal.o
                0x0000000020000718                uwTick
                0x000000002000071c                . = ALIGN (0x4)
                0x000000002000071c                _ebss = .
                0x000000002000071c                __bss_end__ = _ebss

._user_heap_stack
                0x000000002000071c      0x604 load address 0x000000000800748c
                0x0000000020000720                . = ALIGN (0x8)
 *fill*         0x000000002000071c        0x4 
                [!provide]                        PROVIDE (end = .)
                0x0000000020000720                PROVIDE (_end = .)
                0x0000000020000920                . = (. + _Min_Heap_Size)
 *fill*         0x0000000020000720      0x200 
                0x0000000020000d20                . = (. + _Min_Stack_Size)
 *fill*         0x0000000020000920      0x400 
                0x0000000020000d20                . = ALIGN (0x8)

/DISCARD/
 libc.a(*)
 libm.a(*)
 libgcc.a(*)

.ARM.attributes
                0x0000000000000000       0x30
 *(.ARM.attributes)
 .ARM.attributes
                0x0000000000000000       0x1e c:/st/stm32cubeide_1.7.0/stm32cubeide/plugins/com.st.stm32cube.ide.mcu.externaltools.gnu-tools-for-stm32.9-2020-q2-update.win32_2.0.0.202105311346/tools/bin/../lib/gcc/arm-none-eabi/9.3.1/thumb/v7e-m+fp/hard/crti.o
 .ARM.attributes
                0x000000000000001e       0x34 c:/st/stm32cubeide_1.7.0/stm32cubeide/plugins/com.st.stm32cube.ide.mcu.externaltools.gnu-tools-for-stm32.9-2020-q2-update.win32_2.0.0.202105311346/tools/bin/../lib/gcc/arm-none-eabi/9.3.1/thumb/v7e-m+fp/hard/crtbegin.o
 .ARM.attributes
                0x0000000000000052       0x34 ./Core/Src/L298_dc.o
 .ARM.attributes
                0x0000000000000086       0x34 ./Core/Src/ST7920_SERIAL.o
 .ARM.attributes
                0x00000000000000ba       0x34 ./Core/Src/delay.o
 .ARM.attributes
                0x00000000000000ee       0x34 ./Core/Src/encoder.o
 .ARM.attributes
                0x0000000000000122       0x34 ./Core/Src/gpio.o
 .ARM.attributes
                0x0000000000000156       0x34 ./Core/Src/lptim.o
 .ARM.attributes
                0x000000000000018a       0x34 ./Core/Src/main.o
 .ARM.attributes
                0x00000000000001be       0x34 ./Core/Src/menu_LCD.o
 .ARM.attributes
                0x00000000000001f2       0x34 ./Core/Src/stepper.o
 .ARM.attributes
                0x0000000000000226       0x34 ./Core/Src/stm32l4xx_hal_msp.o
 .ARM.attributes
                0x000000000000025a       0x34 ./Core/Src/stm32l4xx_it.o
 .ARM.attributes
                0x000000000000028e       0x34 ./Core/Src/system_stm32l4xx.o
 .ARM.attributes
                0x00000000000002c2       0x34 ./Core/Src/tim.o
 .ARM.attributes
                0x00000000000002f6       0x34 ./Core/Src/usart.o
 .ARM.attributes
                0x000000000000032a       0x21 ./Core/Startup/startup_stm32l452retx.o
 .ARM.attributes
                0x000000000000034b       0x34 ./Drivers/STM32L4xx_HAL_Driver/Src/stm32l4xx_hal.o
 .ARM.attributes
                0x000000000000037f       0x34 ./Drivers/STM32L4xx_HAL_Driver/Src/stm32l4xx_hal_cortex.o
 .ARM.attributes
                0x00000000000003b3       0x34 ./Drivers/STM32L4xx_HAL_Driver/Src/stm32l4xx_hal_gpio.o
 .ARM.attributes
                0x00000000000003e7       0x34 ./Drivers/STM32L4xx_HAL_Driver/Src/stm32l4xx_hal_lptim.o
 .ARM.attributes
                0x000000000000041b       0x34 ./Drivers/STM32L4xx_HAL_Driver/Src/stm32l4xx_hal_pwr_ex.o
 .ARM.attributes
                0x000000000000044f       0x34 ./Drivers/STM32L4xx_HAL_Driver/Src/stm32l4xx_hal_rcc.o
 .ARM.attributes
                0x0000000000000483       0x34 ./Drivers/STM32L4xx_HAL_Driver/Src/stm32l4xx_hal_rcc_ex.o
 .ARM.attributes
                0x00000000000004b7       0x34 ./Drivers/STM32L4xx_HAL_Driver/Src/stm32l4xx_hal_tim.o
 .ARM.attributes
                0x00000000000004eb       0x34 ./Drivers/STM32L4xx_HAL_Driver/Src/stm32l4xx_hal_tim_ex.o
 .ARM.attributes
                0x000000000000051f       0x34 ./Drivers/STM32L4xx_HAL_Driver/Src/stm32l4xx_hal_uart.o
 .ARM.attributes
                0x0000000000000553       0x34 c:/st/stm32cubeide_1.7.0/stm32cubeide/plugins/com.st.stm32cube.ide.mcu.externaltools.gnu-tools-for-stm32.9-2020-q2-update.win32_2.0.0.202105311346/tools/bin/../lib/gcc/arm-none-eabi/9.3.1/../../../../arm-none-eabi/lib/thumb/v7e-m+fp/hard\libc_nano.a(lib_a-init.o)
 .ARM.attributes
                0x0000000000000587       0x34 c:/st/stm32cubeide_1.7.0/stm32cubeide/plugins/com.st.stm32cube.ide.mcu.externaltools.gnu-tools-for-stm32.9-2020-q2-update.win32_2.0.0.202105311346/tools/bin/../lib/gcc/arm-none-eabi/9.3.1/../../../../arm-none-eabi/lib/thumb/v7e-m+fp/hard\libc_nano.a(lib_a-memset.o)
 .ARM.attributes
                0x00000000000005bb       0x1e c:/st/stm32cubeide_1.7.0/stm32cubeide/plugins/com.st.stm32cube.ide.mcu.externaltools.gnu-tools-for-stm32.9-2020-q2-update.win32_2.0.0.202105311346/tools/bin/../lib/gcc/arm-none-eabi/9.3.1/thumb/v7e-m+fp/hard\libgcc.a(_arm_addsubdf3.o)
 .ARM.attributes
                0x00000000000005d9       0x1e c:/st/stm32cubeide_1.7.0/stm32cubeide/plugins/com.st.stm32cube.ide.mcu.externaltools.gnu-tools-for-stm32.9-2020-q2-update.win32_2.0.0.202105311346/tools/bin/../lib/gcc/arm-none-eabi/9.3.1/thumb/v7e-m+fp/hard\libgcc.a(_arm_muldivdf3.o)
 .ARM.attributes
                0x00000000000005f7       0x1e c:/st/stm32cubeide_1.7.0/stm32cubeide/plugins/com.st.stm32cube.ide.mcu.externaltools.gnu-tools-for-stm32.9-2020-q2-update.win32_2.0.0.202105311346/tools/bin/../lib/gcc/arm-none-eabi/9.3.1/thumb/v7e-m+fp/hard\libgcc.a(_arm_fixunsdfsi.o)
 .ARM.attributes
                0x0000000000000615       0x1e c:/st/stm32cubeide_1.7.0/stm32cubeide/plugins/com.st.stm32cube.ide.mcu.externaltools.gnu-tools-for-stm32.9-2020-q2-update.win32_2.0.0.202105311346/tools/bin/../lib/gcc/arm-none-eabi/9.3.1/thumb/v7e-m+fp/hard\libgcc.a(_aeabi_uldivmod.o)
 .ARM.attributes
                0x0000000000000633       0x34 c:/st/stm32cubeide_1.7.0/stm32cubeide/plugins/com.st.stm32cube.ide.mcu.externaltools.gnu-tools-for-stm32.9-2020-q2-update.win32_2.0.0.202105311346/tools/bin/../lib/gcc/arm-none-eabi/9.3.1/thumb/v7e-m+fp/hard\libgcc.a(_udivmoddi4.o)
 .ARM.attributes
                0x0000000000000667       0x1e c:/st/stm32cubeide_1.7.0/stm32cubeide/plugins/com.st.stm32cube.ide.mcu.externaltools.gnu-tools-for-stm32.9-2020-q2-update.win32_2.0.0.202105311346/tools/bin/../lib/gcc/arm-none-eabi/9.3.1/thumb/v7e-m+fp/hard\libgcc.a(_dvmd_tls.o)
 .ARM.attributes
                0x0000000000000685       0x1e c:/st/stm32cubeide_1.7.0/stm32cubeide/plugins/com.st.stm32cube.ide.mcu.externaltools.gnu-tools-for-stm32.9-2020-q2-update.win32_2.0.0.202105311346/tools/bin/../lib/gcc/arm-none-eabi/9.3.1/thumb/v7e-m+fp/hard/crtn.o
OUTPUT(Filament_cutter.elf elf32-littlearm)
LOAD linker stubs
LOAD c:/st/stm32cubeide_1.7.0/stm32cubeide/plugins/com.st.stm32cube.ide.mcu.externaltools.gnu-tools-for-stm32.9-2020-q2-update.win32_2.0.0.202105311346/tools/bin/../lib/gcc/arm-none-eabi/9.3.1/../../../../arm-none-eabi/lib/thumb/v7e-m+fp/hard\libc.a
LOAD c:/st/stm32cubeide_1.7.0/stm32cubeide/plugins/com.st.stm32cube.ide.mcu.externaltools.gnu-tools-for-stm32.9-2020-q2-update.win32_2.0.0.202105311346/tools/bin/../lib/gcc/arm-none-eabi/9.3.1/../../../../arm-none-eabi/lib/thumb/v7e-m+fp/hard\libm.a
LOAD c:/st/stm32cubeide_1.7.0/stm32cubeide/plugins/com.st.stm32cube.ide.mcu.externaltools.gnu-tools-for-stm32.9-2020-q2-update.win32_2.0.0.202105311346/tools/bin/../lib/gcc/arm-none-eabi/9.3.1/thumb/v7e-m+fp/hard\libgcc.a

.debug_info     0x0000000000000000    0x18e6a
 .debug_info    0x0000000000000000      0xefe ./Core/Src/L298_dc.o
 .debug_info    0x0000000000000efe     0x1931 ./Core/Src/ST7920_SERIAL.o
 .debug_info    0x000000000000282f      0x94a ./Core/Src/delay.o
 .debug_info    0x0000000000003179     0x11d0 ./Core/Src/encoder.o
 .debug_info    0x0000000000004349      0x6ed ./Core/Src/gpio.o
 .debug_info    0x0000000000004a36      0xd03 ./Core/Src/lptim.o
 .debug_info    0x0000000000005739     0x1ecc ./Core/Src/main.o
 .debug_info    0x0000000000007605      0xb91 ./Core/Src/menu_LCD.o
 .debug_info    0x0000000000008196      0xd72 ./Core/Src/stepper.o
 .debug_info    0x0000000000008f08      0x561 ./Core/Src/stm32l4xx_hal_msp.o
 .debug_info    0x0000000000009469      0xc42 ./Core/Src/stm32l4xx_it.o
 .debug_info    0x000000000000a0ab      0x795 ./Core/Src/system_stm32l4xx.o
 .debug_info    0x000000000000a840     0x140a ./Core/Src/tim.o
 .debug_info    0x000000000000bc4a      0xe43 ./Core/Src/usart.o
 .debug_info    0x000000000000ca8d       0x22 ./Core/Startup/startup_stm32l452retx.o
 .debug_info    0x000000000000caaf      0xd59 ./Drivers/STM32L4xx_HAL_Driver/Src/stm32l4xx_hal.o
 .debug_info    0x000000000000d808      0xfe6 ./Drivers/STM32L4xx_HAL_Driver/Src/stm32l4xx_hal_cortex.o
 .debug_info    0x000000000000e7ee      0xa6d ./Drivers/STM32L4xx_HAL_Driver/Src/stm32l4xx_hal_gpio.o
 .debug_info    0x000000000000f25b     0x11cf ./Drivers/STM32L4xx_HAL_Driver/Src/stm32l4xx_hal_lptim.o
 .debug_info    0x000000000001042a      0xb7b ./Drivers/STM32L4xx_HAL_Driver/Src/stm32l4xx_hal_pwr_ex.o
 .debug_info    0x0000000000010fa5      0xdc3 ./Drivers/STM32L4xx_HAL_Driver/Src/stm32l4xx_hal_rcc.o
 .debug_info    0x0000000000011d68     0x1157 ./Drivers/STM32L4xx_HAL_Driver/Src/stm32l4xx_hal_rcc_ex.o
 .debug_info    0x0000000000012ebf     0x2cb9 ./Drivers/STM32L4xx_HAL_Driver/Src/stm32l4xx_hal_tim.o
 .debug_info    0x0000000000015b78     0x1813 ./Drivers/STM32L4xx_HAL_Driver/Src/stm32l4xx_hal_tim_ex.o
 .debug_info    0x000000000001738b     0x1adf ./Drivers/STM32L4xx_HAL_Driver/Src/stm32l4xx_hal_uart.o

.debug_abbrev   0x0000000000000000     0x31d3
 .debug_abbrev  0x0000000000000000      0x20b ./Core/Src/L298_dc.o
 .debug_abbrev  0x000000000000020b      0x304 ./Core/Src/ST7920_SERIAL.o
 .debug_abbrev  0x000000000000050f      0x1a3 ./Core/Src/delay.o
 .debug_abbrev  0x00000000000006b2      0x22a ./Core/Src/encoder.o
 .debug_abbrev  0x00000000000008dc      0x14e ./Core/Src/gpio.o
 .debug_abbrev  0x0000000000000a2a      0x19c ./Core/Src/lptim.o
 .debug_abbrev  0x0000000000000bc6      0x2a4 ./Core/Src/main.o
 .debug_abbrev  0x0000000000000e6a      0x219 ./Core/Src/menu_LCD.o
 .debug_abbrev  0x0000000000001083      0x20b ./Core/Src/stepper.o
 .debug_abbrev  0x000000000000128e      0x13d ./Core/Src/stm32l4xx_hal_msp.o
 .debug_abbrev  0x00000000000013cb      0x190 ./Core/Src/stm32l4xx_it.o
 .debug_abbrev  0x000000000000155b      0x165 ./Core/Src/system_stm32l4xx.o
 .debug_abbrev  0x00000000000016c0      0x204 ./Core/Src/tim.o
 .debug_abbrev  0x00000000000018c4      0x1bb ./Core/Src/usart.o
 .debug_abbrev  0x0000000000001a7f       0x12 ./Core/Startup/startup_stm32l452retx.o
 .debug_abbrev  0x0000000000001a91      0x227 ./Drivers/STM32L4xx_HAL_Driver/Src/stm32l4xx_hal.o
 .debug_abbrev  0x0000000000001cb8      0x33c ./Drivers/STM32L4xx_HAL_Driver/Src/stm32l4xx_hal_cortex.o
 .debug_abbrev  0x0000000000001ff4      0x1e8 ./Drivers/STM32L4xx_HAL_Driver/Src/stm32l4xx_hal_gpio.o
 .debug_abbrev  0x00000000000021dc      0x224 ./Drivers/STM32L4xx_HAL_Driver/Src/stm32l4xx_hal_lptim.o
 .debug_abbrev  0x0000000000002400      0x1f3 ./Drivers/STM32L4xx_HAL_Driver/Src/stm32l4xx_hal_pwr_ex.o
 .debug_abbrev  0x00000000000025f3      0x275 ./Drivers/STM32L4xx_HAL_Driver/Src/stm32l4xx_hal_rcc.o
 .debug_abbrev  0x0000000000002868      0x268 ./Drivers/STM32L4xx_HAL_Driver/Src/stm32l4xx_hal_rcc_ex.o
 .debug_abbrev  0x0000000000002ad0      0x25e ./Drivers/STM32L4xx_HAL_Driver/Src/stm32l4xx_hal_tim.o
 .debug_abbrev  0x0000000000002d2e      0x266 ./Drivers/STM32L4xx_HAL_Driver/Src/stm32l4xx_hal_tim_ex.o
 .debug_abbrev  0x0000000000002f94      0x23f ./Drivers/STM32L4xx_HAL_Driver/Src/stm32l4xx_hal_uart.o

.debug_aranges  0x0000000000000000     0x1288
 .debug_aranges
                0x0000000000000000       0x58 ./Core/Src/L298_dc.o
 .debug_aranges
                0x0000000000000058       0xa0 ./Core/Src/ST7920_SERIAL.o
 .debug_aranges
                0x00000000000000f8       0x30 ./Core/Src/delay.o
 .debug_aranges
                0x0000000000000128       0x58 ./Core/Src/encoder.o
 .debug_aranges
                0x0000000000000180       0x20 ./Core/Src/gpio.o
 .debug_aranges
                0x00000000000001a0       0x30 ./Core/Src/lptim.o
 .debug_aranges
                0x00000000000001d0       0x40 ./Core/Src/main.o
 .debug_aranges
                0x0000000000000210       0x60 ./Core/Src/menu_LCD.o
 .debug_aranges
                0x0000000000000270       0x58 ./Core/Src/stepper.o
 .debug_aranges
                0x00000000000002c8       0x20 ./Core/Src/stm32l4xx_hal_msp.o
 .debug_aranges
                0x00000000000002e8       0x88 ./Core/Src/stm32l4xx_it.o
 .debug_aranges
                0x0000000000000370       0x28 ./Core/Src/system_stm32l4xx.o
 .debug_aranges
                0x0000000000000398       0x68 ./Core/Src/tim.o
 .debug_aranges
                0x0000000000000400       0x30 ./Core/Src/usart.o
 .debug_aranges
                0x0000000000000430       0x28 ./Core/Startup/startup_stm32l452retx.o
 .debug_aranges
                0x0000000000000458      0x130 ./Drivers/STM32L4xx_HAL_Driver/Src/stm32l4xx_hal.o
 .debug_aranges
                0x0000000000000588      0x118 ./Drivers/STM32L4xx_HAL_Driver/Src/stm32l4xx_hal_cortex.o
 .debug_aranges
                0x00000000000006a0       0x58 ./Drivers/STM32L4xx_HAL_Driver/Src/stm32l4xx_hal_gpio.o
 .debug_aranges
                0x00000000000006f8      0x168 ./Drivers/STM32L4xx_HAL_Driver/Src/stm32l4xx_hal_lptim.o
 .debug_aranges
                0x0000000000000860      0x128 ./Drivers/STM32L4xx_HAL_Driver/Src/stm32l4xx_hal_pwr_ex.o
 .debug_aranges
                0x0000000000000988       0x88 ./Drivers/STM32L4xx_HAL_Driver/Src/stm32l4xx_hal_rcc.o
 .debug_aranges
                0x0000000000000a10       0xf0 ./Drivers/STM32L4xx_HAL_Driver/Src/stm32l4xx_hal_rcc_ex.o
 .debug_aranges
                0x0000000000000b00      0x3e0 ./Drivers/STM32L4xx_HAL_Driver/Src/stm32l4xx_hal_tim.o
 .debug_aranges
                0x0000000000000ee0      0x180 ./Drivers/STM32L4xx_HAL_Driver/Src/stm32l4xx_hal_tim_ex.o
 .debug_aranges
                0x0000000000001060      0x228 ./Drivers/STM32L4xx_HAL_Driver/Src/stm32l4xx_hal_uart.o

.debug_ranges   0x0000000000000000     0x1148
 .debug_ranges  0x0000000000000000       0x48 ./Core/Src/L298_dc.o
 .debug_ranges  0x0000000000000048       0xa8 ./Core/Src/ST7920_SERIAL.o
 .debug_ranges  0x00000000000000f0       0x20 ./Core/Src/delay.o
 .debug_ranges  0x0000000000000110       0x48 ./Core/Src/encoder.o
 .debug_ranges  0x0000000000000158       0x10 ./Core/Src/gpio.o
 .debug_ranges  0x0000000000000168       0x20 ./Core/Src/lptim.o
 .debug_ranges  0x0000000000000188       0x30 ./Core/Src/main.o
 .debug_ranges  0x00000000000001b8       0x50 ./Core/Src/menu_LCD.o
 .debug_ranges  0x0000000000000208       0x48 ./Core/Src/stepper.o
 .debug_ranges  0x0000000000000250       0x10 ./Core/Src/stm32l4xx_hal_msp.o
 .debug_ranges  0x0000000000000260       0x78 ./Core/Src/stm32l4xx_it.o
 .debug_ranges  0x00000000000002d8       0x18 ./Core/Src/system_stm32l4xx.o
 .debug_ranges  0x00000000000002f0       0x58 ./Core/Src/tim.o
 .debug_ranges  0x0000000000000348       0x20 ./Core/Src/usart.o
 .debug_ranges  0x0000000000000368       0x20 ./Core/Startup/startup_stm32l452retx.o
 .debug_ranges  0x0000000000000388      0x120 ./Drivers/STM32L4xx_HAL_Driver/Src/stm32l4xx_hal.o
 .debug_ranges  0x00000000000004a8      0x108 ./Drivers/STM32L4xx_HAL_Driver/Src/stm32l4xx_hal_cortex.o
 .debug_ranges  0x00000000000005b0       0x48 ./Drivers/STM32L4xx_HAL_Driver/Src/stm32l4xx_hal_gpio.o
 .debug_ranges  0x00000000000005f8      0x158 ./Drivers/STM32L4xx_HAL_Driver/Src/stm32l4xx_hal_lptim.o
 .debug_ranges  0x0000000000000750      0x118 ./Drivers/STM32L4xx_HAL_Driver/Src/stm32l4xx_hal_pwr_ex.o
 .debug_ranges  0x0000000000000868       0x78 ./Drivers/STM32L4xx_HAL_Driver/Src/stm32l4xx_hal_rcc.o
 .debug_ranges  0x00000000000008e0       0xe0 ./Drivers/STM32L4xx_HAL_Driver/Src/stm32l4xx_hal_rcc_ex.o
 .debug_ranges  0x00000000000009c0      0x3d0 ./Drivers/STM32L4xx_HAL_Driver/Src/stm32l4xx_hal_tim.o
 .debug_ranges  0x0000000000000d90      0x170 ./Drivers/STM32L4xx_HAL_Driver/Src/stm32l4xx_hal_tim_ex.o
 .debug_ranges  0x0000000000000f00      0x248 ./Drivers/STM32L4xx_HAL_Driver/Src/stm32l4xx_hal_uart.o

.debug_macro    0x0000000000000000    0x24762
 .debug_macro   0x0000000000000000      0x202 ./Core/Src/L298_dc.o
 .debug_macro   0x0000000000000202      0xaa8 ./Core/Src/L298_dc.o
 .debug_macro   0x0000000000000caa      0x1b3 ./Core/Src/L298_dc.o
 .debug_macro   0x0000000000000e5d       0x2e ./Core/Src/L298_dc.o
 .debug_macro   0x0000000000000e8b       0x28 ./Core/Src/L298_dc.o
 .debug_macro   0x0000000000000eb3       0x22 ./Core/Src/L298_dc.o
 .debug_macro   0x0000000000000ed5       0x8e ./Core/Src/L298_dc.o
 .debug_macro   0x0000000000000f63       0x51 ./Core/Src/L298_dc.o
 .debug_macro   0x0000000000000fb4      0x103 ./Core/Src/L298_dc.o
 .debug_macro   0x00000000000010b7       0x6a ./Core/Src/L298_dc.o
 .debug_macro   0x0000000000001121      0x1df ./Core/Src/L298_dc.o
 .debug_macro   0x0000000000001300       0x1c ./Core/Src/L298_dc.o
 .debug_macro   0x000000000000131c       0x22 ./Core/Src/L298_dc.o
 .debug_macro   0x000000000000133e      0x101 ./Core/Src/L298_dc.o
 .debug_macro   0x000000000000143f     0x1011 ./Core/Src/L298_dc.o
 .debug_macro   0x0000000000002450      0x11f ./Core/Src/L298_dc.o
 .debug_macro   0x000000000000256f    0x1632f ./Core/Src/L298_dc.o
 .debug_macro   0x000000000001889e       0x43 ./Core/Src/L298_dc.o
 .debug_macro   0x00000000000188e1     0x3897 ./Core/Src/L298_dc.o
 .debug_macro   0x000000000001c178      0x174 ./Core/Src/L298_dc.o
 .debug_macro   0x000000000001c2ec       0x5c ./Core/Src/L298_dc.o
 .debug_macro   0x000000000001c348     0x13bb ./Core/Src/L298_dc.o
 .debug_macro   0x000000000001d703      0x63f ./Core/Src/L298_dc.o
 .debug_macro   0x000000000001dd42      0x13d ./Core/Src/L298_dc.o
 .debug_macro   0x000000000001de7f      0x168 ./Core/Src/L298_dc.o
 .debug_macro   0x000000000001dfe7      0x26b ./Core/Src/L298_dc.o
 .debug_macro   0x000000000001e252      0x23d ./Core/Src/L298_dc.o
 .debug_macro   0x000000000001e48f      0x241 ./Core/Src/L298_dc.o
 .debug_macro   0x000000000001e6d0      0x375 ./Core/Src/L298_dc.o
 .debug_macro   0x000000000001ea45       0xd6 ./Core/Src/L298_dc.o
 .debug_macro   0x000000000001eb1b      0x22c ./Core/Src/L298_dc.o
 .debug_macro   0x000000000001ed47       0x61 ./Core/Src/L298_dc.o
 .debug_macro   0x000000000001eda8       0xa5 ./Core/Src/L298_dc.o
 .debug_macro   0x000000000001ee4d      0x2b6 ./Core/Src/L298_dc.o
 .debug_macro   0x000000000001f103      0x122 ./Core/Src/L298_dc.o
 .debug_macro   0x000000000001f225      0x365 ./Core/Src/L298_dc.o
 .debug_macro   0x000000000001f58a      0xa75 ./Core/Src/L298_dc.o
 .debug_macro   0x000000000001ffff      0x151 ./Core/Src/L298_dc.o
 .debug_macro   0x0000000000020150      0x5ba ./Core/Src/L298_dc.o
 .debug_macro   0x000000000002070a       0x44 ./Core/Src/L298_dc.o
 .debug_macro   0x000000000002074e      0x2ec ./Core/Src/L298_dc.o
 .debug_macro   0x0000000000020a3a       0xd0 ./Core/Src/L298_dc.o
 .debug_macro   0x0000000000020b0a      0x31f ./Core/Src/ST7920_SERIAL.o
 .debug_macro   0x0000000000020e29       0x52 ./Core/Src/ST7920_SERIAL.o
 .debug_macro   0x0000000000020e7b       0x18 ./Core/Src/ST7920_SERIAL.o
 .debug_macro   0x0000000000020e93       0x3c ./Core/Src/ST7920_SERIAL.o
 .debug_macro   0x0000000000020ecf       0x34 ./Core/Src/ST7920_SERIAL.o
 .debug_macro   0x0000000000020f03       0x16 ./Core/Src/ST7920_SERIAL.o
 .debug_macro   0x0000000000020f19       0x43 ./Core/Src/ST7920_SERIAL.o
 .debug_macro   0x0000000000020f5c       0x34 ./Core/Src/ST7920_SERIAL.o
 .debug_macro   0x0000000000020f90       0x10 ./Core/Src/ST7920_SERIAL.o
 .debug_macro   0x0000000000020fa0       0x58 ./Core/Src/ST7920_SERIAL.o
 .debug_macro   0x0000000000020ff8       0x71 ./Core/Src/ST7920_SERIAL.o
 .debug_macro   0x0000000000021069       0x1c ./Core/Src/ST7920_SERIAL.o
 .debug_macro   0x0000000000021085      0x12a ./Core/Src/ST7920_SERIAL.o
 .debug_macro   0x00000000000211af      0x333 ./Core/Src/ST7920_SERIAL.o
 .debug_macro   0x00000000000214e2       0x10 ./Core/Src/ST7920_SERIAL.o
 .debug_macro   0x00000000000214f2       0x35 ./Core/Src/ST7920_SERIAL.o
 .debug_macro   0x0000000000021527       0x20 ./Core/Src/ST7920_SERIAL.o
 .debug_macro   0x0000000000021547      0x210 ./Core/Src/delay.o
 .debug_macro   0x0000000000021757      0x230 ./Core/Src/encoder.o
 .debug_macro   0x0000000000021987       0x10 ./Core/Src/encoder.o
 .debug_macro   0x0000000000021997       0x34 ./Core/Src/encoder.o
 .debug_macro   0x00000000000219cb      0x1fc ./Core/Src/gpio.o
 .debug_macro   0x0000000000021bc7      0x1fc ./Core/Src/lptim.o
 .debug_macro   0x0000000000021dc3      0x3cb ./Core/Src/main.o
 .debug_macro   0x000000000002218e       0x16 ./Core/Src/main.o
 .debug_macro   0x00000000000221a4       0x10 ./Core/Src/main.o
 .debug_macro   0x00000000000221b4       0x10 ./Core/Src/main.o
 .debug_macro   0x00000000000221c4       0x1c ./Core/Src/main.o
 .debug_macro   0x00000000000221e0       0x52 ./Core/Src/main.o
 .debug_macro   0x0000000000022232       0x22 ./Core/Src/main.o
 .debug_macro   0x0000000000022254       0x10 ./Core/Src/main.o
 .debug_macro   0x0000000000022264       0x40 ./Core/Src/main.o
 .debug_macro   0x00000000000222a4       0xd5 ./Core/Src/main.o
 .debug_macro   0x0000000000022379       0x1c ./Core/Src/main.o
 .debug_macro   0x0000000000022395       0x3d ./Core/Src/main.o
 .debug_macro   0x00000000000223d2       0x16 ./Core/Src/main.o
 .debug_macro   0x00000000000223e8      0x145 ./Core/Src/main.o
 .debug_macro   0x000000000002252d      0x228 ./Core/Src/menu_LCD.o
 .debug_macro   0x0000000000022755      0x1fb ./Core/Src/stepper.o
 .debug_macro   0x0000000000022950      0x1f2 ./Core/Src/stm32l4xx_hal_msp.o
 .debug_macro   0x0000000000022b42      0x1fc ./Core/Src/stm32l4xx_it.o
 .debug_macro   0x0000000000022d3e      0x1e3 ./Core/Src/system_stm32l4xx.o
 .debug_macro   0x0000000000022f21      0x1fc ./Core/Src/tim.o
 .debug_macro   0x000000000002311d      0x1fc ./Core/Src/usart.o
 .debug_macro   0x0000000000023319      0x231 ./Drivers/STM32L4xx_HAL_Driver/Src/stm32l4xx_hal.o
 .debug_macro   0x000000000002354a      0x1e3 ./Drivers/STM32L4xx_HAL_Driver/Src/stm32l4xx_hal_cortex.o
 .debug_macro   0x000000000002372d      0x222 ./Drivers/STM32L4xx_HAL_Driver/Src/stm32l4xx_hal_gpio.o
 .debug_macro   0x000000000002394f      0x1f9 ./Drivers/STM32L4xx_HAL_Driver/Src/stm32l4xx_hal_lptim.o
 .debug_macro   0x0000000000023b48      0x207 ./Drivers/STM32L4xx_HAL_Driver/Src/stm32l4xx_hal_pwr_ex.o
 .debug_macro   0x0000000000023d4f      0x225 ./Drivers/STM32L4xx_HAL_Driver/Src/stm32l4xx_hal_rcc.o
 .debug_macro   0x0000000000023f74      0x219 ./Drivers/STM32L4xx_HAL_Driver/Src/stm32l4xx_hal_rcc_ex.o
 .debug_macro   0x000000000002418d      0x1e4 ./Drivers/STM32L4xx_HAL_Driver/Src/stm32l4xx_hal_tim.o
 .debug_macro   0x0000000000024371      0x1e3 ./Drivers/STM32L4xx_HAL_Driver/Src/stm32l4xx_hal_tim_ex.o
 .debug_macro   0x0000000000024554      0x20e ./Drivers/STM32L4xx_HAL_Driver/Src/stm32l4xx_hal_uart.o

.debug_line     0x0000000000000000    0x1538c
 .debug_line    0x0000000000000000      0x8c4 ./Core/Src/L298_dc.o
 .debug_line    0x00000000000008c4      0xeaf ./Core/Src/ST7920_SERIAL.o
 .debug_line    0x0000000000001773      0x75e ./Core/Src/delay.o
 .debug_line    0x0000000000001ed1      0x8bb ./Core/Src/encoder.o
 .debug_line    0x000000000000278c      0x743 ./Core/Src/gpio.o
 .debug_line    0x0000000000002ecf      0x795 ./Core/Src/lptim.o
 .debug_line    0x0000000000003664      0xa42 ./Core/Src/main.o
 .debug_line    0x00000000000040a6      0x998 ./Core/Src/menu_LCD.o
 .debug_line    0x0000000000004a3e      0x8a6 ./Core/Src/stepper.o
 .debug_line    0x00000000000052e4      0x712 ./Core/Src/stm32l4xx_hal_msp.o
 .debug_line    0x00000000000059f6      0x84d ./Core/Src/stm32l4xx_it.o
 .debug_line    0x0000000000006243      0x7c2 ./Core/Src/system_stm32l4xx.o
 .debug_line    0x0000000000006a05      0xa4f ./Core/Src/tim.o
 .debug_line    0x0000000000007454      0x793 ./Core/Src/usart.o
 .debug_line    0x0000000000007be7       0x87 ./Core/Startup/startup_stm32l452retx.o
 .debug_line    0x0000000000007c6e      0xb02 ./Drivers/STM32L4xx_HAL_Driver/Src/stm32l4xx_hal.o
 .debug_line    0x0000000000008770      0xca8 ./Drivers/STM32L4xx_HAL_Driver/Src/stm32l4xx_hal_cortex.o
 .debug_line    0x0000000000009418      0xb25 ./Drivers/STM32L4xx_HAL_Driver/Src/stm32l4xx_hal_gpio.o
 .debug_line    0x0000000000009f3d     0x118f ./Drivers/STM32L4xx_HAL_Driver/Src/stm32l4xx_hal_lptim.o
 .debug_line    0x000000000000b0cc      0xc08 ./Drivers/STM32L4xx_HAL_Driver/Src/stm32l4xx_hal_pwr_ex.o
 .debug_line    0x000000000000bcd4      0xf87 ./Drivers/STM32L4xx_HAL_Driver/Src/stm32l4xx_hal_rcc.o
 .debug_line    0x000000000000cc5b     0x13f2 ./Drivers/STM32L4xx_HAL_Driver/Src/stm32l4xx_hal_rcc_ex.o
 .debug_line    0x000000000000e04d     0x3aaa ./Drivers/STM32L4xx_HAL_Driver/Src/stm32l4xx_hal_tim.o
 .debug_line    0x0000000000011af7     0x1b27 ./Drivers/STM32L4xx_HAL_Driver/Src/stm32l4xx_hal_tim_ex.o
 .debug_line    0x000000000001361e     0x1d6e ./Drivers/STM32L4xx_HAL_Driver/Src/stm32l4xx_hal_uart.o

.debug_str      0x0000000000000000    0xdc701
 .debug_str     0x0000000000000000    0xd333d ./Core/Src/L298_dc.o
                                      0xd371e (size before relaxing)
 .debug_str     0x00000000000d333d     0x344d ./Core/Src/ST7920_SERIAL.o
                                      0xd68ac (size before relaxing)
 .debug_str     0x00000000000d678a       0x37 ./Core/Src/delay.o
                                      0xd33f5 (size before relaxing)
 .debug_str     0x00000000000d67c1      0x43e ./Core/Src/encoder.o
                                      0xd3b14 (size before relaxing)
 .debug_str     0x00000000000d6bff      0x1ae ./Core/Src/gpio.o
                                      0xd30c4 (size before relaxing)
 .debug_str     0x00000000000d6dad      0x607 ./Core/Src/lptim.o
                                      0xd3922 (size before relaxing)
 .debug_str     0x00000000000d73b4     0x131e ./Core/Src/main.o
                                      0xd7ed3 (size before relaxing)
 .debug_str     0x00000000000d86d2       0xaf ./Core/Src/menu_LCD.o
                                      0xd35ef (size before relaxing)
 .debug_str     0x00000000000d8781       0xfc ./Core/Src/stepper.o
                                      0xd36a1 (size before relaxing)
 .debug_str     0x00000000000d887d       0x2c ./Core/Src/stm32l4xx_hal_msp.o
                                      0xd3027 (size before relaxing)
 .debug_str     0x00000000000d88a9      0x125 ./Core/Src/stm32l4xx_it.o
                                      0xd367f (size before relaxing)
 .debug_str     0x00000000000d89ce       0xb8 ./Core/Src/system_stm32l4xx.o
                                      0xd2d93 (size before relaxing)
 .debug_str     0x00000000000d8a86      0x38f ./Core/Src/tim.o
                                      0xd3d9f (size before relaxing)
 .debug_str     0x00000000000d8e15       0x57 ./Core/Src/usart.o
                                      0xd36bb (size before relaxing)
 .debug_str     0x00000000000d8e6c       0x36 ./Core/Startup/startup_stm32l452retx.o
                                         0x72 (size before relaxing)
 .debug_str     0x00000000000d8ea2      0x5f5 ./Drivers/STM32L4xx_HAL_Driver/Src/stm32l4xx_hal.o
                                      0xd383f (size before relaxing)
 .debug_str     0x00000000000d9497      0x389 ./Drivers/STM32L4xx_HAL_Driver/Src/stm32l4xx_hal_cortex.o
                                      0xd3559 (size before relaxing)
 .debug_str     0x00000000000d9820      0x22d ./Drivers/STM32L4xx_HAL_Driver/Src/stm32l4xx_hal_gpio.o
                                      0xd3028 (size before relaxing)
 .debug_str     0x00000000000d9a4d      0x583 ./Drivers/STM32L4xx_HAL_Driver/Src/stm32l4xx_hal_lptim.o
                                      0xd351a (size before relaxing)
 .debug_str     0x00000000000d9fd0      0x45a ./Drivers/STM32L4xx_HAL_Driver/Src/stm32l4xx_hal_pwr_ex.o
                                      0xd324a (size before relaxing)
 .debug_str     0x00000000000da42a      0x34e ./Drivers/STM32L4xx_HAL_Driver/Src/stm32l4xx_hal_rcc.o
                                      0xd332a (size before relaxing)
 .debug_str     0x00000000000da778      0x527 ./Drivers/STM32L4xx_HAL_Driver/Src/stm32l4xx_hal_rcc_ex.o
                                      0xd3606 (size before relaxing)
 .debug_str     0x00000000000dac9f      0xc79 ./Drivers/STM32L4xx_HAL_Driver/Src/stm32l4xx_hal_tim.o
                                      0xd4025 (size before relaxing)
 .debug_str     0x00000000000db918      0x540 ./Drivers/STM32L4xx_HAL_Driver/Src/stm32l4xx_hal_tim_ex.o
                                      0xd38f7 (size before relaxing)
 .debug_str     0x00000000000dbe58      0x8a9 ./Drivers/STM32L4xx_HAL_Driver/Src/stm32l4xx_hal_uart.o
                                      0xd39f2 (size before relaxing)

.comment        0x0000000000000000       0x53
 .comment       0x0000000000000000       0x53 ./Core/Src/L298_dc.o
                                         0x54 (size before relaxing)
 .comment       0x0000000000000053       0x54 ./Core/Src/ST7920_SERIAL.o
 .comment       0x0000000000000053       0x54 ./Core/Src/delay.o
 .comment       0x0000000000000053       0x54 ./Core/Src/encoder.o
 .comment       0x0000000000000053       0x54 ./Core/Src/gpio.o
 .comment       0x0000000000000053       0x54 ./Core/Src/lptim.o
 .comment       0x0000000000000053       0x54 ./Core/Src/main.o
 .comment       0x0000000000000053       0x54 ./Core/Src/menu_LCD.o
 .comment       0x0000000000000053       0x54 ./Core/Src/stepper.o
 .comment       0x0000000000000053       0x54 ./Core/Src/stm32l4xx_hal_msp.o
 .comment       0x0000000000000053       0x54 ./Core/Src/stm32l4xx_it.o
 .comment       0x0000000000000053       0x54 ./Core/Src/system_stm32l4xx.o
 .comment       0x0000000000000053       0x54 ./Core/Src/tim.o
 .comment       0x0000000000000053       0x54 ./Core/Src/usart.o
 .comment       0x0000000000000053       0x54 ./Drivers/STM32L4xx_HAL_Driver/Src/stm32l4xx_hal.o
 .comment       0x0000000000000053       0x54 ./Drivers/STM32L4xx_HAL_Driver/Src/stm32l4xx_hal_cortex.o
 .comment       0x0000000000000053       0x54 ./Drivers/STM32L4xx_HAL_Driver/Src/stm32l4xx_hal_gpio.o
 .comment       0x0000000000000053       0x54 ./Drivers/STM32L4xx_HAL_Driver/Src/stm32l4xx_hal_lptim.o
 .comment       0x0000000000000053       0x54 ./Drivers/STM32L4xx_HAL_Driver/Src/stm32l4xx_hal_pwr_ex.o
 .comment       0x0000000000000053       0x54 ./Drivers/STM32L4xx_HAL_Driver/Src/stm32l4xx_hal_rcc.o
 .comment       0x0000000000000053       0x54 ./Drivers/STM32L4xx_HAL_Driver/Src/stm32l4xx_hal_rcc_ex.o
 .comment       0x0000000000000053       0x54 ./Drivers/STM32L4xx_HAL_Driver/Src/stm32l4xx_hal_tim.o
 .comment       0x0000000000000053       0x54 ./Drivers/STM32L4xx_HAL_Driver/Src/stm32l4xx_hal_tim_ex.o
 .comment       0x0000000000000053       0x54 ./Drivers/STM32L4xx_HAL_Driver/Src/stm32l4xx_hal_uart.o

.debug_frame    0x0000000000000000     0x4cc8
 .debug_frame   0x0000000000000000      0x138 ./Core/Src/L298_dc.o
 .debug_frame   0x0000000000000138      0x280 ./Core/Src/ST7920_SERIAL.o
 .debug_frame   0x00000000000003b8       0x78 ./Core/Src/delay.o
 .debug_frame   0x0000000000000430      0x120 ./Core/Src/encoder.o
 .debug_frame   0x0000000000000550       0x34 ./Core/Src/gpio.o
 .debug_frame   0x0000000000000584       0x78 ./Core/Src/lptim.o
 .debug_frame   0x00000000000005fc       0xb4 ./Core/Src/main.o
 .debug_frame   0x00000000000006b0      0x13c ./Core/Src/menu_LCD.o
 .debug_frame   0x00000000000007ec      0x13c ./Core/Src/stepper.o
 .debug_frame   0x0000000000000928       0x38 ./Core/Src/stm32l4xx_hal_msp.o
 .debug_frame   0x0000000000000960      0x190 ./Core/Src/stm32l4xx_it.o
 .debug_frame   0x0000000000000af0       0x58 ./Core/Src/system_stm32l4xx.o
 .debug_frame   0x0000000000000b48      0x178 ./Core/Src/tim.o
 .debug_frame   0x0000000000000cc0       0x78 ./Core/Src/usart.o
 .debug_frame   0x0000000000000d38      0x498 ./Drivers/STM32L4xx_HAL_Driver/Src/stm32l4xx_hal.o
 .debug_frame   0x00000000000011d0      0x498 ./Drivers/STM32L4xx_HAL_Driver/Src/stm32l4xx_hal_cortex.o
 .debug_frame   0x0000000000001668      0x14c ./Drivers/STM32L4xx_HAL_Driver/Src/stm32l4xx_hal_gpio.o
 .debug_frame   0x00000000000017b4      0x630 ./Drivers/STM32L4xx_HAL_Driver/Src/stm32l4xx_hal_lptim.o
 .debug_frame   0x0000000000001de4      0x4a4 ./Drivers/STM32L4xx_HAL_Driver/Src/stm32l4xx_hal_pwr_ex.o
 .debug_frame   0x0000000000002288      0x1f4 ./Drivers/STM32L4xx_HAL_Driver/Src/stm32l4xx_hal_rcc.o
 .debug_frame   0x000000000000247c      0x3d0 ./Drivers/STM32L4xx_HAL_Driver/Src/stm32l4xx_hal_rcc_ex.o
 .debug_frame   0x000000000000284c     0x121c ./Drivers/STM32L4xx_HAL_Driver/Src/stm32l4xx_hal_tim.o
 .debug_frame   0x0000000000003a68      0x6b0 ./Drivers/STM32L4xx_HAL_Driver/Src/stm32l4xx_hal_tim_ex.o
 .debug_frame   0x0000000000004118      0x9e4 ./Drivers/STM32L4xx_HAL_Driver/Src/stm32l4xx_hal_uart.o
 .debug_frame   0x0000000000004afc       0x2c c:/st/stm32cubeide_1.7.0/stm32cubeide/plugins/com.st.stm32cube.ide.mcu.externaltools.gnu-tools-for-stm32.9-2020-q2-update.win32_2.0.0.202105311346/tools/bin/../lib/gcc/arm-none-eabi/9.3.1/../../../../arm-none-eabi/lib/thumb/v7e-m+fp/hard\libc_nano.a(lib_a-init.o)
 .debug_frame   0x0000000000004b28       0x20 c:/st/stm32cubeide_1.7.0/stm32cubeide/plugins/com.st.stm32cube.ide.mcu.externaltools.gnu-tools-for-stm32.9-2020-q2-update.win32_2.0.0.202105311346/tools/bin/../lib/gcc/arm-none-eabi/9.3.1/../../../../arm-none-eabi/lib/thumb/v7e-m+fp/hard\libc_nano.a(lib_a-memset.o)
 .debug_frame   0x0000000000004b48       0xac c:/st/stm32cubeide_1.7.0/stm32cubeide/plugins/com.st.stm32cube.ide.mcu.externaltools.gnu-tools-for-stm32.9-2020-q2-update.win32_2.0.0.202105311346/tools/bin/../lib/gcc/arm-none-eabi/9.3.1/thumb/v7e-m+fp/hard\libgcc.a(_arm_addsubdf3.o)
 .debug_frame   0x0000000000004bf4       0x50 c:/st/stm32cubeide_1.7.0/stm32cubeide/plugins/com.st.stm32cube.ide.mcu.externaltools.gnu-tools-for-stm32.9-2020-q2-update.win32_2.0.0.202105311346/tools/bin/../lib/gcc/arm-none-eabi/9.3.1/thumb/v7e-m+fp/hard\libgcc.a(_arm_muldivdf3.o)
 .debug_frame   0x0000000000004c44       0x24 c:/st/stm32cubeide_1.7.0/stm32cubeide/plugins/com.st.stm32cube.ide.mcu.externaltools.gnu-tools-for-stm32.9-2020-q2-update.win32_2.0.0.202105311346/tools/bin/../lib/gcc/arm-none-eabi/9.3.1/thumb/v7e-m+fp/hard\libgcc.a(_arm_fixunsdfsi.o)
 .debug_frame   0x0000000000004c68       0x2c c:/st/stm32cubeide_1.7.0/stm32cubeide/plugins/com.st.stm32cube.ide.mcu.externaltools.gnu-tools-for-stm32.9-2020-q2-update.win32_2.0.0.202105311346/tools/bin/../lib/gcc/arm-none-eabi/9.3.1/thumb/v7e-m+fp/hard\libgcc.a(_aeabi_uldivmod.o)
 .debug_frame   0x0000000000004c94       0x34 c:/st/stm32cubeide_1.7.0/stm32cubeide/plugins/com.st.stm32cube.ide.mcu.externaltools.gnu-tools-for-stm32.9-2020-q2-update.win32_2.0.0.202105311346/tools/bin/../lib/gcc/arm-none-eabi/9.3.1/thumb/v7e-m+fp/hard\libgcc.a(_udivmoddi4.o)
